Initialized native services in: /home/jules/.gradle/native
Initialized jansi services in: /home/jules/.gradle/native
Received JVM installation metadata from '/usr/lib/jvm/java-21-openjdk-amd64': {JAVA_HOME=/usr/lib/jvm/java-21-openjdk-amd64, JAVA_VERSION=21.0.9, JAVA_VENDOR=Ubuntu, RUNTIME_NAME=OpenJDK Runtime Environment, RUNTIME_VERSION=21.0.9+10-Ubuntu-124.04, VM_NAME=OpenJDK 64-Bit Server VM, VM_VERSION=21.0.9+10-Ubuntu-124.04, VM_VENDOR=Ubuntu, OS_ARCH=amd64}
The client will now receive all logging from the daemon (pid: 2138). The daemon log file: /home/jules/.gradle/daemon/8.10.2/daemon-2138.out.log
Starting 7th build in daemon [uptime: 5 mins 33.091 secs, performance: 99%, GC rate: 0.00/s, heap usage: 0% of 2 GiB]
Using 4 worker leases.
Not watching /app since the file system is not supported
Watching the file system is configured to be enabled if available
File system watching is active
Starting Build
Settings evaluated using settings file '/app/settings.gradle'.
Projects loaded. Root project using build file '/app/build.gradle'.
Included projects: [root project 'app', project ':app', project ':common']

> Configure project :
Evaluating root project 'app' using build file '/app/build.gradle'.
Transforming gradle-8.2.1.jar (com.android.tools.build:gradle:8.2.1) with InstrumentationAnalysisTransform
Transforming kotlin-gradle-plugin-model-1.9.22.jar (org.jetbrains.kotlin:kotlin-gradle-plugin-model:1.9.22) with InstrumentationAnalysisTransform
Transforming kotlin-gradle-plugin-api-1.9.22.jar (org.jetbrains.kotlin:kotlin-gradle-plugin-api:1.9.22) with InstrumentationAnalysisTransform
Transforming kotlin-gradle-plugin-1.9.22-gradle82.jar (org.jetbrains.kotlin:kotlin-gradle-plugin:1.9.22) with InstrumentationAnalysisTransform
Transforming gradle-settings-api-8.2.1.jar (com.android.tools.build:gradle-settings-api:8.2.1) with InstrumentationAnalysisTransform
Transforming lint-model-31.2.1.jar (com.android.tools.lint:lint-model:31.2.1) with InstrumentationAnalysisTransform
Transforming builder-8.2.1.jar (com.android.tools.build:builder:8.2.1) with InstrumentationAnalysisTransform
Transforming manifest-merger-31.2.1.jar (com.android.tools.build:manifest-merger:31.2.1) with InstrumentationAnalysisTransform
Transforming sdk-common-31.2.1.jar (com.android.tools:sdk-common:31.2.1) with InstrumentationAnalysisTransform
Transforming sdklib-31.2.1.jar (com.android.tools:sdklib:31.2.1) with InstrumentationAnalysisTransform
Transforming repository-31.2.1.jar (com.android.tools:repository:31.2.1) with InstrumentationAnalysisTransform
Transforming gradle-api-8.2.1.jar (com.android.tools.build:gradle-api:8.2.1) with InstrumentationAnalysisTransform
Transforming builder-test-api-8.2.1.jar (com.android.tools.build:builder-test-api:8.2.1) with InstrumentationAnalysisTransform
Transforming ddmlib-31.2.1.jar (com.android.tools.ddms:ddmlib:31.2.1) with InstrumentationAnalysisTransform
Transforming aaptcompiler-8.2.1.jar (com.android.tools.build:aaptcompiler:8.2.1) with InstrumentationAnalysisTransform
Transforming bundletool-1.15.2.jar (com.android.tools.build:bundletool:1.15.2) with InstrumentationAnalysisTransform
Transforming aapt2-proto-8.2.1-10154469.jar (com.android.tools.build:aapt2-proto:8.2.1-10154469) with InstrumentationAnalysisTransform
Transforming crash-31.2.1.jar (com.android.tools.analytics-library:crash:31.2.1) with InstrumentationAnalysisTransform
Transforming tracker-31.2.1.jar (com.android.tools.analytics-library:tracker:31.2.1) with InstrumentationAnalysisTransform
Transforming shared-31.2.1.jar (com.android.tools.analytics-library:shared:31.2.1) with InstrumentationAnalysisTransform
Transforming lint-typedef-remover-31.2.1.jar (com.android.tools.lint:lint-typedef-remover:31.2.1) with InstrumentationAnalysisTransform
Transforming databinding-compiler-common-8.2.1.jar (androidx.databinding:databinding-compiler-common:8.2.1) with InstrumentationAnalysisTransform
Transforming databinding-common-8.2.1.jar (androidx.databinding:databinding-common:8.2.1) with InstrumentationAnalysisTransform
Transforming baseLibrary-8.2.1.jar (com.android.databinding:baseLibrary:8.2.1) with InstrumentationAnalysisTransform
Transforming layoutlib-api-31.2.1.jar (com.android.tools.layoutlib:layoutlib-api:31.2.1) with InstrumentationAnalysisTransform
Transforming android-device-provider-ddmlib-proto-31.2.1.jar (com.android.tools.utp:android-device-provider-ddmlib-proto:31.2.1) with InstrumentationAnalysisTransform
Transforming android-device-provider-gradle-proto-31.2.1.jar (com.android.tools.utp:android-device-provider-gradle-proto:31.2.1) with InstrumentationAnalysisTransform
Transforming android-test-plugin-host-additional-test-output-proto-31.2.1.jar (com.android.tools.utp:android-test-plugin-host-additional-test-output-proto:31.2.1) with InstrumentationAnalysisTransform
Transforming android-test-plugin-host-coverage-proto-31.2.1.jar (com.android.tools.utp:android-test-plugin-host-coverage-proto:31.2.1) with InstrumentationAnalysisTransform
Transforming android-test-plugin-host-emulator-control-proto-31.2.1.jar (com.android.tools.utp:android-test-plugin-host-emulator-control-proto:31.2.1) with InstrumentationAnalysisTransform
Transforming android-test-plugin-host-logcat-proto-31.2.1.jar (com.android.tools.utp:android-test-plugin-host-logcat-proto:31.2.1) with InstrumentationAnalysisTransform
Transforming android-test-plugin-host-apk-installer-proto-31.2.1.jar (com.android.tools.utp:android-test-plugin-host-apk-installer-proto:31.2.1) with InstrumentationAnalysisTransform
Transforming android-test-plugin-host-retention-proto-31.2.1.jar (com.android.tools.utp:android-test-plugin-host-retention-proto:31.2.1) with InstrumentationAnalysisTransform
Transforming android-test-plugin-result-listener-gradle-proto-31.2.1.jar (com.android.tools.utp:android-test-plugin-result-listener-gradle-proto:31.2.1) with InstrumentationAnalysisTransform
Transforming builder-model-8.2.1.jar (com.android.tools.build:builder-model:8.2.1) with InstrumentationAnalysisTransform
Transforming dvlib-31.2.1.jar (com.android.tools:dvlib:31.2.1) with InstrumentationAnalysisTransform
Transforming common-31.2.1.jar (com.android.tools:common:31.2.1) with InstrumentationAnalysisTransform
Transforming kotlin-stdlib-jdk8-1.9.0.jar (org.jetbrains.kotlin:kotlin-stdlib-jdk8:1.9.0) with InstrumentationAnalysisTransform
Transforming transform-api-2.0.0-deprecated-use-gradle-api.jar (com.android.tools.build:transform-api:2.0.0-deprecated-use-gradle-api) with InstrumentationAnalysisTransform
Transforming httpmime-4.5.6.jar (org.apache.httpcomponents:httpmime:4.5.6) with InstrumentationAnalysisTransform
Transforming commons-io-2.4.jar (commons-io:commons-io:2.4) with InstrumentationAnalysisTransform
Transforming jetifier-processor-1.0.0-beta10.jar (com.android.tools.build.jetifier:jetifier-processor:1.0.0-beta10) with InstrumentationAnalysisTransform
Transforming asm-commons-9.2.jar (org.ow2.asm:asm-commons:9.2) with InstrumentationAnalysisTransform
Transforming asm-util-9.2.jar (org.ow2.asm:asm-util:9.2) with InstrumentationAnalysisTransform
Transforming asm-analysis-9.2.jar (org.ow2.asm:asm-analysis:9.2) with InstrumentationAnalysisTransform
Transforming asm-tree-9.2.jar (org.ow2.asm:asm-tree:9.2) with InstrumentationAnalysisTransform
Transforming asm-9.2.jar (org.ow2.asm:asm:9.2) with InstrumentationAnalysisTransform
Transforming apkzlib-8.2.1.jar (com.android.tools.build:apkzlib:8.2.1) with InstrumentationAnalysisTransform
Transforming bcpkix-jdk15on-1.67.jar (org.bouncycastle:bcpkix-jdk15on:1.67) with InstrumentationAnalysisTransform
Transforming jaxb-runtime-2.3.2.jar (org.glassfish.jaxb:jaxb-runtime:2.3.2) with InstrumentationAnalysisTransform
Transforming jopt-simple-4.9.jar (net.sf.jopt-simple:jopt-simple:4.9) with InstrumentationAnalysisTransform
Transforming jetifier-core-1.0.0-beta10.jar (com.android.tools.build.jetifier:jetifier-core:1.0.0-beta10) with InstrumentationAnalysisTransform
Transforming javapoet-1.10.0.jar (com.squareup:javapoet:1.10.0) with InstrumentationAnalysisTransform
Transforming protobuf-java-util-3.19.3.jar (com.google.protobuf:protobuf-java-util:3.19.3) with InstrumentationAnalysisTransform
Transforming grpc-protobuf-1.45.1.jar (io.grpc:grpc-protobuf:1.45.1) with InstrumentationAnalysisTransform
Transforming tink-1.7.0.jar (com.google.crypto.tink:tink:1.7.0) with InstrumentationAnalysisTransform
Transforming protos-31.2.1.jar (com.android.tools.analytics-library:protos:31.2.1) with InstrumentationAnalysisTransform
Transforming proto-google-common-protos-2.0.1.jar (com.google.api.grpc:proto-google-common-protos:2.0.1) with InstrumentationAnalysisTransform
Transforming protobuf-java-3.19.3.jar (com.google.protobuf:protobuf-java:3.19.3) with InstrumentationAnalysisTransform
Transforming grpc-netty-1.45.1.jar (io.grpc:grpc-netty:1.45.1) with InstrumentationAnalysisTransform
Transforming grpc-core-1.45.1.jar (io.grpc:grpc-core:1.45.1) with InstrumentationAnalysisTransform
Transforming gson-2.10.jar (com.google.code.gson:gson:2.10) with InstrumentationAnalysisTransform
Transforming grpc-stub-1.45.1.jar (io.grpc:grpc-stub:1.45.1) with InstrumentationAnalysisTransform
Transforming core-proto-0.0.8-alpha08.jar (com.google.testing.platform:core-proto:0.0.8-alpha08) with InstrumentationAnalysisTransform
Transforming tensorflow-lite-metadata-0.1.0-rc2.jar (org.tensorflow:tensorflow-lite-metadata:0.1.0-rc2) with InstrumentationAnalysisTransform
Transforming flatbuffers-java-1.12.0.jar (com.google.flatbuffers:flatbuffers-java:1.12.0) with InstrumentationAnalysisTransform
Transforming kotlin-gradle-plugin-idea-proto-1.9.22.jar (org.jetbrains.kotlin:kotlin-gradle-plugin-idea-proto:1.9.22) with InstrumentationAnalysisTransform
Transforming kotlin-gradle-plugin-idea-1.9.22.jar (org.jetbrains.kotlin:kotlin-gradle-plugin-idea:1.9.22) with InstrumentationAnalysisTransform
Transforming kotlin-klib-commonizer-api-1.9.22.jar (org.jetbrains.kotlin:kotlin-klib-commonizer-api:1.9.22) with InstrumentationAnalysisTransform
Transforming kotlin-native-utils-1.9.22.jar (org.jetbrains.kotlin:kotlin-native-utils:1.9.22) with InstrumentationAnalysisTransform
Transforming kotlin-util-klib-1.9.22.jar (org.jetbrains.kotlin:kotlin-util-klib:1.9.22) with InstrumentationAnalysisTransform
Transforming kotlin-build-tools-api-1.9.22.jar (org.jetbrains.kotlin:kotlin-build-tools-api:1.9.22) with InstrumentationAnalysisTransform
Transforming kotlin-android-extensions-1.9.22.jar (org.jetbrains.kotlin:kotlin-android-extensions:1.9.22) with InstrumentationAnalysisTransform
Transforming kotlin-compiler-runner-1.9.22.jar (org.jetbrains.kotlin:kotlin-compiler-runner:1.9.22) with InstrumentationAnalysisTransform
Transforming kotlin-compiler-embeddable-1.9.22.jar (org.jetbrains.kotlin:kotlin-compiler-embeddable:1.9.22) with InstrumentationAnalysisTransform
Transforming kotlin-scripting-compiler-embeddable-1.9.22.jar (org.jetbrains.kotlin:kotlin-scripting-compiler-embeddable:1.9.22) with InstrumentationAnalysisTransform
Transforming kotlin-scripting-compiler-impl-embeddable-1.9.22.jar (org.jetbrains.kotlin:kotlin-scripting-compiler-impl-embeddable:1.9.22) with InstrumentationAnalysisTransform
Transforming jimfs-1.1.jar (com.google.jimfs:jimfs:1.1) with InstrumentationAnalysisTransform
Transforming grpc-protobuf-lite-1.45.1.jar (io.grpc:grpc-protobuf-lite:1.45.1) with InstrumentationAnalysisTransform
Transforming grpc-api-1.45.1.jar (io.grpc:grpc-api:1.45.1) with InstrumentationAnalysisTransform
Transforming guava-31.1-jre.jar (com.google.guava:guava:31.1-jre) with InstrumentationAnalysisTransform
Transforming dagger-2.28.3.jar (com.google.dagger:dagger:2.28.3) with InstrumentationAnalysisTransform
Transforming javax.inject-1.jar (javax.inject:javax.inject:1) with InstrumentationAnalysisTransform
Transforming kxml2-2.3.0.jar (net.sf.kxml:kxml2:2.3.0) with InstrumentationAnalysisTransform
Transforming bcprov-jdk15on-1.67.jar (org.bouncycastle:bcprov-jdk15on:1.67) with InstrumentationAnalysisTransform
Transforming trove4j-1.0.20200330.jar (org.jetbrains.intellij.deps:trove4j:1.0.20200330) with InstrumentationAnalysisTransform
Transforming kotlin-reflect-1.9.0.jar (org.jetbrains.kotlin:kotlin-reflect:1.9.0) with InstrumentationAnalysisTransform
Transforming xercesImpl-2.12.0.jar (xerces:xercesImpl:2.12.0) with InstrumentationAnalysisTransform
Transforming commons-compress-1.21.jar (org.apache.commons:commons-compress:1.21) with InstrumentationAnalysisTransform
Transforming httpclient-4.5.14.jar (org.apache.httpcomponents:httpclient:4.5.14) with InstrumentationAnalysisTransform
Transforming httpcore-4.4.16.jar (org.apache.httpcomponents:httpcore:4.4.16) with InstrumentationAnalysisTransform
Transforming javax.activation-1.2.0.jar (com.sun.activation:javax.activation:1.2.0) with InstrumentationAnalysisTransform
Transforming kotlin-stdlib-jdk7-1.9.0.jar (org.jetbrains.kotlin:kotlin-stdlib-jdk7:1.9.0) with InstrumentationAnalysisTransform
Transforming kotlin-stdlib-1.9.0.jar (org.jetbrains.kotlin:kotlin-stdlib:1.9.0) with InstrumentationAnalysisTransform
Transforming annotations-13.0.jar (org.jetbrains:annotations:13.0) with InstrumentationAnalysisTransform
Transforming signflinger-8.2.1.jar (com.android:signflinger:8.2.1) with InstrumentationAnalysisTransform
Transforming zipflinger-8.2.1.jar (com.android:zipflinger:8.2.1) with InstrumentationAnalysisTransform
Transforming annotations-31.2.1.jar (com.android.tools:annotations:31.2.1) with InstrumentationAnalysisTransform
Transforming jna-platform-5.6.0.jar (net.java.dev.jna:jna-platform:5.6.0) with InstrumentationAnalysisTransform
Transforming juniversalchardet-1.0.3.jar (com.googlecode.juniversalchardet:juniversalchardet:1.0.3) with InstrumentationAnalysisTransform
Transforming javax.annotation-api-1.3.2.jar (javax.annotation:javax.annotation-api:1.3.2) with InstrumentationAnalysisTransform
Transforming stax-ex-1.8.1.jar (org.jvnet.staxex:stax-ex:1.8.1) with InstrumentationAnalysisTransform
Transforming jakarta.xml.bind-api-2.3.2.jar (jakarta.xml.bind:jakarta.xml.bind-api:2.3.2) with InstrumentationAnalysisTransform
Transforming txw2-2.3.2.jar (org.glassfish.jaxb:txw2:2.3.2) with InstrumentationAnalysisTransform
Transforming istack-commons-runtime-3.0.8.jar (com.sun.istack:istack-commons-runtime:3.0.8) with InstrumentationAnalysisTransform
Transforming FastInfoset-1.2.16.jar (com.sun.xml.fastinfoset:FastInfoset:1.2.16) with InstrumentationAnalysisTransform
Transforming jakarta.activation-api-1.2.1.jar (jakarta.activation:jakarta.activation-api:1.2.1) with InstrumentationAnalysisTransform
Transforming auto-value-annotations-1.6.2.jar (com.google.auto.value:auto-value-annotations:1.6.2) with InstrumentationAnalysisTransform
Transforming error_prone_annotations-2.11.0.jar (com.google.errorprone:error_prone_annotations:2.11.0) with InstrumentationAnalysisTransform
Transforming jose4j-0.7.0.jar (org.bitbucket.b_c:jose4j:0.7.0) with InstrumentationAnalysisTransform
Transforming slf4j-api-1.7.30.jar (org.slf4j:slf4j-api:1.7.30) with InstrumentationAnalysisTransform
Transforming jdom2-2.0.6.jar (org.jdom:jdom2:2.0.6) with InstrumentationAnalysisTransform
Transforming j2objc-annotations-1.3.jar (com.google.j2objc:j2objc-annotations:1.3) with InstrumentationAnalysisTransform
Transforming jsr305-3.0.2.jar (com.google.code.findbugs:jsr305:3.0.2) with InstrumentationAnalysisTransform
Transforming annotations-4.1.1.4.jar (com.google.android:annotations:4.1.1.4) with InstrumentationAnalysisTransform
Transforming animal-sniffer-annotations-1.19.jar (org.codehaus.mojo:animal-sniffer-annotations:1.19) with InstrumentationAnalysisTransform
Transforming perfmark-api-0.23.0.jar (io.perfmark:perfmark-api:0.23.0) with InstrumentationAnalysisTransform
Transforming netty-codec-http2-4.1.72.Final.jar (io.netty:netty-codec-http2:4.1.72.Final) with InstrumentationAnalysisTransform
Transforming netty-handler-proxy-4.1.72.Final.jar (io.netty:netty-handler-proxy:4.1.72.Final) with InstrumentationAnalysisTransform
Transforming checker-qual-3.12.0.jar (org.checkerframework:checker-qual:3.12.0) with InstrumentationAnalysisTransform
Transforming commons-codec-1.11.jar (commons-codec:commons-codec:1.11) with InstrumentationAnalysisTransform
Transforming apksig-8.2.1.jar (com.android.tools.build:apksig:8.2.1) with InstrumentationAnalysisTransform
Transforming javawriter-2.5.0.jar (com.squareup:javawriter:2.5.0) with InstrumentationAnalysisTransform
Transforming kotlin-gradle-plugin-annotations-1.9.22.jar (org.jetbrains.kotlin:kotlin-gradle-plugin-annotations:1.9.22) with InstrumentationAnalysisTransform
Transforming kotlin-project-model-1.9.22.jar (org.jetbrains.kotlin:kotlin-project-model:1.9.22) with InstrumentationAnalysisTransform
Transforming kotlin-tooling-core-1.9.22.jar (org.jetbrains.kotlin:kotlin-tooling-core:1.9.22) with InstrumentationAnalysisTransform
Transforming kotlin-util-io-1.9.22.jar (org.jetbrains.kotlin:kotlin-util-io:1.9.22) with InstrumentationAnalysisTransform
Transforming kotlin-daemon-embeddable-1.9.22.jar (org.jetbrains.kotlin:kotlin-daemon-embeddable:1.9.22) with InstrumentationAnalysisTransform
Transforming kotlin-daemon-client-1.9.22.jar (org.jetbrains.kotlin:kotlin-daemon-client:1.9.22) with InstrumentationAnalysisTransform
Transforming kotlinx-coroutines-core-jvm-1.5.0.jar (org.jetbrains.kotlinx:kotlinx-coroutines-core-jvm:1.5.0) with InstrumentationAnalysisTransform
Transforming kotlin-scripting-jvm-1.9.22.jar (org.jetbrains.kotlin:kotlin-scripting-jvm:1.9.22) with InstrumentationAnalysisTransform
Transforming kotlin-scripting-common-1.9.22.jar (org.jetbrains.kotlin:kotlin-scripting-common:1.9.22) with InstrumentationAnalysisTransform
Transforming failureaccess-1.0.1.jar (com.google.guava:failureaccess:1.0.1) with InstrumentationAnalysisTransform
Transforming listenablefuture-9999.0-empty-to-avoid-conflict-with-guava.jar (com.google.guava:listenablefuture:9999.0-empty-to-avoid-conflict-with-guava) with InstrumentationAnalysisTransform
Transforming xml-apis-1.4.01.jar (xml-apis:xml-apis:1.4.01) with InstrumentationAnalysisTransform
Transforming commons-logging-1.2.jar (commons-logging:commons-logging:1.2) with InstrumentationAnalysisTransform
Transforming jna-5.6.0.jar (net.java.dev.jna:jna:5.6.0) with InstrumentationAnalysisTransform
Transforming kotlin-stdlib-common-1.9.0.jar (org.jetbrains.kotlin:kotlin-stdlib-common:1.9.0) with InstrumentationAnalysisTransform
Transforming grpc-context-1.45.1.jar (io.grpc:grpc-context:1.45.1) with InstrumentationAnalysisTransform
Transforming netty-codec-http-4.1.72.Final.jar (io.netty:netty-codec-http:4.1.72.Final) with InstrumentationAnalysisTransform
Transforming netty-handler-4.1.72.Final.jar (io.netty:netty-handler:4.1.72.Final) with InstrumentationAnalysisTransform
Transforming netty-codec-socks-4.1.72.Final.jar (io.netty:netty-codec-socks:4.1.72.Final) with InstrumentationAnalysisTransform
Transforming netty-codec-4.1.72.Final.jar (io.netty:netty-codec:4.1.72.Final) with InstrumentationAnalysisTransform
Transforming netty-transport-4.1.72.Final.jar (io.netty:netty-transport:4.1.72.Final) with InstrumentationAnalysisTransform
Transforming netty-buffer-4.1.72.Final.jar (io.netty:netty-buffer:4.1.72.Final) with InstrumentationAnalysisTransform
Transforming netty-resolver-4.1.72.Final.jar (io.netty:netty-resolver:4.1.72.Final) with InstrumentationAnalysisTransform
Transforming netty-common-4.1.72.Final.jar (io.netty:netty-common:4.1.72.Final) with InstrumentationAnalysisTransform
Transforming netty-tcnative-classes-2.0.46.Final.jar (io.netty:netty-tcnative-classes:2.0.46.Final) with InstrumentationAnalysisTransform
Transforming gradle-8.2.1.jar (com.android.tools.build:gradle:8.2.1) with InstrumentationAnalysisTransform
Transforming gradle-8.2.1.jar (com.android.tools.build:gradle:8.2.1) with MergeInstrumentationAnalysisTransform
Transforming kotlin-gradle-plugin-model-1.9.22.jar (org.jetbrains.kotlin:kotlin-gradle-plugin-model:1.9.22) with InstrumentationAnalysisTransform
Transforming kotlin-gradle-plugin-model-1.9.22.jar (org.jetbrains.kotlin:kotlin-gradle-plugin-model:1.9.22) with MergeInstrumentationAnalysisTransform
Transforming kotlin-gradle-plugin-api-1.9.22.jar (org.jetbrains.kotlin:kotlin-gradle-plugin-api:1.9.22) with InstrumentationAnalysisTransform
Transforming kotlin-gradle-plugin-api-1.9.22.jar (org.jetbrains.kotlin:kotlin-gradle-plugin-api:1.9.22) with MergeInstrumentationAnalysisTransform
Transforming gradle-8.2.1.jar (com.android.tools.build:gradle:8.2.1) with ExternalDependencyInstrumentingArtifactTransform
Transforming kotlin-gradle-plugin-1.9.22-gradle82.jar (org.jetbrains.kotlin:kotlin-gradle-plugin:1.9.22) with InstrumentationAnalysisTransform
Transforming kotlin-gradle-plugin-1.9.22-gradle82.jar (org.jetbrains.kotlin:kotlin-gradle-plugin:1.9.22) with MergeInstrumentationAnalysisTransform
Transforming gradle-settings-api-8.2.1.jar (com.android.tools.build:gradle-settings-api:8.2.1) with InstrumentationAnalysisTransform
Transforming gradle-settings-api-8.2.1.jar (com.android.tools.build:gradle-settings-api:8.2.1) with MergeInstrumentationAnalysisTransform
Transforming lint-model-31.2.1.jar (com.android.tools.lint:lint-model:31.2.1) with InstrumentationAnalysisTransform
Transforming kotlin-gradle-plugin-model-1.9.22.jar (org.jetbrains.kotlin:kotlin-gradle-plugin-model:1.9.22) with ExternalDependencyInstrumentingArtifactTransform
Transforming lint-model-31.2.1.jar (com.android.tools.lint:lint-model:31.2.1) with MergeInstrumentationAnalysisTransform
Transforming builder-8.2.1.jar (com.android.tools.build:builder:8.2.1) with InstrumentationAnalysisTransform
Transforming builder-8.2.1.jar (com.android.tools.build:builder:8.2.1) with MergeInstrumentationAnalysisTransform
Transforming manifest-merger-31.2.1.jar (com.android.tools.build:manifest-merger:31.2.1) with InstrumentationAnalysisTransform
Transforming manifest-merger-31.2.1.jar (com.android.tools.build:manifest-merger:31.2.1) with MergeInstrumentationAnalysisTransform
Transforming sdk-common-31.2.1.jar (com.android.tools:sdk-common:31.2.1) with InstrumentationAnalysisTransform
Transforming kotlin-gradle-plugin-api-1.9.22.jar (org.jetbrains.kotlin:kotlin-gradle-plugin-api:1.9.22) with ExternalDependencyInstrumentingArtifactTransform
Transforming sdk-common-31.2.1.jar (com.android.tools:sdk-common:31.2.1) with MergeInstrumentationAnalysisTransform
Transforming sdklib-31.2.1.jar (com.android.tools:sdklib:31.2.1) with InstrumentationAnalysisTransform
Transforming sdklib-31.2.1.jar (com.android.tools:sdklib:31.2.1) with MergeInstrumentationAnalysisTransform
Transforming repository-31.2.1.jar (com.android.tools:repository:31.2.1) with InstrumentationAnalysisTransform
Transforming repository-31.2.1.jar (com.android.tools:repository:31.2.1) with MergeInstrumentationAnalysisTransform
Transforming gradle-api-8.2.1.jar (com.android.tools.build:gradle-api:8.2.1) with InstrumentationAnalysisTransform
Transforming gradle-api-8.2.1.jar (com.android.tools.build:gradle-api:8.2.1) with MergeInstrumentationAnalysisTransform
Transforming builder-test-api-8.2.1.jar (com.android.tools.build:builder-test-api:8.2.1) with InstrumentationAnalysisTransform
Transforming kotlin-gradle-plugin-1.9.22-gradle82.jar (org.jetbrains.kotlin:kotlin-gradle-plugin:1.9.22) with ExternalDependencyInstrumentingArtifactTransform
Transforming builder-test-api-8.2.1.jar (com.android.tools.build:builder-test-api:8.2.1) with MergeInstrumentationAnalysisTransform
Transforming ddmlib-31.2.1.jar (com.android.tools.ddms:ddmlib:31.2.1) with InstrumentationAnalysisTransform
Transforming ddmlib-31.2.1.jar (com.android.tools.ddms:ddmlib:31.2.1) with MergeInstrumentationAnalysisTransform
Transforming aaptcompiler-8.2.1.jar (com.android.tools.build:aaptcompiler:8.2.1) with InstrumentationAnalysisTransform
Transforming aaptcompiler-8.2.1.jar (com.android.tools.build:aaptcompiler:8.2.1) with MergeInstrumentationAnalysisTransform
Transforming bundletool-1.15.2.jar (com.android.tools.build:bundletool:1.15.2) with InstrumentationAnalysisTransform
Transforming bundletool-1.15.2.jar (com.android.tools.build:bundletool:1.15.2) with MergeInstrumentationAnalysisTransform
Transforming gradle-settings-api-8.2.1.jar (com.android.tools.build:gradle-settings-api:8.2.1) with ExternalDependencyInstrumentingArtifactTransform
Transforming aapt2-proto-8.2.1-10154469.jar (com.android.tools.build:aapt2-proto:8.2.1-10154469) with InstrumentationAnalysisTransform
Transforming aapt2-proto-8.2.1-10154469.jar (com.android.tools.build:aapt2-proto:8.2.1-10154469) with MergeInstrumentationAnalysisTransform
Transforming crash-31.2.1.jar (com.android.tools.analytics-library:crash:31.2.1) with InstrumentationAnalysisTransform
Transforming crash-31.2.1.jar (com.android.tools.analytics-library:crash:31.2.1) with MergeInstrumentationAnalysisTransform
Transforming tracker-31.2.1.jar (com.android.tools.analytics-library:tracker:31.2.1) with InstrumentationAnalysisTransform
Transforming tracker-31.2.1.jar (com.android.tools.analytics-library:tracker:31.2.1) with MergeInstrumentationAnalysisTransform
Transforming shared-31.2.1.jar (com.android.tools.analytics-library:shared:31.2.1) with InstrumentationAnalysisTransform
Transforming lint-model-31.2.1.jar (com.android.tools.lint:lint-model:31.2.1) with ExternalDependencyInstrumentingArtifactTransform
Transforming builder-8.2.1.jar (com.android.tools.build:builder:8.2.1) with ExternalDependencyInstrumentingArtifactTransform
Transforming shared-31.2.1.jar (com.android.tools.analytics-library:shared:31.2.1) with MergeInstrumentationAnalysisTransform
Transforming lint-typedef-remover-31.2.1.jar (com.android.tools.lint:lint-typedef-remover:31.2.1) with InstrumentationAnalysisTransform
Transforming lint-typedef-remover-31.2.1.jar (com.android.tools.lint:lint-typedef-remover:31.2.1) with MergeInstrumentationAnalysisTransform
Transforming databinding-compiler-common-8.2.1.jar (androidx.databinding:databinding-compiler-common:8.2.1) with InstrumentationAnalysisTransform
Transforming databinding-compiler-common-8.2.1.jar (androidx.databinding:databinding-compiler-common:8.2.1) with MergeInstrumentationAnalysisTransform
Transforming manifest-merger-31.2.1.jar (com.android.tools.build:manifest-merger:31.2.1) with ExternalDependencyInstrumentingArtifactTransform
Transforming sdk-common-31.2.1.jar (com.android.tools:sdk-common:31.2.1) with ExternalDependencyInstrumentingArtifactTransform
Transforming sdklib-31.2.1.jar (com.android.tools:sdklib:31.2.1) with ExternalDependencyInstrumentingArtifactTransform
Transforming databinding-common-8.2.1.jar (androidx.databinding:databinding-common:8.2.1) with InstrumentationAnalysisTransform
Transforming databinding-common-8.2.1.jar (androidx.databinding:databinding-common:8.2.1) with MergeInstrumentationAnalysisTransform
Transforming baseLibrary-8.2.1.jar (com.android.databinding:baseLibrary:8.2.1) with InstrumentationAnalysisTransform
Transforming repository-31.2.1.jar (com.android.tools:repository:31.2.1) with ExternalDependencyInstrumentingArtifactTransform
Transforming baseLibrary-8.2.1.jar (com.android.databinding:baseLibrary:8.2.1) with MergeInstrumentationAnalysisTransform
Transforming layoutlib-api-31.2.1.jar (com.android.tools.layoutlib:layoutlib-api:31.2.1) with InstrumentationAnalysisTransform
Transforming layoutlib-api-31.2.1.jar (com.android.tools.layoutlib:layoutlib-api:31.2.1) with MergeInstrumentationAnalysisTransform
Transforming android-device-provider-ddmlib-proto-31.2.1.jar (com.android.tools.utp:android-device-provider-ddmlib-proto:31.2.1) with InstrumentationAnalysisTransform
Transforming android-device-provider-ddmlib-proto-31.2.1.jar (com.android.tools.utp:android-device-provider-ddmlib-proto:31.2.1) with MergeInstrumentationAnalysisTransform
Transforming android-device-provider-gradle-proto-31.2.1.jar (com.android.tools.utp:android-device-provider-gradle-proto:31.2.1) with InstrumentationAnalysisTransform
Transforming android-device-provider-gradle-proto-31.2.1.jar (com.android.tools.utp:android-device-provider-gradle-proto:31.2.1) with MergeInstrumentationAnalysisTransform
Transforming android-test-plugin-host-additional-test-output-proto-31.2.1.jar (com.android.tools.utp:android-test-plugin-host-additional-test-output-proto:31.2.1) with InstrumentationAnalysisTransform
Transforming android-test-plugin-host-additional-test-output-proto-31.2.1.jar (com.android.tools.utp:android-test-plugin-host-additional-test-output-proto:31.2.1) with MergeInstrumentationAnalysisTransform
Transforming android-test-plugin-host-coverage-proto-31.2.1.jar (com.android.tools.utp:android-test-plugin-host-coverage-proto:31.2.1) with InstrumentationAnalysisTransform
Transforming android-test-plugin-host-coverage-proto-31.2.1.jar (com.android.tools.utp:android-test-plugin-host-coverage-proto:31.2.1) with MergeInstrumentationAnalysisTransform
Transforming android-test-plugin-host-emulator-control-proto-31.2.1.jar (com.android.tools.utp:android-test-plugin-host-emulator-control-proto:31.2.1) with InstrumentationAnalysisTransform
Transforming android-test-plugin-host-emulator-control-proto-31.2.1.jar (com.android.tools.utp:android-test-plugin-host-emulator-control-proto:31.2.1) with MergeInstrumentationAnalysisTransform
Transforming android-test-plugin-host-logcat-proto-31.2.1.jar (com.android.tools.utp:android-test-plugin-host-logcat-proto:31.2.1) with InstrumentationAnalysisTransform
Transforming android-test-plugin-host-logcat-proto-31.2.1.jar (com.android.tools.utp:android-test-plugin-host-logcat-proto:31.2.1) with MergeInstrumentationAnalysisTransform
Transforming android-test-plugin-host-apk-installer-proto-31.2.1.jar (com.android.tools.utp:android-test-plugin-host-apk-installer-proto:31.2.1) with InstrumentationAnalysisTransform
Transforming android-test-plugin-host-apk-installer-proto-31.2.1.jar (com.android.tools.utp:android-test-plugin-host-apk-installer-proto:31.2.1) with MergeInstrumentationAnalysisTransform
Transforming android-test-plugin-host-retention-proto-31.2.1.jar (com.android.tools.utp:android-test-plugin-host-retention-proto:31.2.1) with InstrumentationAnalysisTransform
Transforming android-test-plugin-host-retention-proto-31.2.1.jar (com.android.tools.utp:android-test-plugin-host-retention-proto:31.2.1) with MergeInstrumentationAnalysisTransform
Transforming android-test-plugin-result-listener-gradle-proto-31.2.1.jar (com.android.tools.utp:android-test-plugin-result-listener-gradle-proto:31.2.1) with InstrumentationAnalysisTransform
Transforming android-test-plugin-result-listener-gradle-proto-31.2.1.jar (com.android.tools.utp:android-test-plugin-result-listener-gradle-proto:31.2.1) with MergeInstrumentationAnalysisTransform
Transforming builder-model-8.2.1.jar (com.android.tools.build:builder-model:8.2.1) with InstrumentationAnalysisTransform
Transforming builder-model-8.2.1.jar (com.android.tools.build:builder-model:8.2.1) with MergeInstrumentationAnalysisTransform
Transforming dvlib-31.2.1.jar (com.android.tools:dvlib:31.2.1) with InstrumentationAnalysisTransform
Transforming dvlib-31.2.1.jar (com.android.tools:dvlib:31.2.1) with MergeInstrumentationAnalysisTransform
Transforming common-31.2.1.jar (com.android.tools:common:31.2.1) with InstrumentationAnalysisTransform
Transforming common-31.2.1.jar (com.android.tools:common:31.2.1) with MergeInstrumentationAnalysisTransform
Transforming kotlin-stdlib-jdk8-1.9.0.jar (org.jetbrains.kotlin:kotlin-stdlib-jdk8:1.9.0) with InstrumentationAnalysisTransform
Transforming kotlin-stdlib-jdk8-1.9.0.jar (org.jetbrains.kotlin:kotlin-stdlib-jdk8:1.9.0) with MergeInstrumentationAnalysisTransform
Transforming transform-api-2.0.0-deprecated-use-gradle-api.jar (com.android.tools.build:transform-api:2.0.0-deprecated-use-gradle-api) with InstrumentationAnalysisTransform
Transforming transform-api-2.0.0-deprecated-use-gradle-api.jar (com.android.tools.build:transform-api:2.0.0-deprecated-use-gradle-api) with MergeInstrumentationAnalysisTransform
Transforming httpmime-4.5.6.jar (org.apache.httpcomponents:httpmime:4.5.6) with InstrumentationAnalysisTransform
Transforming httpmime-4.5.6.jar (org.apache.httpcomponents:httpmime:4.5.6) with MergeInstrumentationAnalysisTransform
Transforming commons-io-2.4.jar (commons-io:commons-io:2.4) with InstrumentationAnalysisTransform
Transforming gradle-api-8.2.1.jar (com.android.tools.build:gradle-api:8.2.1) with ExternalDependencyInstrumentingArtifactTransform
Transforming builder-test-api-8.2.1.jar (com.android.tools.build:builder-test-api:8.2.1) with ExternalDependencyInstrumentingArtifactTransform
Transforming ddmlib-31.2.1.jar (com.android.tools.ddms:ddmlib:31.2.1) with ExternalDependencyInstrumentingArtifactTransform
Transforming aaptcompiler-8.2.1.jar (com.android.tools.build:aaptcompiler:8.2.1) with ExternalDependencyInstrumentingArtifactTransform
Transforming bundletool-1.15.2.jar (com.android.tools.build:bundletool:1.15.2) with ExternalDependencyInstrumentingArtifactTransform
Transforming aapt2-proto-8.2.1-10154469.jar (com.android.tools.build:aapt2-proto:8.2.1-10154469) with ExternalDependencyInstrumentingArtifactTransform
Transforming crash-31.2.1.jar (com.android.tools.analytics-library:crash:31.2.1) with ExternalDependencyInstrumentingArtifactTransform
Transforming tracker-31.2.1.jar (com.android.tools.analytics-library:tracker:31.2.1) with ExternalDependencyInstrumentingArtifactTransform
Transforming shared-31.2.1.jar (com.android.tools.analytics-library:shared:31.2.1) with ExternalDependencyInstrumentingArtifactTransform
Transforming lint-typedef-remover-31.2.1.jar (com.android.tools.lint:lint-typedef-remover:31.2.1) with ExternalDependencyInstrumentingArtifactTransform
Transforming databinding-compiler-common-8.2.1.jar (androidx.databinding:databinding-compiler-common:8.2.1) with ExternalDependencyInstrumentingArtifactTransform
Transforming databinding-common-8.2.1.jar (androidx.databinding:databinding-common:8.2.1) with ExternalDependencyInstrumentingArtifactTransform
Transforming baseLibrary-8.2.1.jar (com.android.databinding:baseLibrary:8.2.1) with ExternalDependencyInstrumentingArtifactTransform
Transforming commons-io-2.4.jar (commons-io:commons-io:2.4) with MergeInstrumentationAnalysisTransform
Transforming jetifier-processor-1.0.0-beta10.jar (com.android.tools.build.jetifier:jetifier-processor:1.0.0-beta10) with InstrumentationAnalysisTransform
Transforming jetifier-processor-1.0.0-beta10.jar (com.android.tools.build.jetifier:jetifier-processor:1.0.0-beta10) with MergeInstrumentationAnalysisTransform
Transforming asm-commons-9.2.jar (org.ow2.asm:asm-commons:9.2) with InstrumentationAnalysisTransform
Transforming asm-commons-9.2.jar (org.ow2.asm:asm-commons:9.2) with MergeInstrumentationAnalysisTransform
Transforming asm-util-9.2.jar (org.ow2.asm:asm-util:9.2) with InstrumentationAnalysisTransform
Transforming asm-util-9.2.jar (org.ow2.asm:asm-util:9.2) with MergeInstrumentationAnalysisTransform
Transforming asm-analysis-9.2.jar (org.ow2.asm:asm-analysis:9.2) with InstrumentationAnalysisTransform
Transforming asm-analysis-9.2.jar (org.ow2.asm:asm-analysis:9.2) with MergeInstrumentationAnalysisTransform
Transforming asm-tree-9.2.jar (org.ow2.asm:asm-tree:9.2) with InstrumentationAnalysisTransform
Transforming asm-tree-9.2.jar (org.ow2.asm:asm-tree:9.2) with MergeInstrumentationAnalysisTransform
Transforming asm-9.2.jar (org.ow2.asm:asm:9.2) with InstrumentationAnalysisTransform
Transforming asm-9.2.jar (org.ow2.asm:asm:9.2) with MergeInstrumentationAnalysisTransform
Transforming apkzlib-8.2.1.jar (com.android.tools.build:apkzlib:8.2.1) with InstrumentationAnalysisTransform
Transforming apkzlib-8.2.1.jar (com.android.tools.build:apkzlib:8.2.1) with MergeInstrumentationAnalysisTransform
Transforming bcpkix-jdk15on-1.67.jar (org.bouncycastle:bcpkix-jdk15on:1.67) with InstrumentationAnalysisTransform
Transforming bcpkix-jdk15on-1.67.jar (org.bouncycastle:bcpkix-jdk15on:1.67) with MergeInstrumentationAnalysisTransform
Transforming jaxb-runtime-2.3.2.jar (org.glassfish.jaxb:jaxb-runtime:2.3.2) with InstrumentationAnalysisTransform
Transforming jaxb-runtime-2.3.2.jar (org.glassfish.jaxb:jaxb-runtime:2.3.2) with MergeInstrumentationAnalysisTransform
Transforming jopt-simple-4.9.jar (net.sf.jopt-simple:jopt-simple:4.9) with InstrumentationAnalysisTransform
Transforming jopt-simple-4.9.jar (net.sf.jopt-simple:jopt-simple:4.9) with MergeInstrumentationAnalysisTransform
Transforming jetifier-core-1.0.0-beta10.jar (com.android.tools.build.jetifier:jetifier-core:1.0.0-beta10) with InstrumentationAnalysisTransform
Transforming jetifier-core-1.0.0-beta10.jar (com.android.tools.build.jetifier:jetifier-core:1.0.0-beta10) with MergeInstrumentationAnalysisTransform
Transforming javapoet-1.10.0.jar (com.squareup:javapoet:1.10.0) with InstrumentationAnalysisTransform
Transforming javapoet-1.10.0.jar (com.squareup:javapoet:1.10.0) with MergeInstrumentationAnalysisTransform
Transforming protobuf-java-util-3.19.3.jar (com.google.protobuf:protobuf-java-util:3.19.3) with InstrumentationAnalysisTransform
Transforming protobuf-java-util-3.19.3.jar (com.google.protobuf:protobuf-java-util:3.19.3) with MergeInstrumentationAnalysisTransform
Transforming grpc-protobuf-1.45.1.jar (io.grpc:grpc-protobuf:1.45.1) with InstrumentationAnalysisTransform
Transforming grpc-protobuf-1.45.1.jar (io.grpc:grpc-protobuf:1.45.1) with MergeInstrumentationAnalysisTransform
Transforming tink-1.7.0.jar (com.google.crypto.tink:tink:1.7.0) with InstrumentationAnalysisTransform
Transforming tink-1.7.0.jar (com.google.crypto.tink:tink:1.7.0) with MergeInstrumentationAnalysisTransform
Transforming protos-31.2.1.jar (com.android.tools.analytics-library:protos:31.2.1) with InstrumentationAnalysisTransform
Transforming protos-31.2.1.jar (com.android.tools.analytics-library:protos:31.2.1) with MergeInstrumentationAnalysisTransform
Transforming proto-google-common-protos-2.0.1.jar (com.google.api.grpc:proto-google-common-protos:2.0.1) with InstrumentationAnalysisTransform
Transforming proto-google-common-protos-2.0.1.jar (com.google.api.grpc:proto-google-common-protos:2.0.1) with MergeInstrumentationAnalysisTransform
Transforming protobuf-java-3.19.3.jar (com.google.protobuf:protobuf-java:3.19.3) with InstrumentationAnalysisTransform
Transforming protobuf-java-3.19.3.jar (com.google.protobuf:protobuf-java:3.19.3) with MergeInstrumentationAnalysisTransform
Transforming grpc-netty-1.45.1.jar (io.grpc:grpc-netty:1.45.1) with InstrumentationAnalysisTransform
Transforming grpc-netty-1.45.1.jar (io.grpc:grpc-netty:1.45.1) with MergeInstrumentationAnalysisTransform
Transforming grpc-core-1.45.1.jar (io.grpc:grpc-core:1.45.1) with InstrumentationAnalysisTransform
Transforming grpc-core-1.45.1.jar (io.grpc:grpc-core:1.45.1) with MergeInstrumentationAnalysisTransform
Transforming gson-2.10.jar (com.google.code.gson:gson:2.10) with InstrumentationAnalysisTransform
Transforming gson-2.10.jar (com.google.code.gson:gson:2.10) with MergeInstrumentationAnalysisTransform
Transforming grpc-stub-1.45.1.jar (io.grpc:grpc-stub:1.45.1) with InstrumentationAnalysisTransform
Transforming grpc-stub-1.45.1.jar (io.grpc:grpc-stub:1.45.1) with MergeInstrumentationAnalysisTransform
Transforming core-proto-0.0.8-alpha08.jar (com.google.testing.platform:core-proto:0.0.8-alpha08) with InstrumentationAnalysisTransform
Transforming core-proto-0.0.8-alpha08.jar (com.google.testing.platform:core-proto:0.0.8-alpha08) with MergeInstrumentationAnalysisTransform
Transforming tensorflow-lite-metadata-0.1.0-rc2.jar (org.tensorflow:tensorflow-lite-metadata:0.1.0-rc2) with InstrumentationAnalysisTransform
Transforming tensorflow-lite-metadata-0.1.0-rc2.jar (org.tensorflow:tensorflow-lite-metadata:0.1.0-rc2) with MergeInstrumentationAnalysisTransform
Transforming flatbuffers-java-1.12.0.jar (com.google.flatbuffers:flatbuffers-java:1.12.0) with InstrumentationAnalysisTransform
Transforming flatbuffers-java-1.12.0.jar (com.google.flatbuffers:flatbuffers-java:1.12.0) with MergeInstrumentationAnalysisTransform
Transforming kotlin-gradle-plugin-idea-proto-1.9.22.jar (org.jetbrains.kotlin:kotlin-gradle-plugin-idea-proto:1.9.22) with InstrumentationAnalysisTransform
Transforming kotlin-gradle-plugin-idea-proto-1.9.22.jar (org.jetbrains.kotlin:kotlin-gradle-plugin-idea-proto:1.9.22) with MergeInstrumentationAnalysisTransform
Transforming kotlin-gradle-plugin-idea-1.9.22.jar (org.jetbrains.kotlin:kotlin-gradle-plugin-idea:1.9.22) with InstrumentationAnalysisTransform
Transforming kotlin-gradle-plugin-idea-1.9.22.jar (org.jetbrains.kotlin:kotlin-gradle-plugin-idea:1.9.22) with MergeInstrumentationAnalysisTransform
Transforming kotlin-klib-commonizer-api-1.9.22.jar (org.jetbrains.kotlin:kotlin-klib-commonizer-api:1.9.22) with InstrumentationAnalysisTransform
Transforming kotlin-klib-commonizer-api-1.9.22.jar (org.jetbrains.kotlin:kotlin-klib-commonizer-api:1.9.22) with MergeInstrumentationAnalysisTransform
Transforming kotlin-native-utils-1.9.22.jar (org.jetbrains.kotlin:kotlin-native-utils:1.9.22) with InstrumentationAnalysisTransform
Transforming kotlin-native-utils-1.9.22.jar (org.jetbrains.kotlin:kotlin-native-utils:1.9.22) with MergeInstrumentationAnalysisTransform
Transforming kotlin-util-klib-1.9.22.jar (org.jetbrains.kotlin:kotlin-util-klib:1.9.22) with InstrumentationAnalysisTransform
Transforming kotlin-util-klib-1.9.22.jar (org.jetbrains.kotlin:kotlin-util-klib:1.9.22) with MergeInstrumentationAnalysisTransform
Transforming kotlin-build-tools-api-1.9.22.jar (org.jetbrains.kotlin:kotlin-build-tools-api:1.9.22) with InstrumentationAnalysisTransform
Transforming kotlin-build-tools-api-1.9.22.jar (org.jetbrains.kotlin:kotlin-build-tools-api:1.9.22) with MergeInstrumentationAnalysisTransform
Transforming kotlin-android-extensions-1.9.22.jar (org.jetbrains.kotlin:kotlin-android-extensions:1.9.22) with InstrumentationAnalysisTransform
Transforming kotlin-android-extensions-1.9.22.jar (org.jetbrains.kotlin:kotlin-android-extensions:1.9.22) with MergeInstrumentationAnalysisTransform
Transforming kotlin-compiler-runner-1.9.22.jar (org.jetbrains.kotlin:kotlin-compiler-runner:1.9.22) with InstrumentationAnalysisTransform
Transforming kotlin-compiler-runner-1.9.22.jar (org.jetbrains.kotlin:kotlin-compiler-runner:1.9.22) with MergeInstrumentationAnalysisTransform
Transforming kotlin-compiler-embeddable-1.9.22.jar (org.jetbrains.kotlin:kotlin-compiler-embeddable:1.9.22) with InstrumentationAnalysisTransform
Transforming kotlin-compiler-embeddable-1.9.22.jar (org.jetbrains.kotlin:kotlin-compiler-embeddable:1.9.22) with MergeInstrumentationAnalysisTransform
Transforming kotlin-scripting-compiler-embeddable-1.9.22.jar (org.jetbrains.kotlin:kotlin-scripting-compiler-embeddable:1.9.22) with InstrumentationAnalysisTransform
Transforming kotlin-scripting-compiler-embeddable-1.9.22.jar (org.jetbrains.kotlin:kotlin-scripting-compiler-embeddable:1.9.22) with MergeInstrumentationAnalysisTransform
Transforming kotlin-scripting-compiler-impl-embeddable-1.9.22.jar (org.jetbrains.kotlin:kotlin-scripting-compiler-impl-embeddable:1.9.22) with InstrumentationAnalysisTransform
Transforming kotlin-scripting-compiler-impl-embeddable-1.9.22.jar (org.jetbrains.kotlin:kotlin-scripting-compiler-impl-embeddable:1.9.22) with MergeInstrumentationAnalysisTransform
Transforming jimfs-1.1.jar (com.google.jimfs:jimfs:1.1) with InstrumentationAnalysisTransform
Transforming jimfs-1.1.jar (com.google.jimfs:jimfs:1.1) with MergeInstrumentationAnalysisTransform
Transforming grpc-protobuf-lite-1.45.1.jar (io.grpc:grpc-protobuf-lite:1.45.1) with InstrumentationAnalysisTransform
Transforming grpc-protobuf-lite-1.45.1.jar (io.grpc:grpc-protobuf-lite:1.45.1) with MergeInstrumentationAnalysisTransform
Transforming grpc-api-1.45.1.jar (io.grpc:grpc-api:1.45.1) with InstrumentationAnalysisTransform
Transforming grpc-api-1.45.1.jar (io.grpc:grpc-api:1.45.1) with MergeInstrumentationAnalysisTransform
Transforming guava-31.1-jre.jar (com.google.guava:guava:31.1-jre) with InstrumentationAnalysisTransform
Transforming guava-31.1-jre.jar (com.google.guava:guava:31.1-jre) with MergeInstrumentationAnalysisTransform
Transforming dagger-2.28.3.jar (com.google.dagger:dagger:2.28.3) with InstrumentationAnalysisTransform
Transforming dagger-2.28.3.jar (com.google.dagger:dagger:2.28.3) with MergeInstrumentationAnalysisTransform
Transforming javax.inject-1.jar (javax.inject:javax.inject:1) with InstrumentationAnalysisTransform
Transforming javax.inject-1.jar (javax.inject:javax.inject:1) with MergeInstrumentationAnalysisTransform
Transforming kxml2-2.3.0.jar (net.sf.kxml:kxml2:2.3.0) with InstrumentationAnalysisTransform
Transforming kxml2-2.3.0.jar (net.sf.kxml:kxml2:2.3.0) with MergeInstrumentationAnalysisTransform
Transforming bcprov-jdk15on-1.67.jar (org.bouncycastle:bcprov-jdk15on:1.67) with InstrumentationAnalysisTransform
Transforming bcprov-jdk15on-1.67.jar (org.bouncycastle:bcprov-jdk15on:1.67) with MergeInstrumentationAnalysisTransform
Transforming trove4j-1.0.20200330.jar (org.jetbrains.intellij.deps:trove4j:1.0.20200330) with InstrumentationAnalysisTransform
Transforming trove4j-1.0.20200330.jar (org.jetbrains.intellij.deps:trove4j:1.0.20200330) with MergeInstrumentationAnalysisTransform
Transforming kotlin-reflect-1.9.0.jar (org.jetbrains.kotlin:kotlin-reflect:1.9.0) with InstrumentationAnalysisTransform
Transforming kotlin-reflect-1.9.0.jar (org.jetbrains.kotlin:kotlin-reflect:1.9.0) with MergeInstrumentationAnalysisTransform
Transforming xercesImpl-2.12.0.jar (xerces:xercesImpl:2.12.0) with InstrumentationAnalysisTransform
Transforming xercesImpl-2.12.0.jar (xerces:xercesImpl:2.12.0) with MergeInstrumentationAnalysisTransform
Transforming commons-compress-1.21.jar (org.apache.commons:commons-compress:1.21) with InstrumentationAnalysisTransform
Transforming commons-compress-1.21.jar (org.apache.commons:commons-compress:1.21) with MergeInstrumentationAnalysisTransform
Transforming httpclient-4.5.14.jar (org.apache.httpcomponents:httpclient:4.5.14) with InstrumentationAnalysisTransform
Transforming httpclient-4.5.14.jar (org.apache.httpcomponents:httpclient:4.5.14) with MergeInstrumentationAnalysisTransform
Transforming httpcore-4.4.16.jar (org.apache.httpcomponents:httpcore:4.4.16) with InstrumentationAnalysisTransform
Transforming httpcore-4.4.16.jar (org.apache.httpcomponents:httpcore:4.4.16) with MergeInstrumentationAnalysisTransform
Transforming javax.activation-1.2.0.jar (com.sun.activation:javax.activation:1.2.0) with InstrumentationAnalysisTransform
Transforming javax.activation-1.2.0.jar (com.sun.activation:javax.activation:1.2.0) with MergeInstrumentationAnalysisTransform
Transforming kotlin-stdlib-jdk7-1.9.0.jar (org.jetbrains.kotlin:kotlin-stdlib-jdk7:1.9.0) with InstrumentationAnalysisTransform
Transforming kotlin-stdlib-jdk7-1.9.0.jar (org.jetbrains.kotlin:kotlin-stdlib-jdk7:1.9.0) with MergeInstrumentationAnalysisTransform
Transforming kotlin-stdlib-1.9.0.jar (org.jetbrains.kotlin:kotlin-stdlib:1.9.0) with InstrumentationAnalysisTransform
Transforming kotlin-stdlib-1.9.0.jar (org.jetbrains.kotlin:kotlin-stdlib:1.9.0) with MergeInstrumentationAnalysisTransform
Transforming annotations-13.0.jar (org.jetbrains:annotations:13.0) with InstrumentationAnalysisTransform
Transforming annotations-13.0.jar (org.jetbrains:annotations:13.0) with MergeInstrumentationAnalysisTransform
Transforming signflinger-8.2.1.jar (com.android:signflinger:8.2.1) with InstrumentationAnalysisTransform
Transforming signflinger-8.2.1.jar (com.android:signflinger:8.2.1) with MergeInstrumentationAnalysisTransform
Transforming zipflinger-8.2.1.jar (com.android:zipflinger:8.2.1) with InstrumentationAnalysisTransform
Transforming zipflinger-8.2.1.jar (com.android:zipflinger:8.2.1) with MergeInstrumentationAnalysisTransform
Transforming annotations-31.2.1.jar (com.android.tools:annotations:31.2.1) with InstrumentationAnalysisTransform
Transforming annotations-31.2.1.jar (com.android.tools:annotations:31.2.1) with MergeInstrumentationAnalysisTransform
Transforming jna-platform-5.6.0.jar (net.java.dev.jna:jna-platform:5.6.0) with InstrumentationAnalysisTransform
Transforming jna-platform-5.6.0.jar (net.java.dev.jna:jna-platform:5.6.0) with MergeInstrumentationAnalysisTransform
Transforming juniversalchardet-1.0.3.jar (com.googlecode.juniversalchardet:juniversalchardet:1.0.3) with InstrumentationAnalysisTransform
Transforming juniversalchardet-1.0.3.jar (com.googlecode.juniversalchardet:juniversalchardet:1.0.3) with MergeInstrumentationAnalysisTransform
Transforming javax.annotation-api-1.3.2.jar (javax.annotation:javax.annotation-api:1.3.2) with InstrumentationAnalysisTransform
Transforming javax.annotation-api-1.3.2.jar (javax.annotation:javax.annotation-api:1.3.2) with MergeInstrumentationAnalysisTransform
Transforming stax-ex-1.8.1.jar (org.jvnet.staxex:stax-ex:1.8.1) with InstrumentationAnalysisTransform
Transforming stax-ex-1.8.1.jar (org.jvnet.staxex:stax-ex:1.8.1) with MergeInstrumentationAnalysisTransform
Transforming jakarta.xml.bind-api-2.3.2.jar (jakarta.xml.bind:jakarta.xml.bind-api:2.3.2) with InstrumentationAnalysisTransform
Transforming jakarta.xml.bind-api-2.3.2.jar (jakarta.xml.bind:jakarta.xml.bind-api:2.3.2) with MergeInstrumentationAnalysisTransform
Transforming txw2-2.3.2.jar (org.glassfish.jaxb:txw2:2.3.2) with InstrumentationAnalysisTransform
Transforming txw2-2.3.2.jar (org.glassfish.jaxb:txw2:2.3.2) with MergeInstrumentationAnalysisTransform
Transforming istack-commons-runtime-3.0.8.jar (com.sun.istack:istack-commons-runtime:3.0.8) with InstrumentationAnalysisTransform
Transforming istack-commons-runtime-3.0.8.jar (com.sun.istack:istack-commons-runtime:3.0.8) with MergeInstrumentationAnalysisTransform
Transforming FastInfoset-1.2.16.jar (com.sun.xml.fastinfoset:FastInfoset:1.2.16) with InstrumentationAnalysisTransform
Transforming FastInfoset-1.2.16.jar (com.sun.xml.fastinfoset:FastInfoset:1.2.16) with MergeInstrumentationAnalysisTransform
Transforming jakarta.activation-api-1.2.1.jar (jakarta.activation:jakarta.activation-api:1.2.1) with InstrumentationAnalysisTransform
Transforming jakarta.activation-api-1.2.1.jar (jakarta.activation:jakarta.activation-api:1.2.1) with MergeInstrumentationAnalysisTransform
Transforming auto-value-annotations-1.6.2.jar (com.google.auto.value:auto-value-annotations:1.6.2) with InstrumentationAnalysisTransform
Transforming auto-value-annotations-1.6.2.jar (com.google.auto.value:auto-value-annotations:1.6.2) with MergeInstrumentationAnalysisTransform
Transforming layoutlib-api-31.2.1.jar (com.android.tools.layoutlib:layoutlib-api:31.2.1) with ExternalDependencyInstrumentingArtifactTransform
Transforming android-device-provider-ddmlib-proto-31.2.1.jar (com.android.tools.utp:android-device-provider-ddmlib-proto:31.2.1) with ExternalDependencyInstrumentingArtifactTransform
Transforming android-test-plugin-host-additional-test-output-proto-31.2.1.jar (com.android.tools.utp:android-test-plugin-host-additional-test-output-proto:31.2.1) with ExternalDependencyInstrumentingArtifactTransform
Transforming android-test-plugin-host-coverage-proto-31.2.1.jar (com.android.tools.utp:android-test-plugin-host-coverage-proto:31.2.1) with ExternalDependencyInstrumentingArtifactTransform
Transforming android-test-plugin-host-emulator-control-proto-31.2.1.jar (com.android.tools.utp:android-test-plugin-host-emulator-control-proto:31.2.1) with ExternalDependencyInstrumentingArtifactTransform
Transforming error_prone_annotations-2.11.0.jar (com.google.errorprone:error_prone_annotations:2.11.0) with InstrumentationAnalysisTransform
Transforming error_prone_annotations-2.11.0.jar (com.google.errorprone:error_prone_annotations:2.11.0) with MergeInstrumentationAnalysisTransform
Transforming jose4j-0.7.0.jar (org.bitbucket.b_c:jose4j:0.7.0) with InstrumentationAnalysisTransform
Transforming jose4j-0.7.0.jar (org.bitbucket.b_c:jose4j:0.7.0) with MergeInstrumentationAnalysisTransform
Transforming android-device-provider-gradle-proto-31.2.1.jar (com.android.tools.utp:android-device-provider-gradle-proto:31.2.1) with ExternalDependencyInstrumentingArtifactTransform
Transforming slf4j-api-1.7.30.jar (org.slf4j:slf4j-api:1.7.30) with InstrumentationAnalysisTransform
Transforming slf4j-api-1.7.30.jar (org.slf4j:slf4j-api:1.7.30) with MergeInstrumentationAnalysisTransform
Transforming jdom2-2.0.6.jar (org.jdom:jdom2:2.0.6) with InstrumentationAnalysisTransform
Transforming jdom2-2.0.6.jar (org.jdom:jdom2:2.0.6) with MergeInstrumentationAnalysisTransform
Transforming j2objc-annotations-1.3.jar (com.google.j2objc:j2objc-annotations:1.3) with InstrumentationAnalysisTransform
Transforming j2objc-annotations-1.3.jar (com.google.j2objc:j2objc-annotations:1.3) with MergeInstrumentationAnalysisTransform
Transforming jsr305-3.0.2.jar (com.google.code.findbugs:jsr305:3.0.2) with InstrumentationAnalysisTransform
Transforming android-test-plugin-host-logcat-proto-31.2.1.jar (com.android.tools.utp:android-test-plugin-host-logcat-proto:31.2.1) with ExternalDependencyInstrumentingArtifactTransform
Transforming jsr305-3.0.2.jar (com.google.code.findbugs:jsr305:3.0.2) with MergeInstrumentationAnalysisTransform
Transforming annotations-4.1.1.4.jar (com.google.android:annotations:4.1.1.4) with InstrumentationAnalysisTransform
Transforming annotations-4.1.1.4.jar (com.google.android:annotations:4.1.1.4) with MergeInstrumentationAnalysisTransform
Transforming animal-sniffer-annotations-1.19.jar (org.codehaus.mojo:animal-sniffer-annotations:1.19) with InstrumentationAnalysisTransform
Transforming animal-sniffer-annotations-1.19.jar (org.codehaus.mojo:animal-sniffer-annotations:1.19) with MergeInstrumentationAnalysisTransform
Transforming perfmark-api-0.23.0.jar (io.perfmark:perfmark-api:0.23.0) with InstrumentationAnalysisTransform
Transforming android-test-plugin-host-apk-installer-proto-31.2.1.jar (com.android.tools.utp:android-test-plugin-host-apk-installer-proto:31.2.1) with ExternalDependencyInstrumentingArtifactTransform
Transforming perfmark-api-0.23.0.jar (io.perfmark:perfmark-api:0.23.0) with MergeInstrumentationAnalysisTransform
Transforming netty-codec-http2-4.1.72.Final.jar (io.netty:netty-codec-http2:4.1.72.Final) with InstrumentationAnalysisTransform
Transforming netty-codec-http2-4.1.72.Final.jar (io.netty:netty-codec-http2:4.1.72.Final) with MergeInstrumentationAnalysisTransform
Transforming netty-handler-proxy-4.1.72.Final.jar (io.netty:netty-handler-proxy:4.1.72.Final) with InstrumentationAnalysisTransform
Transforming netty-handler-proxy-4.1.72.Final.jar (io.netty:netty-handler-proxy:4.1.72.Final) with MergeInstrumentationAnalysisTransform
Transforming checker-qual-3.12.0.jar (org.checkerframework:checker-qual:3.12.0) with InstrumentationAnalysisTransform
Transforming checker-qual-3.12.0.jar (org.checkerframework:checker-qual:3.12.0) with MergeInstrumentationAnalysisTransform
Transforming commons-codec-1.11.jar (commons-codec:commons-codec:1.11) with InstrumentationAnalysisTransform
Transforming android-test-plugin-host-retention-proto-31.2.1.jar (com.android.tools.utp:android-test-plugin-host-retention-proto:31.2.1) with ExternalDependencyInstrumentingArtifactTransform
Transforming commons-codec-1.11.jar (commons-codec:commons-codec:1.11) with MergeInstrumentationAnalysisTransform
Transforming apksig-8.2.1.jar (com.android.tools.build:apksig:8.2.1) with InstrumentationAnalysisTransform
Transforming apksig-8.2.1.jar (com.android.tools.build:apksig:8.2.1) with MergeInstrumentationAnalysisTransform
Transforming javawriter-2.5.0.jar (com.squareup:javawriter:2.5.0) with InstrumentationAnalysisTransform
Transforming javawriter-2.5.0.jar (com.squareup:javawriter:2.5.0) with MergeInstrumentationAnalysisTransform
Transforming kotlin-gradle-plugin-annotations-1.9.22.jar (org.jetbrains.kotlin:kotlin-gradle-plugin-annotations:1.9.22) with InstrumentationAnalysisTransform
Transforming kotlin-gradle-plugin-annotations-1.9.22.jar (org.jetbrains.kotlin:kotlin-gradle-plugin-annotations:1.9.22) with MergeInstrumentationAnalysisTransform
Transforming android-test-plugin-result-listener-gradle-proto-31.2.1.jar (com.android.tools.utp:android-test-plugin-result-listener-gradle-proto:31.2.1) with ExternalDependencyInstrumentingArtifactTransform
Transforming kotlin-project-model-1.9.22.jar (org.jetbrains.kotlin:kotlin-project-model:1.9.22) with InstrumentationAnalysisTransform
Transforming kotlin-project-model-1.9.22.jar (org.jetbrains.kotlin:kotlin-project-model:1.9.22) with MergeInstrumentationAnalysisTransform
Transforming kotlin-tooling-core-1.9.22.jar (org.jetbrains.kotlin:kotlin-tooling-core:1.9.22) with InstrumentationAnalysisTransform
Transforming kotlin-tooling-core-1.9.22.jar (org.jetbrains.kotlin:kotlin-tooling-core:1.9.22) with MergeInstrumentationAnalysisTransform
Transforming kotlin-util-io-1.9.22.jar (org.jetbrains.kotlin:kotlin-util-io:1.9.22) with InstrumentationAnalysisTransform
Transforming builder-model-8.2.1.jar (com.android.tools.build:builder-model:8.2.1) with ExternalDependencyInstrumentingArtifactTransform
Transforming dvlib-31.2.1.jar (com.android.tools:dvlib:31.2.1) with ExternalDependencyInstrumentingArtifactTransform
Transforming common-31.2.1.jar (com.android.tools:common:31.2.1) with ExternalDependencyInstrumentingArtifactTransform
Transforming kotlin-stdlib-jdk8-1.9.0.jar (org.jetbrains.kotlin:kotlin-stdlib-jdk8:1.9.0) with ExternalDependencyInstrumentingArtifactTransform
Transforming transform-api-2.0.0-deprecated-use-gradle-api.jar (com.android.tools.build:transform-api:2.0.0-deprecated-use-gradle-api) with ExternalDependencyInstrumentingArtifactTransform
Transforming httpmime-4.5.6.jar (org.apache.httpcomponents:httpmime:4.5.6) with ExternalDependencyInstrumentingArtifactTransform
Transforming commons-io-2.4.jar (commons-io:commons-io:2.4) with ExternalDependencyInstrumentingArtifactTransform
Transforming jetifier-processor-1.0.0-beta10.jar (com.android.tools.build.jetifier:jetifier-processor:1.0.0-beta10) with ExternalDependencyInstrumentingArtifactTransform
Transforming asm-commons-9.2.jar (org.ow2.asm:asm-commons:9.2) with ExternalDependencyInstrumentingArtifactTransform
Transforming asm-util-9.2.jar (org.ow2.asm:asm-util:9.2) with ExternalDependencyInstrumentingArtifactTransform
Transforming asm-tree-9.2.jar (org.ow2.asm:asm-tree:9.2) with ExternalDependencyInstrumentingArtifactTransform
Transforming asm-9.2.jar (org.ow2.asm:asm:9.2) with ExternalDependencyInstrumentingArtifactTransform
Transforming apkzlib-8.2.1.jar (com.android.tools.build:apkzlib:8.2.1) with ExternalDependencyInstrumentingArtifactTransform
Transforming bcpkix-jdk15on-1.67.jar (org.bouncycastle:bcpkix-jdk15on:1.67) with ExternalDependencyInstrumentingArtifactTransform
Transforming jaxb-runtime-2.3.2.jar (org.glassfish.jaxb:jaxb-runtime:2.3.2) with ExternalDependencyInstrumentingArtifactTransform
Transforming kotlin-util-io-1.9.22.jar (org.jetbrains.kotlin:kotlin-util-io:1.9.22) with MergeInstrumentationAnalysisTransform
Transforming kotlin-daemon-embeddable-1.9.22.jar (org.jetbrains.kotlin:kotlin-daemon-embeddable:1.9.22) with InstrumentationAnalysisTransform
Transforming kotlin-daemon-embeddable-1.9.22.jar (org.jetbrains.kotlin:kotlin-daemon-embeddable:1.9.22) with MergeInstrumentationAnalysisTransform
Transforming kotlin-daemon-client-1.9.22.jar (org.jetbrains.kotlin:kotlin-daemon-client:1.9.22) with InstrumentationAnalysisTransform
Transforming jopt-simple-4.9.jar (net.sf.jopt-simple:jopt-simple:4.9) with ExternalDependencyInstrumentingArtifactTransform
Transforming kotlin-daemon-client-1.9.22.jar (org.jetbrains.kotlin:kotlin-daemon-client:1.9.22) with MergeInstrumentationAnalysisTransform
Transforming kotlinx-coroutines-core-jvm-1.5.0.jar (org.jetbrains.kotlinx:kotlinx-coroutines-core-jvm:1.5.0) with InstrumentationAnalysisTransform
Transforming kotlinx-coroutines-core-jvm-1.5.0.jar (org.jetbrains.kotlinx:kotlinx-coroutines-core-jvm:1.5.0) with MergeInstrumentationAnalysisTransform
Transforming kotlin-scripting-jvm-1.9.22.jar (org.jetbrains.kotlin:kotlin-scripting-jvm:1.9.22) with InstrumentationAnalysisTransform
Transforming kotlin-scripting-jvm-1.9.22.jar (org.jetbrains.kotlin:kotlin-scripting-jvm:1.9.22) with MergeInstrumentationAnalysisTransform
Transforming jetifier-core-1.0.0-beta10.jar (com.android.tools.build.jetifier:jetifier-core:1.0.0-beta10) with ExternalDependencyInstrumentingArtifactTransform
Transforming kotlin-scripting-common-1.9.22.jar (org.jetbrains.kotlin:kotlin-scripting-common:1.9.22) with InstrumentationAnalysisTransform
Transforming kotlin-scripting-common-1.9.22.jar (org.jetbrains.kotlin:kotlin-scripting-common:1.9.22) with MergeInstrumentationAnalysisTransform
Transforming failureaccess-1.0.1.jar (com.google.guava:failureaccess:1.0.1) with InstrumentationAnalysisTransform
Transforming failureaccess-1.0.1.jar (com.google.guava:failureaccess:1.0.1) with MergeInstrumentationAnalysisTransform
Transforming listenablefuture-9999.0-empty-to-avoid-conflict-with-guava.jar (com.google.guava:listenablefuture:9999.0-empty-to-avoid-conflict-with-guava) with InstrumentationAnalysisTransform
Transforming javapoet-1.10.0.jar (com.squareup:javapoet:1.10.0) with ExternalDependencyInstrumentingArtifactTransform
Transforming listenablefuture-9999.0-empty-to-avoid-conflict-with-guava.jar (com.google.guava:listenablefuture:9999.0-empty-to-avoid-conflict-with-guava) with MergeInstrumentationAnalysisTransform
Transforming xml-apis-1.4.01.jar (xml-apis:xml-apis:1.4.01) with InstrumentationAnalysisTransform
Transforming xml-apis-1.4.01.jar (xml-apis:xml-apis:1.4.01) with MergeInstrumentationAnalysisTransform
Transforming commons-logging-1.2.jar (commons-logging:commons-logging:1.2) with InstrumentationAnalysisTransform
Transforming commons-logging-1.2.jar (commons-logging:commons-logging:1.2) with MergeInstrumentationAnalysisTransform
Transforming jna-5.6.0.jar (net.java.dev.jna:jna:5.6.0) with InstrumentationAnalysisTransform
Transforming jna-5.6.0.jar (net.java.dev.jna:jna:5.6.0) with MergeInstrumentationAnalysisTransform
Transforming protobuf-java-util-3.19.3.jar (com.google.protobuf:protobuf-java-util:3.19.3) with ExternalDependencyInstrumentingArtifactTransform
Transforming kotlin-stdlib-common-1.9.0.jar (org.jetbrains.kotlin:kotlin-stdlib-common:1.9.0) with InstrumentationAnalysisTransform
Transforming kotlin-stdlib-common-1.9.0.jar (org.jetbrains.kotlin:kotlin-stdlib-common:1.9.0) with MergeInstrumentationAnalysisTransform
Transforming grpc-context-1.45.1.jar (io.grpc:grpc-context:1.45.1) with InstrumentationAnalysisTransform
Transforming grpc-protobuf-1.45.1.jar (io.grpc:grpc-protobuf:1.45.1) with ExternalDependencyInstrumentingArtifactTransform
Transforming grpc-context-1.45.1.jar (io.grpc:grpc-context:1.45.1) with MergeInstrumentationAnalysisTransform
Transforming netty-codec-http-4.1.72.Final.jar (io.netty:netty-codec-http:4.1.72.Final) with InstrumentationAnalysisTransform
Transforming netty-codec-http-4.1.72.Final.jar (io.netty:netty-codec-http:4.1.72.Final) with MergeInstrumentationAnalysisTransform
Transforming netty-handler-4.1.72.Final.jar (io.netty:netty-handler:4.1.72.Final) with InstrumentationAnalysisTransform
Transforming netty-handler-4.1.72.Final.jar (io.netty:netty-handler:4.1.72.Final) with MergeInstrumentationAnalysisTransform
Transforming netty-codec-socks-4.1.72.Final.jar (io.netty:netty-codec-socks:4.1.72.Final) with InstrumentationAnalysisTransform
Transforming tink-1.7.0.jar (com.google.crypto.tink:tink:1.7.0) with ExternalDependencyInstrumentingArtifactTransform
Transforming netty-codec-socks-4.1.72.Final.jar (io.netty:netty-codec-socks:4.1.72.Final) with MergeInstrumentationAnalysisTransform
Transforming netty-codec-4.1.72.Final.jar (io.netty:netty-codec:4.1.72.Final) with InstrumentationAnalysisTransform
Transforming netty-codec-4.1.72.Final.jar (io.netty:netty-codec:4.1.72.Final) with MergeInstrumentationAnalysisTransform
Transforming netty-transport-4.1.72.Final.jar (io.netty:netty-transport:4.1.72.Final) with InstrumentationAnalysisTransform
Transforming netty-transport-4.1.72.Final.jar (io.netty:netty-transport:4.1.72.Final) with MergeInstrumentationAnalysisTransform
Transforming netty-buffer-4.1.72.Final.jar (io.netty:netty-buffer:4.1.72.Final) with InstrumentationAnalysisTransform
Transforming netty-buffer-4.1.72.Final.jar (io.netty:netty-buffer:4.1.72.Final) with MergeInstrumentationAnalysisTransform
Transforming netty-resolver-4.1.72.Final.jar (io.netty:netty-resolver:4.1.72.Final) with InstrumentationAnalysisTransform
Transforming netty-resolver-4.1.72.Final.jar (io.netty:netty-resolver:4.1.72.Final) with MergeInstrumentationAnalysisTransform
Transforming netty-common-4.1.72.Final.jar (io.netty:netty-common:4.1.72.Final) with InstrumentationAnalysisTransform
Transforming protos-31.2.1.jar (com.android.tools.analytics-library:protos:31.2.1) with ExternalDependencyInstrumentingArtifactTransform
Transforming netty-common-4.1.72.Final.jar (io.netty:netty-common:4.1.72.Final) with MergeInstrumentationAnalysisTransform
Transforming netty-tcnative-classes-2.0.46.Final.jar (io.netty:netty-tcnative-classes:2.0.46.Final) with InstrumentationAnalysisTransform
Transforming netty-tcnative-classes-2.0.46.Final.jar (io.netty:netty-tcnative-classes:2.0.46.Final) with MergeInstrumentationAnalysisTransform
Transforming proto-google-common-protos-2.0.1.jar (com.google.api.grpc:proto-google-common-protos:2.0.1) with ExternalDependencyInstrumentingArtifactTransform
Transforming protobuf-java-3.19.3.jar (com.google.protobuf:protobuf-java:3.19.3) with ExternalDependencyInstrumentingArtifactTransform
Transforming asm-analysis-9.2.jar (org.ow2.asm:asm-analysis:9.2) with ExternalDependencyInstrumentingArtifactTransform
Transforming grpc-netty-1.45.1.jar (io.grpc:grpc-netty:1.45.1) with ExternalDependencyInstrumentingArtifactTransform
Transforming grpc-core-1.45.1.jar (io.grpc:grpc-core:1.45.1) with ExternalDependencyInstrumentingArtifactTransform
Transforming grpc-stub-1.45.1.jar (io.grpc:grpc-stub:1.45.1) with ExternalDependencyInstrumentingArtifactTransform
Transforming core-proto-0.0.8-alpha08.jar (com.google.testing.platform:core-proto:0.0.8-alpha08) with ExternalDependencyInstrumentingArtifactTransform
Transforming tensorflow-lite-metadata-0.1.0-rc2.jar (org.tensorflow:tensorflow-lite-metadata:0.1.0-rc2) with ExternalDependencyInstrumentingArtifactTransform
Transforming flatbuffers-java-1.12.0.jar (com.google.flatbuffers:flatbuffers-java:1.12.0) with ExternalDependencyInstrumentingArtifactTransform
Transforming kotlin-gradle-plugin-idea-proto-1.9.22.jar (org.jetbrains.kotlin:kotlin-gradle-plugin-idea-proto:1.9.22) with ExternalDependencyInstrumentingArtifactTransform
Transforming gson-2.10.jar (com.google.code.gson:gson:2.10) with ExternalDependencyInstrumentingArtifactTransform
Transforming kotlin-native-utils-1.9.22.jar (org.jetbrains.kotlin:kotlin-native-utils:1.9.22) with ExternalDependencyInstrumentingArtifactTransform
Transforming kotlin-klib-commonizer-api-1.9.22.jar (org.jetbrains.kotlin:kotlin-klib-commonizer-api:1.9.22) with ExternalDependencyInstrumentingArtifactTransform
Transforming kotlin-build-tools-api-1.9.22.jar (org.jetbrains.kotlin:kotlin-build-tools-api:1.9.22) with ExternalDependencyInstrumentingArtifactTransform
Transforming kotlin-android-extensions-1.9.22.jar (org.jetbrains.kotlin:kotlin-android-extensions:1.9.22) with ExternalDependencyInstrumentingArtifactTransform
Transforming kotlin-compiler-runner-1.9.22.jar (org.jetbrains.kotlin:kotlin-compiler-runner:1.9.22) with ExternalDependencyInstrumentingArtifactTransform
Transforming kotlin-compiler-embeddable-1.9.22.jar (org.jetbrains.kotlin:kotlin-compiler-embeddable:1.9.22) with ExternalDependencyInstrumentingArtifactTransform
Transforming kotlin-scripting-compiler-embeddable-1.9.22.jar (org.jetbrains.kotlin:kotlin-scripting-compiler-embeddable:1.9.22) with ExternalDependencyInstrumentingArtifactTransform
Transforming kotlin-scripting-compiler-impl-embeddable-1.9.22.jar (org.jetbrains.kotlin:kotlin-scripting-compiler-impl-embeddable:1.9.22) with ExternalDependencyInstrumentingArtifactTransform
Transforming jimfs-1.1.jar (com.google.jimfs:jimfs:1.1) with ExternalDependencyInstrumentingArtifactTransform
Transforming grpc-protobuf-lite-1.45.1.jar (io.grpc:grpc-protobuf-lite:1.45.1) with ExternalDependencyInstrumentingArtifactTransform
Transforming grpc-api-1.45.1.jar (io.grpc:grpc-api:1.45.1) with ExternalDependencyInstrumentingArtifactTransform
Transforming guava-31.1-jre.jar (com.google.guava:guava:31.1-jre) with ExternalDependencyInstrumentingArtifactTransform
Transforming dagger-2.28.3.jar (com.google.dagger:dagger:2.28.3) with ExternalDependencyInstrumentingArtifactTransform
Transforming javax.inject-1.jar (javax.inject:javax.inject:1) with ExternalDependencyInstrumentingArtifactTransform
Transforming kxml2-2.3.0.jar (net.sf.kxml:kxml2:2.3.0) with ExternalDependencyInstrumentingArtifactTransform
Transforming bcprov-jdk15on-1.67.jar (org.bouncycastle:bcprov-jdk15on:1.67) with ExternalDependencyInstrumentingArtifactTransform
Transforming kotlin-gradle-plugin-idea-1.9.22.jar (org.jetbrains.kotlin:kotlin-gradle-plugin-idea:1.9.22) with ExternalDependencyInstrumentingArtifactTransform
Transforming kotlin-reflect-1.9.0.jar (org.jetbrains.kotlin:kotlin-reflect:1.9.0) with ExternalDependencyInstrumentingArtifactTransform
Transforming xercesImpl-2.12.0.jar (xerces:xercesImpl:2.12.0) with ExternalDependencyInstrumentingArtifactTransform
Transforming commons-compress-1.21.jar (org.apache.commons:commons-compress:1.21) with ExternalDependencyInstrumentingArtifactTransform
Transforming httpclient-4.5.14.jar (org.apache.httpcomponents:httpclient:4.5.14) with ExternalDependencyInstrumentingArtifactTransform
Transforming httpcore-4.4.16.jar (org.apache.httpcomponents:httpcore:4.4.16) with ExternalDependencyInstrumentingArtifactTransform
Transforming javax.activation-1.2.0.jar (com.sun.activation:javax.activation:1.2.0) with ExternalDependencyInstrumentingArtifactTransform
Transforming kotlin-stdlib-jdk7-1.9.0.jar (org.jetbrains.kotlin:kotlin-stdlib-jdk7:1.9.0) with ExternalDependencyInstrumentingArtifactTransform
Transforming kotlin-stdlib-1.9.0.jar (org.jetbrains.kotlin:kotlin-stdlib:1.9.0) with ExternalDependencyInstrumentingArtifactTransform
Transforming annotations-13.0.jar (org.jetbrains:annotations:13.0) with ExternalDependencyInstrumentingArtifactTransform
Transforming signflinger-8.2.1.jar (com.android:signflinger:8.2.1) with ExternalDependencyInstrumentingArtifactTransform
Transforming zipflinger-8.2.1.jar (com.android:zipflinger:8.2.1) with ExternalDependencyInstrumentingArtifactTransform
Transforming trove4j-1.0.20200330.jar (org.jetbrains.intellij.deps:trove4j:1.0.20200330) with ExternalDependencyInstrumentingArtifactTransform
Transforming annotations-31.2.1.jar (com.android.tools:annotations:31.2.1) with ExternalDependencyInstrumentingArtifactTransform
Transforming jna-platform-5.6.0.jar (net.java.dev.jna:jna-platform:5.6.0) with ExternalDependencyInstrumentingArtifactTransform
Transforming juniversalchardet-1.0.3.jar (com.googlecode.juniversalchardet:juniversalchardet:1.0.3) with ExternalDependencyInstrumentingArtifactTransform
Transforming javax.annotation-api-1.3.2.jar (javax.annotation:javax.annotation-api:1.3.2) with ExternalDependencyInstrumentingArtifactTransform
Transforming stax-ex-1.8.1.jar (org.jvnet.staxex:stax-ex:1.8.1) with ExternalDependencyInstrumentingArtifactTransform
Transforming jakarta.xml.bind-api-2.3.2.jar (jakarta.xml.bind:jakarta.xml.bind-api:2.3.2) with ExternalDependencyInstrumentingArtifactTransform
Transforming txw2-2.3.2.jar (org.glassfish.jaxb:txw2:2.3.2) with ExternalDependencyInstrumentingArtifactTransform
Transforming FastInfoset-1.2.16.jar (com.sun.xml.fastinfoset:FastInfoset:1.2.16) with ExternalDependencyInstrumentingArtifactTransform
Transforming jakarta.activation-api-1.2.1.jar (jakarta.activation:jakarta.activation-api:1.2.1) with ExternalDependencyInstrumentingArtifactTransform
Transforming auto-value-annotations-1.6.2.jar (com.google.auto.value:auto-value-annotations:1.6.2) with ExternalDependencyInstrumentingArtifactTransform
Transforming error_prone_annotations-2.11.0.jar (com.google.errorprone:error_prone_annotations:2.11.0) with ExternalDependencyInstrumentingArtifactTransform
Transforming kotlin-util-klib-1.9.22.jar (org.jetbrains.kotlin:kotlin-util-klib:1.9.22) with ExternalDependencyInstrumentingArtifactTransform
Transforming jose4j-0.7.0.jar (org.bitbucket.b_c:jose4j:0.7.0) with ExternalDependencyInstrumentingArtifactTransform
Transforming slf4j-api-1.7.30.jar (org.slf4j:slf4j-api:1.7.30) with ExternalDependencyInstrumentingArtifactTransform
Transforming istack-commons-runtime-3.0.8.jar (com.sun.istack:istack-commons-runtime:3.0.8) with ExternalDependencyInstrumentingArtifactTransform
Transforming jdom2-2.0.6.jar (org.jdom:jdom2:2.0.6) with ExternalDependencyInstrumentingArtifactTransform
Transforming j2objc-annotations-1.3.jar (com.google.j2objc:j2objc-annotations:1.3) with ExternalDependencyInstrumentingArtifactTransform
Transforming jsr305-3.0.2.jar (com.google.code.findbugs:jsr305:3.0.2) with ExternalDependencyInstrumentingArtifactTransform
Transforming annotations-4.1.1.4.jar (com.google.android:annotations:4.1.1.4) with ExternalDependencyInstrumentingArtifactTransform
Transforming animal-sniffer-annotations-1.19.jar (org.codehaus.mojo:animal-sniffer-annotations:1.19) with ExternalDependencyInstrumentingArtifactTransform
Transforming perfmark-api-0.23.0.jar (io.perfmark:perfmark-api:0.23.0) with ExternalDependencyInstrumentingArtifactTransform
Transforming netty-codec-http2-4.1.72.Final.jar (io.netty:netty-codec-http2:4.1.72.Final) with ExternalDependencyInstrumentingArtifactTransform
Transforming netty-handler-proxy-4.1.72.Final.jar (io.netty:netty-handler-proxy:4.1.72.Final) with ExternalDependencyInstrumentingArtifactTransform
Transforming checker-qual-3.12.0.jar (org.checkerframework:checker-qual:3.12.0) with ExternalDependencyInstrumentingArtifactTransform
Transforming commons-codec-1.11.jar (commons-codec:commons-codec:1.11) with ExternalDependencyInstrumentingArtifactTransform
Transforming apksig-8.2.1.jar (com.android.tools.build:apksig:8.2.1) with ExternalDependencyInstrumentingArtifactTransform
Transforming javawriter-2.5.0.jar (com.squareup:javawriter:2.5.0) with ExternalDependencyInstrumentingArtifactTransform
Transforming kotlin-gradle-plugin-annotations-1.9.22.jar (org.jetbrains.kotlin:kotlin-gradle-plugin-annotations:1.9.22) with ExternalDependencyInstrumentingArtifactTransform
Transforming kotlin-project-model-1.9.22.jar (org.jetbrains.kotlin:kotlin-project-model:1.9.22) with ExternalDependencyInstrumentingArtifactTransform
Transforming kotlin-tooling-core-1.9.22.jar (org.jetbrains.kotlin:kotlin-tooling-core:1.9.22) with ExternalDependencyInstrumentingArtifactTransform
Transforming kotlin-util-io-1.9.22.jar (org.jetbrains.kotlin:kotlin-util-io:1.9.22) with ExternalDependencyInstrumentingArtifactTransform
Transforming kotlin-daemon-client-1.9.22.jar (org.jetbrains.kotlin:kotlin-daemon-client:1.9.22) with ExternalDependencyInstrumentingArtifactTransform
Transforming kotlinx-coroutines-core-jvm-1.5.0.jar (org.jetbrains.kotlinx:kotlinx-coroutines-core-jvm:1.5.0) with ExternalDependencyInstrumentingArtifactTransform
Transforming kotlin-scripting-jvm-1.9.22.jar (org.jetbrains.kotlin:kotlin-scripting-jvm:1.9.22) with ExternalDependencyInstrumentingArtifactTransform
Transforming kotlin-scripting-common-1.9.22.jar (org.jetbrains.kotlin:kotlin-scripting-common:1.9.22) with ExternalDependencyInstrumentingArtifactTransform
Transforming failureaccess-1.0.1.jar (com.google.guava:failureaccess:1.0.1) with ExternalDependencyInstrumentingArtifactTransform
Transforming listenablefuture-9999.0-empty-to-avoid-conflict-with-guava.jar (com.google.guava:listenablefuture:9999.0-empty-to-avoid-conflict-with-guava) with ExternalDependencyInstrumentingArtifactTransform
Transforming xml-apis-1.4.01.jar (xml-apis:xml-apis:1.4.01) with ExternalDependencyInstrumentingArtifactTransform
Transforming commons-logging-1.2.jar (commons-logging:commons-logging:1.2) with ExternalDependencyInstrumentingArtifactTransform
Transforming jna-5.6.0.jar (net.java.dev.jna:jna:5.6.0) with ExternalDependencyInstrumentingArtifactTransform
Transforming kotlin-stdlib-common-1.9.0.jar (org.jetbrains.kotlin:kotlin-stdlib-common:1.9.0) with ExternalDependencyInstrumentingArtifactTransform
Transforming grpc-context-1.45.1.jar (io.grpc:grpc-context:1.45.1) with ExternalDependencyInstrumentingArtifactTransform
Transforming netty-codec-http-4.1.72.Final.jar (io.netty:netty-codec-http:4.1.72.Final) with ExternalDependencyInstrumentingArtifactTransform
Transforming netty-codec-socks-4.1.72.Final.jar (io.netty:netty-codec-socks:4.1.72.Final) with ExternalDependencyInstrumentingArtifactTransform
Transforming kotlin-daemon-embeddable-1.9.22.jar (org.jetbrains.kotlin:kotlin-daemon-embeddable:1.9.22) with ExternalDependencyInstrumentingArtifactTransform
Transforming netty-codec-4.1.72.Final.jar (io.netty:netty-codec:4.1.72.Final) with ExternalDependencyInstrumentingArtifactTransform
Transforming netty-handler-4.1.72.Final.jar (io.netty:netty-handler:4.1.72.Final) with ExternalDependencyInstrumentingArtifactTransform
Transforming netty-buffer-4.1.72.Final.jar (io.netty:netty-buffer:4.1.72.Final) with ExternalDependencyInstrumentingArtifactTransform
Transforming netty-transport-4.1.72.Final.jar (io.netty:netty-transport:4.1.72.Final) with ExternalDependencyInstrumentingArtifactTransform
Transforming netty-resolver-4.1.72.Final.jar (io.netty:netty-resolver:4.1.72.Final) with ExternalDependencyInstrumentingArtifactTransform
Transforming netty-common-4.1.72.Final.jar (io.netty:netty-common:4.1.72.Final) with ExternalDependencyInstrumentingArtifactTransform
Transforming netty-tcnative-classes-2.0.46.Final.jar (io.netty:netty-tcnative-classes:2.0.46.Final) with ExternalDependencyInstrumentingArtifactTransform

> Configure project :app
Evaluating project ':app' using build file '/app/app/build.gradle'.
Using default execution profile
Using Kotlin Gradle Plugin gradle82 variant

> Configure project :common
Evaluating project ':common' using build file '/app/common/build.gradle'.
Using default execution profile
Using Kotlin Gradle Plugin gradle82 variant
All projects evaluated.
Task path ':common:testDebugUnitTest' matched project ':common'
Task name matched 'testDebugUnitTest'
Selected primary task 'testDebugUnitTest' from project :common
Tasks to be executed: [task ':common:checkKotlinGradlePluginConfigurationErrors', task ':common:preBuild', task ':common:preDebugBuild', task ':common:generateDebugResValues', task ':common:generateDebugResources', task ':common:packageDebugResources', task ':common:parseDebugLocalResources', task ':common:processDebugManifest', task ':common:generateDebugRFile', task ':common:compileDebugKotlin', task ':common:javaPreCompileDebug', task ':common:compileDebugJavaWithJavac', task ':common:bundleLibRuntimeToJarDebug', task ':common:bundleLibCompileToJarDebug', task ':common:preDebugUnitTestBuild', task ':common:generateDebugUnitTestStubRFile', task ':common:compileDebugUnitTestKotlin', task ':common:javaPreCompileDebugUnitTest', task ':common:compileDebugUnitTestJavaWithJavac', task ':common:processDebugJavaRes', task ':common:processDebugUnitTestJavaRes', task ':common:testDebugUnitTest']
Tasks that were excluded: []
Resolve mutations for :common:checkKotlinGradlePluginConfigurationErrors (Thread[#319,Execution worker,5,main]) started.
:common:checkKotlinGradlePluginConfigurationErrors (Thread[#319,Execution worker,5,main]) started.

> Task :common:checkKotlinGradlePluginConfigurationErrors
Caching disabled for task ':common:checkKotlinGradlePluginConfigurationErrors' because:
  Build cache is disabled
Task ':common:checkKotlinGradlePluginConfigurationErrors' is not up-to-date because:
  Task has not declared any outputs despite executing actions.
Resolve mutations for :common:preBuild (Thread[#319,Execution worker,5,main]) started.
:common:preBuild (Thread[#319,Execution worker,5,main]) started.

> Task :common:preBuild UP-TO-DATE
Skipping task ':common:preBuild' as it has no actions.
Resolve mutations for :common:preDebugBuild (Thread[#319,Execution worker,5,main]) started.
:common:preDebugBuild (Thread[#319,Execution worker,5,main]) started.

> Task :common:preDebugBuild UP-TO-DATE
Skipping task ':common:preDebugBuild' as it has no actions.
Resolve mutations for :common:generateDebugResValues (Thread[#319,Execution worker,5,main]) started.
:common:generateDebugResValues (Thread[#319,Execution worker,5,main]) started.

> Task :common:generateDebugResValues UP-TO-DATE
Caching disabled for task ':common:generateDebugResValues' because:
  Build cache is disabled
Skipping task ':common:generateDebugResValues' as it is up-to-date.
Resolve mutations for :common:generateDebugResources (Thread[#319,Execution worker,5,main]) started.
:common:generateDebugResources (Thread[#319,Execution worker,5,main]) started.

> Task :common:generateDebugResources UP-TO-DATE
Skipping task ':common:generateDebugResources' as it has no actions.
Resolve mutations for :common:packageDebugResources (Thread[#319,Execution worker,5,main]) started.
:common:packageDebugResources (Thread[#319,Execution worker,5,main]) started.

> Task :common:packageDebugResources UP-TO-DATE
Caching disabled for task ':common:packageDebugResources' because:
  Build cache is disabled
Skipping task ':common:packageDebugResources' as it is up-to-date.
Resolve mutations for :common:parseDebugLocalResources (Thread[#319,Execution worker,5,main]) started.
:common:parseDebugLocalResources (Thread[#319,Execution worker,5,main]) started.

> Task :common:parseDebugLocalResources UP-TO-DATE
Transforming android.jar with PlatformAttrTransform
Transforming android.jar with PlatformAttrTransform
Caching disabled for task ':common:parseDebugLocalResources' because:
  Build cache is disabled
Skipping task ':common:parseDebugLocalResources' as it is up-to-date.
Resolve mutations for :common:processDebugManifest (Thread[#319,Execution worker,5,main]) started.
:common:processDebugManifest (Thread[#319,Execution worker,5,main]) started.

> Task :common:processDebugManifest UP-TO-DATE
Caching disabled for task ':common:processDebugManifest' because:
  Build cache is disabled
Skipping task ':common:processDebugManifest' as it is up-to-date.
Resolve mutations for :common:generateDebugRFile (Thread[#318,included builds,5,main]) started.
:common:generateDebugRFile (Thread[#318,included builds,5,main]) started.

> Task :common:generateDebugRFile UP-TO-DATE
Transforming android.jar with PlatformAttrTransform
Caching disabled for task ':common:generateDebugRFile' because:
  Build cache is disabled
Skipping task ':common:generateDebugRFile' as it is up-to-date.
work action resolve package-aware-r.txt (project :common) (Thread[#319,Execution worker,5,main]) started.
Resolve mutations for :common:compileDebugKotlin (Thread[#319,Execution worker,5,main]) started.
:common:compileDebugKotlin (Thread[#319,Execution worker,5,main]) started.

> Task :common:compileDebugKotlin UP-TO-DATE
file or directory '/app/common/libs', not found
Transforming annotations-13.0.jar (org.jetbrains:annotations:13.0) with JetifyTransform
Transforming annotations-13.0.jar (org.jetbrains:annotations:13.0) with IdentityTransform
Transforming preference-ktx-1.2.1.aar (androidx.preference:preference-ktx:1.2.1) with JetifyTransform
Transforming preference-ktx-1.2.1.aar (androidx.preference:preference-ktx:1.2.1) with AarToClassTransform
Transforming preference-1.2.1.aar (androidx.preference:preference:1.2.1) with JetifyTransform
Transforming preference-1.2.1.aar (androidx.preference:preference:1.2.1) with AarToClassTransform
Transforming appcompat-1.6.1.aar (androidx.appcompat:appcompat:1.6.1) with JetifyTransform
Transforming fragment-1.3.6.aar (androidx.fragment:fragment:1.3.6) with JetifyTransform
Transforming appcompat-1.6.1.aar (androidx.appcompat:appcompat:1.6.1) with AarToClassTransform
Transforming fragment-1.3.6.aar (androidx.fragment:fragment:1.3.6) with AarToClassTransform
Transforming activity-ktx-1.6.0.aar (androidx.activity:activity-ktx:1.6.0) with JetifyTransform
Transforming activity-1.6.0.aar (androidx.activity:activity:1.6.0) with JetifyTransform
Transforming activity-ktx-1.6.0.aar (androidx.activity:activity-ktx:1.6.0) with AarToClassTransform
Transforming activity-1.6.0.aar (androidx.activity:activity:1.6.0) with AarToClassTransform
Transforming lifecycle-viewmodel-savedstate-2.5.1.aar (androidx.lifecycle:lifecycle-viewmodel-savedstate:2.5.1) with JetifyTransform
Transforming core-ktx-1.12.0.aar (androidx.core:core-ktx:1.12.0) with JetifyTransform
Transforming lifecycle-viewmodel-savedstate-2.5.1.aar (androidx.lifecycle:lifecycle-viewmodel-savedstate:2.5.1) with AarToClassTransform
Transforming core-ktx-1.12.0.aar (androidx.core:core-ktx:1.12.0) with AarToClassTransform
Transforming recyclerview-1.0.0.aar (androidx.recyclerview:recyclerview:1.0.0) with JetifyTransform
Transforming recyclerview-1.0.0.aar (androidx.recyclerview:recyclerview:1.0.0) with AarToClassTransform
Transforming legacy-support-core-utils-1.0.0.aar (androidx.legacy:legacy-support-core-utils:1.0.0) with JetifyTransform
Transforming fragment-ktx-1.3.6.aar (androidx.fragment:fragment-ktx:1.3.6) with JetifyTransform
Transforming fragment-ktx-1.3.6.aar (androidx.fragment:fragment-ktx:1.3.6) with AarToClassTransform
Transforming localbroadcastmanager-1.1.0.aar (androidx.localbroadcastmanager:localbroadcastmanager:1.1.0) with JetifyTransform
Transforming localbroadcastmanager-1.1.0.aar (androidx.localbroadcastmanager:localbroadcastmanager:1.1.0) with AarToClassTransform
Transforming localbroadcastmanager-1.1.0.aar (androidx.localbroadcastmanager:localbroadcastmanager:1.1.0) with JetifyTransform
Transforming localbroadcastmanager-1.1.0.aar (androidx.localbroadcastmanager:localbroadcastmanager:1.1.0) with AarToClassTransform
Transforming appcompat-resources-1.6.1.aar (androidx.appcompat:appcompat-resources:1.6.1) with JetifyTransform
Transforming drawerlayout-1.0.0.aar (androidx.drawerlayout:drawerlayout:1.0.0) with JetifyTransform
Transforming appcompat-resources-1.6.1.aar (androidx.appcompat:appcompat-resources:1.6.1) with AarToClassTransform
Transforming drawerlayout-1.0.0.aar (androidx.drawerlayout:drawerlayout:1.0.0) with AarToClassTransform
Transforming drawerlayout-1.0.0.aar (androidx.drawerlayout:drawerlayout:1.0.0) with JetifyTransform
Transforming drawerlayout-1.0.0.aar (androidx.drawerlayout:drawerlayout:1.0.0) with AarToClassTransform
Transforming legacy-support-core-utils-1.0.0.aar (androidx.legacy:legacy-support-core-utils:1.0.0) with AarToClassTransform
Transforming vectordrawable-1.1.0.aar (androidx.vectordrawable:vectordrawable:1.1.0) with JetifyTransform
Transforming vectordrawable-1.1.0.aar (androidx.vectordrawable:vectordrawable:1.1.0) with AarToClassTransform
Transforming viewpager-1.0.0.aar (androidx.viewpager:viewpager:1.0.0) with JetifyTransform
Transforming viewpager-1.0.0.aar (androidx.viewpager:viewpager:1.0.0) with AarToClassTransform
Transforming viewpager-1.0.0.aar (androidx.viewpager:viewpager:1.0.0) with JetifyTransform
Transforming viewpager-1.0.0.aar (androidx.viewpager:viewpager:1.0.0) with AarToClassTransform
Transforming vectordrawable-animated-1.1.0.aar (androidx.vectordrawable:vectordrawable-animated:1.1.0) with JetifyTransform
Transforming vectordrawable-animated-1.1.0.aar (androidx.vectordrawable:vectordrawable-animated:1.1.0) with AarToClassTransform
Transforming slidingpanelayout-1.2.0.aar (androidx.slidingpanelayout:slidingpanelayout:1.2.0) with JetifyTransform
Transforming vectordrawable-1.1.0.aar (androidx.vectordrawable:vectordrawable:1.1.0) with JetifyTransform
Transforming slidingpanelayout-1.2.0.aar (androidx.slidingpanelayout:slidingpanelayout:1.2.0) with AarToClassTransform
Transforming vectordrawable-1.1.0.aar (androidx.vectordrawable:vectordrawable:1.1.0) with AarToClassTransform
Transforming legacy-support-core-ui-1.0.0.aar (androidx.legacy:legacy-support-core-ui:1.0.0) with JetifyTransform
Transforming slidingpanelayout-1.2.0.aar (androidx.slidingpanelayout:slidingpanelayout:1.2.0) with JetifyTransform
Transforming slidingpanelayout-1.2.0.aar (androidx.slidingpanelayout:slidingpanelayout:1.2.0) with AarToClassTransform
Transforming legacy-support-core-ui-1.0.0.aar (androidx.legacy:legacy-support-core-ui:1.0.0) with AarToClassTransform
Transforming customview-1.1.0.aar (androidx.customview:customview:1.1.0) with JetifyTransform
Transforming customview-1.1.0.aar (androidx.customview:customview:1.1.0) with JetifyTransform
Transforming customview-1.1.0.aar (androidx.customview:customview:1.1.0) with JetifyTransform
Transforming customview-1.1.0.aar (androidx.customview:customview:1.1.0) with AarToClassTransform
Transforming customview-1.1.0.aar (androidx.customview:customview:1.1.0) with AarToClassTransform
Transforming customview-1.1.0.aar (androidx.customview:customview:1.1.0) with AarToClassTransform
Transforming swiperefreshlayout-1.0.0.aar (androidx.swiperefreshlayout:swiperefreshlayout:1.0.0) with JetifyTransform
Transforming loader-1.0.0.aar (androidx.loader:loader:1.0.0) with JetifyTransform
Transforming coordinatorlayout-1.0.0.aar (androidx.coordinatorlayout:coordinatorlayout:1.0.0) with JetifyTransform
Transforming loader-1.0.0.aar (androidx.loader:loader:1.0.0) with JetifyTransform
Transforming loader-1.0.0.aar (androidx.loader:loader:1.0.0) with AarToClassTransform
Transforming loader-1.0.0.aar (androidx.loader:loader:1.0.0) with AarToClassTransform
Transforming asynclayoutinflater-1.0.0.aar (androidx.asynclayoutinflater:asynclayoutinflater:1.0.0) with JetifyTransform
Transforming asynclayoutinflater-1.0.0.aar (androidx.asynclayoutinflater:asynclayoutinflater:1.0.0) with AarToClassTransform
Transforming core-1.12.0.aar (androidx.core:core:1.12.0) with JetifyTransform
Transforming core-1.12.0.aar (androidx.core:core:1.12.0) with JetifyTransform
Transforming swiperefreshlayout-1.0.0.aar (androidx.swiperefreshlayout:swiperefreshlayout:1.0.0) with AarToClassTransform
Transforming coordinatorlayout-1.0.0.aar (androidx.coordinatorlayout:coordinatorlayout:1.0.0) with AarToClassTransform
Transforming core-1.12.0.aar (androidx.core:core:1.12.0) with JetifyTransform
Transforming core-1.12.0.aar (androidx.core:core:1.12.0) with AarToClassTransform
Transforming core-1.12.0.aar (androidx.core:core:1.12.0) with JetifyTransform
Transforming core-1.12.0.aar (androidx.core:core:1.12.0) with AarToClassTransform
Transforming cursoradapter-1.0.0.aar (androidx.cursoradapter:cursoradapter:1.0.0) with JetifyTransform
Transforming cursoradapter-1.0.0.aar (androidx.cursoradapter:cursoradapter:1.0.0) with AarToClassTransform
Transforming core-1.12.0.aar (androidx.core:core:1.12.0) with AarToClassTransform
Transforming savedstate-ktx-1.2.0.aar (androidx.savedstate:savedstate-ktx:1.2.0) with JetifyTransform
Transforming savedstate-ktx-1.2.0.aar (androidx.savedstate:savedstate-ktx:1.2.0) with AarToClassTransform
Transforming savedstate-1.2.0.aar (androidx.savedstate:savedstate:1.2.0) with JetifyTransform
Transforming lifecycle-runtime-ktx-2.5.1.aar (androidx.lifecycle:lifecycle-runtime-ktx:2.5.1) with JetifyTransform
Transforming cursoradapter-1.0.0.aar (androidx.cursoradapter:cursoradapter:1.0.0) with JetifyTransform
Transforming lifecycle-runtime-ktx-2.5.1.aar (androidx.lifecycle:lifecycle-runtime-ktx:2.5.1) with AarToClassTransform
Transforming cursoradapter-1.0.0.aar (androidx.cursoradapter:cursoradapter:1.0.0) with AarToClassTransform
Transforming lifecycle-runtime-2.5.1.aar (androidx.lifecycle:lifecycle-runtime:2.5.1) with JetifyTransform
Transforming lifecycle-runtime-2.5.1.aar (androidx.lifecycle:lifecycle-runtime:2.5.1) with AarToClassTransform
Transforming versionedparcelable-1.1.1.aar (androidx.versionedparcelable:versionedparcelable:1.1.1) with JetifyTransform
Transforming savedstate-1.2.0.aar (androidx.savedstate:savedstate:1.2.0) with AarToClassTransform
Transforming versionedparcelable-1.1.1.aar (androidx.versionedparcelable:versionedparcelable:1.1.1) with AarToClassTransform
Transforming core-1.12.0.aar (androidx.core:core:1.12.0) with AarToClassTransform
Transforming lifecycle-viewmodel-2.5.1.aar (androidx.lifecycle:lifecycle-viewmodel:2.5.1) with JetifyTransform
Transforming lifecycle-viewmodel-2.5.1.aar (androidx.lifecycle:lifecycle-viewmodel:2.5.1) with AarToClassTransform
Transforming collection-ktx-1.1.0.jar (androidx.collection:collection-ktx:1.1.0) with JetifyTransform
Transforming lifecycle-viewmodel-ktx-2.5.1.aar (androidx.lifecycle:lifecycle-viewmodel-ktx:2.5.1) with JetifyTransform
Transforming collection-ktx-1.1.0.jar (androidx.collection:collection-ktx:1.1.0) with IdentityTransform
Transforming lifecycle-viewmodel-ktx-2.5.1.aar (androidx.lifecycle:lifecycle-viewmodel-ktx:2.5.1) with AarToClassTransform
Transforming lifecycle-viewmodel-2.5.1.aar (androidx.lifecycle:lifecycle-viewmodel:2.5.1) with JetifyTransform
Transforming lifecycle-viewmodel-2.5.1.aar (androidx.lifecycle:lifecycle-viewmodel:2.5.1) with AarToClassTransform
Transforming collection-1.1.0.jar (androidx.collection:collection:1.1.0) with JetifyTransform
Transforming lifecycle-livedata-2.0.0.aar (androidx.lifecycle:lifecycle-livedata:2.0.0) with JetifyTransform
Transforming core-runtime-2.1.0.aar (androidx.arch.core:core-runtime:2.1.0) with JetifyTransform
Transforming lifecycle-livedata-2.0.0.aar (androidx.lifecycle:lifecycle-livedata:2.0.0) with AarToClassTransform
Transforming core-common-2.1.0.jar (androidx.arch.core:core-common:2.1.0) with JetifyTransform
Transforming core-runtime-2.1.0.aar (androidx.arch.core:core-runtime:2.1.0) with AarToClassTransform
Transforming core-common-2.1.0.jar (androidx.arch.core:core-common:2.1.0) with IdentityTransform
Transforming lifecycle-livedata-core-ktx-2.3.1.aar (androidx.lifecycle:lifecycle-livedata-core-ktx:2.3.1) with JetifyTransform
Transforming lifecycle-livedata-core-ktx-2.3.1.aar (androidx.lifecycle:lifecycle-livedata-core-ktx:2.3.1) with AarToClassTransform
Transforming collection-1.1.0.jar (androidx.collection:collection:1.1.0) with IdentityTransform
Transforming lifecycle-livedata-core-2.5.1.aar (androidx.lifecycle:lifecycle-livedata-core:2.5.1) with JetifyTransform
Transforming lifecycle-livedata-core-2.5.1.aar (androidx.lifecycle:lifecycle-livedata-core:2.5.1) with AarToClassTransform
Transforming lifecycle-livedata-core-2.5.1.aar (androidx.lifecycle:lifecycle-livedata-core:2.5.1) with JetifyTransform
Transforming lifecycle-livedata-core-2.5.1.aar (androidx.lifecycle:lifecycle-livedata-core:2.5.1) with AarToClassTransform
Transforming lifecycle-common-2.5.1.jar (androidx.lifecycle:lifecycle-common:2.5.1) with JetifyTransform
Transforming lifecycle-common-2.5.1.jar (androidx.lifecycle:lifecycle-common:2.5.1) with IdentityTransform
Transforming interpolator-1.0.0.aar (androidx.interpolator:interpolator:1.0.0) with JetifyTransform
Transforming interpolator-1.0.0.aar (androidx.interpolator:interpolator:1.0.0) with AarToClassTransform
Transforming documentfile-1.0.0.aar (androidx.documentfile:documentfile:1.0.0) with JetifyTransform
Transforming documentfile-1.0.0.aar (androidx.documentfile:documentfile:1.0.0) with AarToClassTransform
Transforming interpolator-1.0.0.aar (androidx.interpolator:interpolator:1.0.0) with JetifyTransform
Transforming interpolator-1.0.0.aar (androidx.interpolator:interpolator:1.0.0) with AarToClassTransform
Transforming annotation-jvm-1.6.0.jar (androidx.annotation:annotation-jvm:1.6.0) with JetifyTransform
Transforming interpolator-1.0.0.aar (androidx.interpolator:interpolator:1.0.0) with JetifyTransform
Transforming annotation-jvm-1.6.0.jar (androidx.annotation:annotation-jvm:1.6.0) with IdentityTransform
Transforming interpolator-1.0.0.aar (androidx.interpolator:interpolator:1.0.0) with AarToClassTransform
Transforming kotlinx-coroutines-core-jvm-1.6.1.jar (org.jetbrains.kotlinx:kotlinx-coroutines-core-jvm:1.6.1) with JetifyTransform
Transforming print-1.0.0.aar (androidx.print:print:1.0.0) with JetifyTransform
Transforming kotlinx-coroutines-core-jvm-1.6.1.jar (org.jetbrains.kotlinx:kotlinx-coroutines-core-jvm:1.6.1) with IdentityTransform
Transforming print-1.0.0.aar (androidx.print:print:1.0.0) with AarToClassTransform
Transforming kotlin-stdlib-jdk8-1.8.0.jar (org.jetbrains.kotlin:kotlin-stdlib-jdk8:1.8.0) with JetifyTransform
Transforming kotlin-stdlib-jdk8-1.8.0.jar (org.jetbrains.kotlin:kotlin-stdlib-jdk8:1.8.0) with IdentityTransform
Transforming kotlin-stdlib-jdk7-1.8.0.jar (org.jetbrains.kotlin:kotlin-stdlib-jdk7:1.8.0) with JetifyTransform
Transforming annotation-experimental-1.3.0.aar (androidx.annotation:annotation-experimental:1.3.0) with JetifyTransform
Transforming kotlin-stdlib-jdk7-1.8.0.jar (org.jetbrains.kotlin:kotlin-stdlib-jdk7:1.8.0) with IdentityTransform
Transforming annotation-experimental-1.3.0.aar (androidx.annotation:annotation-experimental:1.3.0) with AarToClassTransform
Transforming kotlinx-coroutines-android-1.6.1.jar (org.jetbrains.kotlinx:kotlinx-coroutines-android:1.6.1) with JetifyTransform
Transforming kotlin-stdlib-1.9.22.jar (org.jetbrains.kotlin:kotlin-stdlib:1.9.22) with JetifyTransform
Transforming kotlinx-coroutines-android-1.6.1.jar (org.jetbrains.kotlinx:kotlinx-coroutines-android:1.6.1) with IdentityTransform
Transforming kotlin-stdlib-1.9.22.jar (org.jetbrains.kotlin:kotlin-stdlib:1.9.22) with IdentityTransform
Transforming constraintlayout-2.1.4.aar (androidx.constraintlayout:constraintlayout:2.1.4) with JetifyTransform
Transforming flatbuffers-java-23.5.26.jar (com.google.flatbuffers:flatbuffers-java:23.5.26) with JetifyTransform
Transforming constraintlayout-2.1.4.aar (androidx.constraintlayout:constraintlayout:2.1.4) with AarToClassTransform
Transforming flatbuffers-java-23.5.26.jar (com.google.flatbuffers:flatbuffers-java:23.5.26) with IdentityTransform
Transforming usb-serial-for-android-3.7.0.aar (com.github.mik3y:usb-serial-for-android:3.7.0) with JetifyTransform
Transforming usb-serial-for-android-3.7.0.aar (com.github.mik3y:usb-serial-for-android:3.7.0) with AarToClassTransform
Transforming R.jar with ClasspathEntrySnapshotTransform
Transforming jetified-preference-ktx-1.2.1-api.jar with ClasspathEntrySnapshotTransform
Transforming preference-1.2.1-api.jar with ClasspathEntrySnapshotTransform
Transforming jetified-fragment-ktx-1.3.6-api.jar with ClasspathEntrySnapshotTransform
Transforming appcompat-1.6.1-api.jar with ClasspathEntrySnapshotTransform
Transforming fragment-1.3.6-api.jar with ClasspathEntrySnapshotTransform
Transforming jetified-activity-ktx-1.6.0-api.jar with ClasspathEntrySnapshotTransform
Transforming jetified-activity-1.6.0-api.jar with ClasspathEntrySnapshotTransform
Transforming jetified-lifecycle-viewmodel-savedstate-2.5.1-api.jar with ClasspathEntrySnapshotTransform
Transforming jetified-core-ktx-1.12.0-api.jar with ClasspathEntrySnapshotTransform
Transforming recyclerview-1.0.0-api.jar with ClasspathEntrySnapshotTransform
Transforming legacy-support-core-ui-1.0.0-api.jar with ClasspathEntrySnapshotTransform
Transforming legacy-support-core-utils-1.0.0-api.jar with ClasspathEntrySnapshotTransform
Transforming localbroadcastmanager-1.1.0-api.jar with ClasspathEntrySnapshotTransform
Transforming jetified-appcompat-resources-1.6.1-api.jar with ClasspathEntrySnapshotTransform
Transforming drawerlayout-1.0.0-api.jar with ClasspathEntrySnapshotTransform
Transforming vectordrawable-animated-1.1.0-api.jar with ClasspathEntrySnapshotTransform
Transforming vectordrawable-1.1.0-api.jar with ClasspathEntrySnapshotTransform
Transforming viewpager-1.0.0-api.jar with ClasspathEntrySnapshotTransform
Transforming slidingpanelayout-1.2.0-api.jar with ClasspathEntrySnapshotTransform
Transforming coordinatorlayout-1.0.0-api.jar with ClasspathEntrySnapshotTransform
Transforming customview-1.1.0-api.jar with ClasspathEntrySnapshotTransform
Transforming loader-1.0.0-api.jar with ClasspathEntrySnapshotTransform
Transforming swiperefreshlayout-1.0.0-api.jar with ClasspathEntrySnapshotTransform
Transforming asynclayoutinflater-1.0.0-api.jar with ClasspathEntrySnapshotTransform
Transforming core-1.12.0-api.jar with ClasspathEntrySnapshotTransform
Transforming cursoradapter-1.0.0-api.jar with ClasspathEntrySnapshotTransform
Transforming jetified-savedstate-ktx-1.2.0-api.jar with ClasspathEntrySnapshotTransform
Transforming jetified-savedstate-1.2.0-api.jar with ClasspathEntrySnapshotTransform
Transforming jetified-lifecycle-runtime-ktx-2.5.1-api.jar with ClasspathEntrySnapshotTransform
Transforming lifecycle-runtime-2.5.1-api.jar with ClasspathEntrySnapshotTransform
Transforming versionedparcelable-1.1.1-api.jar with ClasspathEntrySnapshotTransform
Transforming jetified-lifecycle-viewmodel-ktx-2.5.1-api.jar with ClasspathEntrySnapshotTransform
Transforming lifecycle-viewmodel-2.5.1-api.jar with ClasspathEntrySnapshotTransform
Transforming jetified-collection-ktx-1.1.0.jar with ClasspathEntrySnapshotTransform
Transforming collection-1.1.0.jar with ClasspathEntrySnapshotTransform
Transforming lifecycle-livedata-2.0.0-api.jar with ClasspathEntrySnapshotTransform
Transforming core-runtime-2.1.0-api.jar with ClasspathEntrySnapshotTransform
Transforming core-common-2.1.0.jar with ClasspathEntrySnapshotTransform
Transforming jetified-lifecycle-livedata-core-ktx-2.3.1-api.jar with ClasspathEntrySnapshotTransform
Transforming lifecycle-livedata-core-2.5.1-api.jar with ClasspathEntrySnapshotTransform
Transforming lifecycle-common-2.5.1.jar with ClasspathEntrySnapshotTransform
Transforming interpolator-1.0.0-api.jar with ClasspathEntrySnapshotTransform
Transforming documentfile-1.0.0-api.jar with ClasspathEntrySnapshotTransform
Transforming print-1.0.0-api.jar with ClasspathEntrySnapshotTransform
Transforming jetified-annotation-jvm-1.6.0.jar with ClasspathEntrySnapshotTransform
Transforming jetified-annotation-experimental-1.3.0-api.jar with ClasspathEntrySnapshotTransform
Transforming jetified-kotlinx-coroutines-core-jvm-1.6.1.jar with ClasspathEntrySnapshotTransform
Transforming jetified-kotlinx-coroutines-android-1.6.1.jar with ClasspathEntrySnapshotTransform
Transforming jetified-kotlin-stdlib-jdk8-1.8.0.jar with ClasspathEntrySnapshotTransform
Transforming jetified-kotlin-stdlib-jdk7-1.8.0.jar with ClasspathEntrySnapshotTransform
Transforming jetified-kotlin-stdlib-1.9.22.jar with ClasspathEntrySnapshotTransform
Transforming jetified-annotations-13.0.jar with ClasspathEntrySnapshotTransform
Transforming constraintlayout-2.1.4-api.jar with ClasspathEntrySnapshotTransform
Transforming jetified-flatbuffers-java-23.5.26.jar with ClasspathEntrySnapshotTransform
Transforming jetified-usb-serial-for-android-3.7.0-api.jar with ClasspathEntrySnapshotTransform
Transforming android.jar with ClasspathEntrySnapshotTransform
Transforming core-lambda-stubs.jar with ClasspathEntrySnapshotTransform
Caching disabled for task ':common:compileDebugKotlin' because:
  Build cache is disabled
Skipping task ':common:compileDebugKotlin' as it is up-to-date.
Resolve mutations for :common:javaPreCompileDebug (Thread[#319,Execution worker,5,main]) started.
:common:javaPreCompileDebug (Thread[#319,Execution worker,5,main]) started.

> Task :common:javaPreCompileDebug UP-TO-DATE
Caching disabled for task ':common:javaPreCompileDebug' because:
  Build cache is disabled
Skipping task ':common:javaPreCompileDebug' as it is up-to-date.
Resolve mutations for :common:compileDebugJavaWithJavac (Thread[#319,Execution worker,5,main]) started.
:common:compileDebugJavaWithJavac (Thread[#319,Execution worker,5,main]) started.

> Task :common:compileDebugJavaWithJavac UP-TO-DATE
file or directory '/app/common/libs', not found
Transforming core-for-system-modules.jar with JdkImageTransform
Transforming core-for-system-modules.jar with JdkImageTransform
Transforming core-for-system-modules.jar with JdkImageTransform
Transforming core-for-system-modules.jar with JdkImageTransform
file or directory '/app/common/libs', not found
Transforming core-for-system-modules.jar with JdkImageTransform
Transforming core-for-system-modules.jar with JdkImageTransform
Custom actions are attached to task ':common:compileDebugJavaWithJavac'.
Caching disabled for task ':common:compileDebugJavaWithJavac' because:
  Build cache is disabled
Skipping task ':common:compileDebugJavaWithJavac' as it is up-to-date.
No compile result for :common:compileDebugJavaWithJavac
Resolve mutations for :common:bundleLibRuntimeToJarDebug (Thread[#319,Execution worker,5,main]) started.
:common:bundleLibRuntimeToJarDebug (Thread[#319,Execution worker,5,main]) started.

> Task :common:bundleLibRuntimeToJarDebug UP-TO-DATE
Caching disabled for task ':common:bundleLibRuntimeToJarDebug' because:
  Build cache is disabled
  Tasks that merge files into a directory/jar without further processing usually do not benefit from caching. Also, their outputs are usually large, which would consume a lot of space when cached.
Skipping task ':common:bundleLibRuntimeToJarDebug' as it is up-to-date.
work action resolve classes.jar (project :common) (Thread[#319,Execution worker,5,main]) started.
Resolve mutations for :common:bundleLibCompileToJarDebug (Thread[#319,Execution worker,5,main]) started.
:common:bundleLibCompileToJarDebug (Thread[#319,Execution worker,5,main]) started.

> Task :common:bundleLibCompileToJarDebug UP-TO-DATE
Caching disabled for task ':common:bundleLibCompileToJarDebug' because:
  Build cache is disabled
  Tasks that merge files into a directory/jar without further processing usually do not benefit from caching. Also, their outputs are usually large, which would consume a lot of space when cached.
Skipping task ':common:bundleLibCompileToJarDebug' as it is up-to-date.
work action resolve classes.jar (project :common) (Thread[#319,Execution worker,5,main]) started.
Resolve mutations for :common:preDebugUnitTestBuild (Thread[#319,Execution worker,5,main]) started.
:common:preDebugUnitTestBuild (Thread[#319,Execution worker,5,main]) started.

> Task :common:preDebugUnitTestBuild UP-TO-DATE
Skipping task ':common:preDebugUnitTestBuild' as it has no actions.
Resolve mutations for :common:generateDebugUnitTestStubRFile (Thread[#319,Execution worker,5,main]) started.
:common:generateDebugUnitTestStubRFile (Thread[#319,Execution worker,5,main]) started.

> Task :common:generateDebugUnitTestStubRFile UP-TO-DATE
file or directory '/app/common/libs', not found
Transforming constraintlayout-2.1.4.aar (androidx.constraintlayout:constraintlayout:2.1.4) with JetifyTransform
Transforming constraintlayout-2.1.4.aar (androidx.constraintlayout:constraintlayout:2.1.4) with ExtractAarTransform
Transforming constraintlayout-2.1.4.aar (androidx.constraintlayout:constraintlayout:2.1.4) with LibrarySymbolTableTransform
Transforming appcompat-resources-1.6.1.aar (androidx.appcompat:appcompat-resources:1.6.1) with JetifyTransform
Transforming appcompat-resources-1.6.1.aar (androidx.appcompat:appcompat-resources:1.6.1) with ExtractAarTransform
Transforming appcompat-resources-1.6.1.aar (androidx.appcompat:appcompat-resources:1.6.1) with LibrarySymbolTableTransform
Transforming preference-ktx-1.2.1.aar (androidx.preference:preference-ktx:1.2.1) with JetifyTransform
Transforming preference-ktx-1.2.1.aar (androidx.preference:preference-ktx:1.2.1) with ExtractAarTransform
Transforming preference-ktx-1.2.1.aar (androidx.preference:preference-ktx:1.2.1) with LibrarySymbolTableTransform
Transforming preference-1.2.1.aar (androidx.preference:preference:1.2.1) with JetifyTransform
Transforming preference-1.2.1.aar (androidx.preference:preference:1.2.1) with ExtractAarTransform
Transforming preference-1.2.1.aar (androidx.preference:preference:1.2.1) with LibrarySymbolTableTransform
Transforming appcompat-1.6.1.aar (androidx.appcompat:appcompat:1.6.1) with JetifyTransform
Transforming appcompat-1.6.1.aar (androidx.appcompat:appcompat:1.6.1) with ExtractAarTransform
Transforming appcompat-1.6.1.aar (androidx.appcompat:appcompat:1.6.1) with LibrarySymbolTableTransform
Transforming fragment-ktx-1.3.6.aar (androidx.fragment:fragment-ktx:1.3.6) with JetifyTransform
Transforming fragment-ktx-1.3.6.aar (androidx.fragment:fragment-ktx:1.3.6) with ExtractAarTransform
Transforming fragment-ktx-1.3.6.aar (androidx.fragment:fragment-ktx:1.3.6) with LibrarySymbolTableTransform
Transforming fragment-1.3.6.aar (androidx.fragment:fragment:1.3.6) with JetifyTransform
Transforming fragment-1.3.6.aar (androidx.fragment:fragment:1.3.6) with ExtractAarTransform
Transforming fragment-1.3.6.aar (androidx.fragment:fragment:1.3.6) with LibrarySymbolTableTransform
Transforming activity-ktx-1.6.0.aar (androidx.activity:activity-ktx:1.6.0) with JetifyTransform
Transforming activity-ktx-1.6.0.aar (androidx.activity:activity-ktx:1.6.0) with ExtractAarTransform
Transforming activity-ktx-1.6.0.aar (androidx.activity:activity-ktx:1.6.0) with LibrarySymbolTableTransform
Transforming activity-1.6.0.aar (androidx.activity:activity:1.6.0) with JetifyTransform
Transforming activity-1.6.0.aar (androidx.activity:activity:1.6.0) with ExtractAarTransform
Transforming activity-1.6.0.aar (androidx.activity:activity:1.6.0) with LibrarySymbolTableTransform
Transforming recyclerview-1.0.0.aar (androidx.recyclerview:recyclerview:1.0.0) with JetifyTransform
Transforming recyclerview-1.0.0.aar (androidx.recyclerview:recyclerview:1.0.0) with ExtractAarTransform
Transforming recyclerview-1.0.0.aar (androidx.recyclerview:recyclerview:1.0.0) with LibrarySymbolTableTransform
Transforming legacy-support-core-ui-1.0.0.aar (androidx.legacy:legacy-support-core-ui:1.0.0) with JetifyTransform
Transforming legacy-support-core-ui-1.0.0.aar (androidx.legacy:legacy-support-core-ui:1.0.0) with ExtractAarTransform
Transforming legacy-support-core-ui-1.0.0.aar (androidx.legacy:legacy-support-core-ui:1.0.0) with LibrarySymbolTableTransform
Transforming drawerlayout-1.0.0.aar (androidx.drawerlayout:drawerlayout:1.0.0) with JetifyTransform
Transforming drawerlayout-1.0.0.aar (androidx.drawerlayout:drawerlayout:1.0.0) with ExtractAarTransform
Transforming drawerlayout-1.0.0.aar (androidx.drawerlayout:drawerlayout:1.0.0) with LibrarySymbolTableTransform
Transforming drawerlayout-1.0.0.aar (androidx.drawerlayout:drawerlayout:1.0.0) with JetifyTransform
Transforming drawerlayout-1.0.0.aar (androidx.drawerlayout:drawerlayout:1.0.0) with ExtractAarTransform
Transforming drawerlayout-1.0.0.aar (androidx.drawerlayout:drawerlayout:1.0.0) with LibrarySymbolTableTransform
Transforming vectordrawable-animated-1.1.0.aar (androidx.vectordrawable:vectordrawable-animated:1.1.0) with JetifyTransform
Transforming vectordrawable-animated-1.1.0.aar (androidx.vectordrawable:vectordrawable-animated:1.1.0) with ExtractAarTransform
Transforming vectordrawable-animated-1.1.0.aar (androidx.vectordrawable:vectordrawable-animated:1.1.0) with LibrarySymbolTableTransform
Transforming emoji2-views-helper-1.2.0.aar (androidx.emoji2:emoji2-views-helper:1.2.0) with JetifyTransform
Transforming vectordrawable-1.1.0.aar (androidx.vectordrawable:vectordrawable:1.1.0) with JetifyTransform
Transforming emoji2-views-helper-1.2.0.aar (androidx.emoji2:emoji2-views-helper:1.2.0) with ExtractAarTransform
Transforming vectordrawable-1.1.0.aar (androidx.vectordrawable:vectordrawable:1.1.0) with ExtractAarTransform
Transforming vectordrawable-1.1.0.aar (androidx.vectordrawable:vectordrawable:1.1.0) with LibrarySymbolTableTransform
Transforming emoji2-views-helper-1.2.0.aar (androidx.emoji2:emoji2-views-helper:1.2.0) with LibrarySymbolTableTransform
Transforming vectordrawable-1.1.0.aar (androidx.vectordrawable:vectordrawable:1.1.0) with JetifyTransform
Transforming vectordrawable-1.1.0.aar (androidx.vectordrawable:vectordrawable:1.1.0) with ExtractAarTransform
Transforming vectordrawable-1.1.0.aar (androidx.vectordrawable:vectordrawable:1.1.0) with LibrarySymbolTableTransform
Transforming viewpager-1.0.0.aar (androidx.viewpager:viewpager:1.0.0) with JetifyTransform
Transforming viewpager-1.0.0.aar (androidx.viewpager:viewpager:1.0.0) with ExtractAarTransform
Transforming viewpager-1.0.0.aar (androidx.viewpager:viewpager:1.0.0) with LibrarySymbolTableTransform
Transforming viewpager-1.0.0.aar (androidx.viewpager:viewpager:1.0.0) with JetifyTransform
Transforming viewpager-1.0.0.aar (androidx.viewpager:viewpager:1.0.0) with ExtractAarTransform
Transforming viewpager-1.0.0.aar (androidx.viewpager:viewpager:1.0.0) with LibrarySymbolTableTransform
Transforming legacy-support-core-utils-1.0.0.aar (androidx.legacy:legacy-support-core-utils:1.0.0) with JetifyTransform
Transforming legacy-support-core-utils-1.0.0.aar (androidx.legacy:legacy-support-core-utils:1.0.0) with ExtractAarTransform
Transforming legacy-support-core-utils-1.0.0.aar (androidx.legacy:legacy-support-core-utils:1.0.0) with LibrarySymbolTableTransform
Transforming loader-1.0.0.aar (androidx.loader:loader:1.0.0) with JetifyTransform
Transforming loader-1.0.0.aar (androidx.loader:loader:1.0.0) with ExtractAarTransform
Transforming loader-1.0.0.aar (androidx.loader:loader:1.0.0) with LibrarySymbolTableTransform
Transforming loader-1.0.0.aar (androidx.loader:loader:1.0.0) with JetifyTransform
Transforming loader-1.0.0.aar (androidx.loader:loader:1.0.0) with ExtractAarTransform
Transforming loader-1.0.0.aar (androidx.loader:loader:1.0.0) with LibrarySymbolTableTransform
Transforming slidingpanelayout-1.2.0.aar (androidx.slidingpanelayout:slidingpanelayout:1.2.0) with JetifyTransform
Transforming slidingpanelayout-1.2.0.aar (androidx.slidingpanelayout:slidingpanelayout:1.2.0) with ExtractAarTransform
Transforming slidingpanelayout-1.2.0.aar (androidx.slidingpanelayout:slidingpanelayout:1.2.0) with LibrarySymbolTableTransform
Transforming slidingpanelayout-1.2.0.aar (androidx.slidingpanelayout:slidingpanelayout:1.2.0) with JetifyTransform
Transforming slidingpanelayout-1.2.0.aar (androidx.slidingpanelayout:slidingpanelayout:1.2.0) with ExtractAarTransform
Transforming slidingpanelayout-1.2.0.aar (androidx.slidingpanelayout:slidingpanelayout:1.2.0) with LibrarySymbolTableTransform
Transforming coordinatorlayout-1.0.0.aar (androidx.coordinatorlayout:coordinatorlayout:1.0.0) with JetifyTransform
Transforming coordinatorlayout-1.0.0.aar (androidx.coordinatorlayout:coordinatorlayout:1.0.0) with ExtractAarTransform
Transforming coordinatorlayout-1.0.0.aar (androidx.coordinatorlayout:coordinatorlayout:1.0.0) with LibrarySymbolTableTransform
Transforming customview-1.1.0.aar (androidx.customview:customview:1.1.0) with JetifyTransform
Transforming customview-1.1.0.aar (androidx.customview:customview:1.1.0) with ExtractAarTransform
Transforming customview-1.1.0.aar (androidx.customview:customview:1.1.0) with LibrarySymbolTableTransform
Transforming customview-1.1.0.aar (androidx.customview:customview:1.1.0) with JetifyTransform
Transforming customview-1.1.0.aar (androidx.customview:customview:1.1.0) with ExtractAarTransform
Transforming customview-1.1.0.aar (androidx.customview:customview:1.1.0) with LibrarySymbolTableTransform
Transforming swiperefreshlayout-1.0.0.aar (androidx.swiperefreshlayout:swiperefreshlayout:1.0.0) with JetifyTransform
Transforming swiperefreshlayout-1.0.0.aar (androidx.swiperefreshlayout:swiperefreshlayout:1.0.0) with ExtractAarTransform
Transforming swiperefreshlayout-1.0.0.aar (androidx.swiperefreshlayout:swiperefreshlayout:1.0.0) with LibrarySymbolTableTransform
Transforming asynclayoutinflater-1.0.0.aar (androidx.asynclayoutinflater:asynclayoutinflater:1.0.0) with JetifyTransform
Transforming asynclayoutinflater-1.0.0.aar (androidx.asynclayoutinflater:asynclayoutinflater:1.0.0) with ExtractAarTransform
Transforming asynclayoutinflater-1.0.0.aar (androidx.asynclayoutinflater:asynclayoutinflater:1.0.0) with LibrarySymbolTableTransform
Transforming core-1.12.0.aar (androidx.core:core:1.12.0) with JetifyTransform
Transforming core-1.12.0.aar (androidx.core:core:1.12.0) with ExtractAarTransform
Transforming core-1.12.0.aar (androidx.core:core:1.12.0) with LibrarySymbolTableTransform
Transforming emoji2-1.2.0.aar (androidx.emoji2:emoji2:1.2.0) with JetifyTransform
Transforming window-1.0.0.aar (androidx.window:window:1.0.0) with JetifyTransform
Transforming emoji2-1.2.0.aar (androidx.emoji2:emoji2:1.2.0) with ExtractAarTransform
Transforming window-1.0.0.aar (androidx.window:window:1.0.0) with ExtractAarTransform
Transforming emoji2-1.2.0.aar (androidx.emoji2:emoji2:1.2.0) with LibrarySymbolTableTransform
Transforming transition-1.4.1.aar (androidx.transition:transition:1.4.1) with JetifyTransform
Transforming window-1.0.0.aar (androidx.window:window:1.0.0) with LibrarySymbolTableTransform
Transforming transition-1.4.1.aar (androidx.transition:transition:1.4.1) with ExtractAarTransform
Transforming transition-1.4.1.aar (androidx.transition:transition:1.4.1) with LibrarySymbolTableTransform
Transforming core-1.12.0.aar (androidx.core:core:1.12.0) with JetifyTransform
Transforming core-1.12.0.aar (androidx.core:core:1.12.0) with ExtractAarTransform
Transforming core-1.12.0.aar (androidx.core:core:1.12.0) with LibrarySymbolTableTransform
Transforming lifecycle-viewmodel-ktx-2.5.1.aar (androidx.lifecycle:lifecycle-viewmodel-ktx:2.5.1) with JetifyTransform
Transforming lifecycle-viewmodel-ktx-2.5.1.aar (androidx.lifecycle:lifecycle-viewmodel-ktx:2.5.1) with ExtractAarTransform
Transforming lifecycle-viewmodel-ktx-2.5.1.aar (androidx.lifecycle:lifecycle-viewmodel-ktx:2.5.1) with LibrarySymbolTableTransform
Transforming lifecycle-viewmodel-2.5.1.aar (androidx.lifecycle:lifecycle-viewmodel:2.5.1) with JetifyTransform
Transforming lifecycle-viewmodel-2.5.1.aar (androidx.lifecycle:lifecycle-viewmodel:2.5.1) with ExtractAarTransform
Transforming lifecycle-viewmodel-2.5.1.aar (androidx.lifecycle:lifecycle-viewmodel:2.5.1) with LibrarySymbolTableTransform
Transforming lifecycle-viewmodel-2.5.1.aar (androidx.lifecycle:lifecycle-viewmodel:2.5.1) with JetifyTransform
Transforming lifecycle-viewmodel-2.5.1.aar (androidx.lifecycle:lifecycle-viewmodel:2.5.1) with ExtractAarTransform
Transforming lifecycle-viewmodel-2.5.1.aar (androidx.lifecycle:lifecycle-viewmodel:2.5.1) with LibrarySymbolTableTransform
Transforming lifecycle-viewmodel-savedstate-2.5.1.aar (androidx.lifecycle:lifecycle-viewmodel-savedstate:2.5.1) with JetifyTransform
Transforming lifecycle-viewmodel-savedstate-2.5.1.aar (androidx.lifecycle:lifecycle-viewmodel-savedstate:2.5.1) with ExtractAarTransform
Transforming lifecycle-viewmodel-savedstate-2.5.1.aar (androidx.lifecycle:lifecycle-viewmodel-savedstate:2.5.1) with LibrarySymbolTableTransform
Transforming core-ktx-1.12.0.aar (androidx.core:core-ktx:1.12.0) with JetifyTransform
Transforming core-ktx-1.12.0.aar (androidx.core:core-ktx:1.12.0) with ExtractAarTransform
Transforming core-ktx-1.12.0.aar (androidx.core:core-ktx:1.12.0) with LibrarySymbolTableTransform
Transforming localbroadcastmanager-1.1.0.aar (androidx.localbroadcastmanager:localbroadcastmanager:1.1.0) with JetifyTransform
Transforming localbroadcastmanager-1.1.0.aar (androidx.localbroadcastmanager:localbroadcastmanager:1.1.0) with ExtractAarTransform
Transforming localbroadcastmanager-1.1.0.aar (androidx.localbroadcastmanager:localbroadcastmanager:1.1.0) with LibrarySymbolTableTransform
Transforming localbroadcastmanager-1.1.0.aar (androidx.localbroadcastmanager:localbroadcastmanager:1.1.0) with JetifyTransform
Transforming localbroadcastmanager-1.1.0.aar (androidx.localbroadcastmanager:localbroadcastmanager:1.1.0) with ExtractAarTransform
Transforming localbroadcastmanager-1.1.0.aar (androidx.localbroadcastmanager:localbroadcastmanager:1.1.0) with LibrarySymbolTableTransform
Transforming usb-serial-for-android-3.7.0.aar (com.github.mik3y:usb-serial-for-android:3.7.0) with JetifyTransform
Transforming usb-serial-for-android-3.7.0.aar (com.github.mik3y:usb-serial-for-android:3.7.0) with ExtractAarTransform
Transforming usb-serial-for-android-3.7.0.aar (com.github.mik3y:usb-serial-for-android:3.7.0) with LibrarySymbolTableTransform
Transforming savedstate-ktx-1.2.0.aar (androidx.savedstate:savedstate-ktx:1.2.0) with JetifyTransform
Transforming savedstate-ktx-1.2.0.aar (androidx.savedstate:savedstate-ktx:1.2.0) with ExtractAarTransform
Transforming savedstate-ktx-1.2.0.aar (androidx.savedstate:savedstate-ktx:1.2.0) with LibrarySymbolTableTransform
Transforming savedstate-1.2.0.aar (androidx.savedstate:savedstate:1.2.0) with JetifyTransform
Transforming savedstate-1.2.0.aar (androidx.savedstate:savedstate:1.2.0) with ExtractAarTransform
Transforming savedstate-1.2.0.aar (androidx.savedstate:savedstate:1.2.0) with LibrarySymbolTableTransform
Transforming annotation-experimental-1.3.0.aar (androidx.annotation:annotation-experimental:1.3.0) with JetifyTransform
Transforming annotation-experimental-1.3.0.aar (androidx.annotation:annotation-experimental:1.3.0) with ExtractAarTransform
Transforming annotation-experimental-1.3.0.aar (androidx.annotation:annotation-experimental:1.3.0) with LibrarySymbolTableTransform
Transforming lifecycle-livedata-core-ktx-2.3.1.aar (androidx.lifecycle:lifecycle-livedata-core-ktx:2.3.1) with JetifyTransform
Transforming lifecycle-livedata-core-ktx-2.3.1.aar (androidx.lifecycle:lifecycle-livedata-core-ktx:2.3.1) with ExtractAarTransform
Transforming lifecycle-livedata-core-ktx-2.3.1.aar (androidx.lifecycle:lifecycle-livedata-core-ktx:2.3.1) with LibrarySymbolTableTransform
Transforming cursoradapter-1.0.0.aar (androidx.cursoradapter:cursoradapter:1.0.0) with JetifyTransform
Transforming cursoradapter-1.0.0.aar (androidx.cursoradapter:cursoradapter:1.0.0) with ExtractAarTransform
Transforming cursoradapter-1.0.0.aar (androidx.cursoradapter:cursoradapter:1.0.0) with LibrarySymbolTableTransform
Transforming cursoradapter-1.0.0.aar (androidx.cursoradapter:cursoradapter:1.0.0) with JetifyTransform
Transforming cursoradapter-1.0.0.aar (androidx.cursoradapter:cursoradapter:1.0.0) with ExtractAarTransform
Transforming cursoradapter-1.0.0.aar (androidx.cursoradapter:cursoradapter:1.0.0) with LibrarySymbolTableTransform
Transforming lifecycle-runtime-ktx-2.5.1.aar (androidx.lifecycle:lifecycle-runtime-ktx:2.5.1) with JetifyTransform
Transforming lifecycle-runtime-ktx-2.5.1.aar (androidx.lifecycle:lifecycle-runtime-ktx:2.5.1) with ExtractAarTransform
Transforming lifecycle-runtime-ktx-2.5.1.aar (androidx.lifecycle:lifecycle-runtime-ktx:2.5.1) with LibrarySymbolTableTransform
Transforming lifecycle-process-2.4.1.aar (androidx.lifecycle:lifecycle-process:2.4.1) with JetifyTransform
Transforming lifecycle-process-2.4.1.aar (androidx.lifecycle:lifecycle-process:2.4.1) with ExtractAarTransform
Transforming lifecycle-process-2.4.1.aar (androidx.lifecycle:lifecycle-process:2.4.1) with LibrarySymbolTableTransform
Transforming lifecycle-runtime-2.5.1.aar (androidx.lifecycle:lifecycle-runtime:2.5.1) with JetifyTransform
Transforming lifecycle-runtime-2.5.1.aar (androidx.lifecycle:lifecycle-runtime:2.5.1) with ExtractAarTransform
Transforming lifecycle-runtime-2.5.1.aar (androidx.lifecycle:lifecycle-runtime:2.5.1) with LibrarySymbolTableTransform
Transforming interpolator-1.0.0.aar (androidx.interpolator:interpolator:1.0.0) with JetifyTransform
Transforming interpolator-1.0.0.aar (androidx.interpolator:interpolator:1.0.0) with ExtractAarTransform
Transforming interpolator-1.0.0.aar (androidx.interpolator:interpolator:1.0.0) with LibrarySymbolTableTransform
Transforming interpolator-1.0.0.aar (androidx.interpolator:interpolator:1.0.0) with JetifyTransform
Transforming interpolator-1.0.0.aar (androidx.interpolator:interpolator:1.0.0) with ExtractAarTransform
Transforming interpolator-1.0.0.aar (androidx.interpolator:interpolator:1.0.0) with LibrarySymbolTableTransform
Transforming versionedparcelable-1.1.1.aar (androidx.versionedparcelable:versionedparcelable:1.1.1) with JetifyTransform
Transforming versionedparcelable-1.1.1.aar (androidx.versionedparcelable:versionedparcelable:1.1.1) with ExtractAarTransform
Transforming versionedparcelable-1.1.1.aar (androidx.versionedparcelable:versionedparcelable:1.1.1) with LibrarySymbolTableTransform
Transforming startup-runtime-1.1.1.aar (androidx.startup:startup-runtime:1.1.1) with JetifyTransform
Transforming startup-runtime-1.1.1.aar (androidx.startup:startup-runtime:1.1.1) with ExtractAarTransform
Transforming startup-runtime-1.1.1.aar (androidx.startup:startup-runtime:1.1.1) with LibrarySymbolTableTransform
Transforming lifecycle-livedata-2.0.0.aar (androidx.lifecycle:lifecycle-livedata:2.0.0) with JetifyTransform
Transforming lifecycle-livedata-2.0.0.aar (androidx.lifecycle:lifecycle-livedata:2.0.0) with ExtractAarTransform
Transforming lifecycle-livedata-2.0.0.aar (androidx.lifecycle:lifecycle-livedata:2.0.0) with LibrarySymbolTableTransform
Transforming tracing-1.0.0.aar (androidx.tracing:tracing:1.0.0) with JetifyTransform
Transforming tracing-1.0.0.aar (androidx.tracing:tracing:1.0.0) with ExtractAarTransform
Transforming tracing-1.0.0.aar (androidx.tracing:tracing:1.0.0) with LibrarySymbolTableTransform
Transforming lifecycle-livedata-core-2.5.1.aar (androidx.lifecycle:lifecycle-livedata-core:2.5.1) with JetifyTransform
Transforming lifecycle-livedata-core-2.5.1.aar (androidx.lifecycle:lifecycle-livedata-core:2.5.1) with ExtractAarTransform
Transforming lifecycle-livedata-core-2.5.1.aar (androidx.lifecycle:lifecycle-livedata-core:2.5.1) with LibrarySymbolTableTransform
Transforming lifecycle-livedata-core-2.5.1.aar (androidx.lifecycle:lifecycle-livedata-core:2.5.1) with JetifyTransform
Transforming lifecycle-livedata-core-2.5.1.aar (androidx.lifecycle:lifecycle-livedata-core:2.5.1) with ExtractAarTransform
Transforming lifecycle-livedata-core-2.5.1.aar (androidx.lifecycle:lifecycle-livedata-core:2.5.1) with LibrarySymbolTableTransform
Transforming core-runtime-2.1.0.aar (androidx.arch.core:core-runtime:2.1.0) with JetifyTransform
Transforming core-runtime-2.1.0.aar (androidx.arch.core:core-runtime:2.1.0) with ExtractAarTransform
Transforming core-runtime-2.1.0.aar (androidx.arch.core:core-runtime:2.1.0) with LibrarySymbolTableTransform
Transforming core-runtime-2.1.0.aar (androidx.arch.core:core-runtime:2.1.0) with JetifyTransform
Transforming core-runtime-2.1.0.aar (androidx.arch.core:core-runtime:2.1.0) with ExtractAarTransform
Transforming core-runtime-2.1.0.aar (androidx.arch.core:core-runtime:2.1.0) with LibrarySymbolTableTransform
Transforming documentfile-1.0.0.aar (androidx.documentfile:documentfile:1.0.0) with JetifyTransform
Transforming documentfile-1.0.0.aar (androidx.documentfile:documentfile:1.0.0) with ExtractAarTransform
Transforming documentfile-1.0.0.aar (androidx.documentfile:documentfile:1.0.0) with LibrarySymbolTableTransform
Transforming print-1.0.0.aar (androidx.print:print:1.0.0) with JetifyTransform
Transforming print-1.0.0.aar (androidx.print:print:1.0.0) with ExtractAarTransform
Transforming print-1.0.0.aar (androidx.print:print:1.0.0) with LibrarySymbolTableTransform
Transforming monitor-1.6.1.aar (androidx.test:monitor:1.6.1) with JetifyTransform
Transforming monitor-1.6.1.aar (androidx.test:monitor:1.6.1) with JetifyTransform
Transforming monitor-1.6.1.aar (androidx.test:monitor:1.6.1) with ExtractAarTransform
Transforming monitor-1.6.1.aar (androidx.test:monitor:1.6.1) with ExtractAarTransform
Transforming monitor-1.6.1.aar (androidx.test:monitor:1.6.1) with LibrarySymbolTableTransform
Transforming monitor-1.6.1.aar (androidx.test:monitor:1.6.1) with LibrarySymbolTableTransform
Transforming espresso-idling-resource-3.5.1.aar (androidx.test.espresso:espresso-idling-resource:3.5.1) with JetifyTransform
Transforming espresso-idling-resource-3.5.1.aar (androidx.test.espresso:espresso-idling-resource:3.5.1) with ExtractAarTransform
Transforming espresso-idling-resource-3.5.1.aar (androidx.test.espresso:espresso-idling-resource:3.5.1) with LibrarySymbolTableTransform
Transforming android.jar with PlatformAttrTransform
Caching disabled for task ':common:generateDebugUnitTestStubRFile' because:
  Build cache is disabled
Skipping task ':common:generateDebugUnitTestStubRFile' as it is up-to-date.
Resolve mutations for :common:compileDebugUnitTestKotlin (Thread[#319,Execution worker,5,main]) started.
:common:compileDebugUnitTestKotlin (Thread[#319,Execution worker,5,main]) started.

> Task :common:compileDebugUnitTestKotlin NO-SOURCE
Skipping task ':common:compileDebugUnitTestKotlin' as it has no source files and no previous output files.
Resolve mutations for :common:javaPreCompileDebugUnitTest (Thread[#320,Execution worker Thread 2,5,main]) started.
:common:javaPreCompileDebugUnitTest (Thread[#320,Execution worker Thread 2,5,main]) started.

> Task :common:javaPreCompileDebugUnitTest UP-TO-DATE
Caching disabled for task ':common:javaPreCompileDebugUnitTest' because:
  Build cache is disabled
Skipping task ':common:javaPreCompileDebugUnitTest' as it is up-to-date.
Resolve mutations for :common:compileDebugUnitTestJavaWithJavac (Thread[#319,Execution worker,5,main]) started.
:common:compileDebugUnitTestJavaWithJavac (Thread[#321,Execution worker Thread 3,5,main]) started.

> Task :common:compileDebugUnitTestJavaWithJavac UP-TO-DATE
file or directory '/app/common/libs', not found
file or directory '/app/common/libs', not found
Transforming shadows-framework-4.11.1.jar (org.robolectric:shadows-framework:4.11.1) with JetifyTransform
Transforming shadows-framework-4.11.1.jar (org.robolectric:shadows-framework:4.11.1) with IdentityTransform
Transforming robolectric-4.11.1.jar (org.robolectric:robolectric:4.11.1) with JetifyTransform
Transforming robolectric-4.11.1.jar (org.robolectric:robolectric:4.11.1) with IdentityTransform
Transforming guava-31.1-jre.jar (com.google.guava:guava:31.1-jre) with JetifyTransform
Transforming guava-31.1-jre.jar (com.google.guava:guava:31.1-jre) with IdentityTransform
Transforming failureaccess-1.0.1.jar (com.google.guava:failureaccess:1.0.1) with JetifyTransform
Transforming failureaccess-1.0.1.jar (com.google.guava:failureaccess:1.0.1) with IdentityTransform
Transforming listenablefuture-9999.0-empty-to-avoid-conflict-with-guava.jar (com.google.guava:listenablefuture:9999.0-empty-to-avoid-conflict-with-guava) with JetifyTransform
Transforming listenablefuture-9999.0-empty-to-avoid-conflict-with-guava.jar (com.google.guava:listenablefuture:9999.0-empty-to-avoid-conflict-with-guava) with IdentityTransform
Transforming hamcrest-core-1.3.jar (org.hamcrest:hamcrest-core:1.3) with JetifyTransform
Transforming hamcrest-core-1.3.jar (org.hamcrest:hamcrest-core:1.3) with IdentityTransform
Transforming jsr305-3.0.2.jar (com.google.code.findbugs:jsr305:3.0.2) with JetifyTransform
Transforming jsr305-3.0.2.jar (com.google.code.findbugs:jsr305:3.0.2) with IdentityTransform
Transforming mockito-core-5.11.0.jar (org.mockito:mockito-core:5.11.0) with JetifyTransform
Transforming mockito-core-5.11.0.jar (org.mockito:mockito-core:5.11.0) with IdentityTransform
Transforming byte-buddy-1.14.12.jar (net.bytebuddy:byte-buddy:1.14.12) with JetifyTransform
Transforming byte-buddy-1.14.12.jar (net.bytebuddy:byte-buddy:1.14.12) with IdentityTransform
Transforming byte-buddy-agent-1.14.12.jar (net.bytebuddy:byte-buddy-agent:1.14.12) with JetifyTransform
Transforming checker-qual-3.12.0.jar (org.checkerframework:checker-qual:3.12.0) with JetifyTransform
Transforming checker-qual-3.12.0.jar (org.checkerframework:checker-qual:3.12.0) with IdentityTransform
Transforming byte-buddy-agent-1.14.12.jar (net.bytebuddy:byte-buddy-agent:1.14.12) with IdentityTransform
Transforming error_prone_annotations-2.11.0.jar (com.google.errorprone:error_prone_annotations:2.11.0) with JetifyTransform
Transforming resources-4.11.1.jar (org.robolectric:resources:4.11.1) with JetifyTransform
Transforming resources-4.11.1.jar (org.robolectric:resources:4.11.1) with IdentityTransform
Transforming error_prone_annotations-2.11.0.jar (com.google.errorprone:error_prone_annotations:2.11.0) with IdentityTransform
Transforming sandbox-4.11.1.jar (org.robolectric:sandbox:4.11.1) with JetifyTransform
Transforming junit-4.11.1.jar (org.robolectric:junit:4.11.1) with JetifyTransform
Transforming junit-4.13.2.jar (junit:junit:4.13.2) with JetifyTransform
Transforming junit-4.11.1.jar (org.robolectric:junit:4.11.1) with IdentityTransform
Transforming sandbox-4.11.1.jar (org.robolectric:sandbox:4.11.1) with IdentityTransform
Transforming junit-4.13.2.jar (junit:junit:4.13.2) with IdentityTransform
Transforming utils-reflector-4.11.1.jar (org.robolectric:utils-reflector:4.11.1) with JetifyTransform
Transforming j2objc-annotations-1.3.jar (com.google.j2objc:j2objc-annotations:1.3) with JetifyTransform
Transforming j2objc-annotations-1.3.jar (com.google.j2objc:j2objc-annotations:1.3) with IdentityTransform
Transforming utils-reflector-4.11.1.jar (org.robolectric:utils-reflector:4.11.1) with IdentityTransform
Transforming javax.inject-1.jar (javax.inject:javax.inject:1) with JetifyTransform
Transforming javax.inject-1.jar (javax.inject:javax.inject:1) with IdentityTransform
Transforming plugins-maven-dependency-resolver-4.11.1.jar (org.robolectric:plugins-maven-dependency-resolver:4.11.1) with JetifyTransform
Transforming nativeruntime-4.11.1.jar (org.robolectric:nativeruntime:4.11.1) with JetifyTransform
Transforming plugins-maven-dependency-resolver-4.11.1.jar (org.robolectric:plugins-maven-dependency-resolver:4.11.1) with IdentityTransform
Transforming nativeruntime-4.11.1.jar (org.robolectric:nativeruntime:4.11.1) with IdentityTransform
Transforming shadows-versioning-4.11.1.jar (org.robolectric:shadows-versioning:4.11.1) with JetifyTransform
Transforming shadows-versioning-4.11.1.jar (org.robolectric:shadows-versioning:4.11.1) with IdentityTransform
Transforming javax.annotation-api-1.3.2.jar (javax.annotation:javax.annotation-api:1.3.2) with JetifyTransform
Transforming javax.annotation-api-1.3.2.jar (javax.annotation:javax.annotation-api:1.3.2) with IdentityTransform
Transforming utils-4.11.1.jar (org.robolectric:utils:4.11.1) with JetifyTransform
Transforming utils-4.11.1.jar (org.robolectric:utils:4.11.1) with IdentityTransform
Transforming pluginapi-4.11.1.jar (org.robolectric:pluginapi:4.11.1) with JetifyTransform
Transforming shadowapi-4.11.1.jar (org.robolectric:shadowapi:4.11.1) with JetifyTransform
Transforming pluginapi-4.11.1.jar (org.robolectric:pluginapi:4.11.1) with IdentityTransform
Transforming shadowapi-4.11.1.jar (org.robolectric:shadowapi:4.11.1) with IdentityTransform
Transforming monitor-1.6.1.aar (androidx.test:monitor:1.6.1) with JetifyTransform
Transforming monitor-1.6.1.aar (androidx.test:monitor:1.6.1) with AarToClassTransform
Transforming annotations-4.11.1.jar (org.robolectric:annotations:4.11.1) with JetifyTransform
Transforming annotations-4.11.1.jar (org.robolectric:annotations:4.11.1) with IdentityTransform
Transforming asm-commons-9.6.jar (org.ow2.asm:asm-commons:9.6) with JetifyTransform
Transforming asm-commons-9.6.jar (org.ow2.asm:asm-commons:9.6) with IdentityTransform
Transforming asm-util-9.6.jar (org.ow2.asm:asm-util:9.6) with JetifyTransform
Transforming asm-analysis-9.6.jar (org.ow2.asm:asm-analysis:9.6) with JetifyTransform
Transforming asm-util-9.6.jar (org.ow2.asm:asm-util:9.6) with IdentityTransform
Transforming asm-analysis-9.6.jar (org.ow2.asm:asm-analysis:9.6) with IdentityTransform
Transforming asm-tree-9.6.jar (org.ow2.asm:asm-tree:9.6) with JetifyTransform
Transforming asm-tree-9.6.jar (org.ow2.asm:asm-tree:9.6) with IdentityTransform
Transforming asm-9.6.jar (org.ow2.asm:asm:9.6) with JetifyTransform
Transforming asm-9.6.jar (org.ow2.asm:asm:9.6) with IdentityTransform
Transforming auto-value-annotations-1.10.4.jar (com.google.auto.value:auto-value-annotations:1.10.4) with JetifyTransform
Transforming icu4j-73.2.jar (com.ibm.icu:icu4j:73.2) with JetifyTransform
Transforming auto-value-annotations-1.10.4.jar (com.google.auto.value:auto-value-annotations:1.10.4) with IdentityTransform
Transforming icu4j-73.2.jar (com.ibm.icu:icu4j:73.2) with IdentityTransform
Transforming sqlite4java-1.0.392.jar (com.almworks.sqlite4java:sqlite4java:1.0.392) with JetifyTransform
Transforming bcprov-jdk18on-1.76.jar (org.bouncycastle:bcprov-jdk18on:1.76) with JetifyTransform
Transforming sqlite4java-1.0.392.jar (com.almworks.sqlite4java:sqlite4java:1.0.392) with IdentityTransform
Transforming bcprov-jdk18on-1.76.jar (org.bouncycastle:bcprov-jdk18on:1.76) with IdentityTransform
Transforming core-for-system-modules.jar with JdkImageTransform
Transforming core-for-system-modules.jar with JdkImageTransform
Transforming core-for-system-modules.jar with JdkImageTransform
Transforming core-for-system-modules.jar with JdkImageTransform
file or directory '/app/common/libs', not found
file or directory '/app/common/libs', not found
Transforming core-for-system-modules.jar with JdkImageTransform
Transforming core-for-system-modules.jar with JdkImageTransform
Custom actions are attached to task ':common:compileDebugUnitTestJavaWithJavac'.
Caching disabled for task ':common:compileDebugUnitTestJavaWithJavac' because:
  Build cache is disabled
Skipping task ':common:compileDebugUnitTestJavaWithJavac' as it is up-to-date.
No compile result for :common:compileDebugUnitTestJavaWithJavac
Resolve mutations for :common:processDebugJavaRes (Thread[#319,Execution worker,5,main]) started.
:common:processDebugJavaRes (Thread[#319,Execution worker,5,main]) started.

> Task :common:processDebugJavaRes UP-TO-DATE
file or directory '/app/common/src/main/resources', not found
file or directory '/app/common/src/debug/resources', not found
file or directory '/app/common/src/main/resources', not found
file or directory '/app/common/src/debug/resources', not found
Caching disabled for task ':common:processDebugJavaRes' because:
  Build cache is disabled
  Caching has been disabled for the task
Skipping task ':common:processDebugJavaRes' as it is up-to-date.
work action resolve out (project :common) (Thread[#319,Execution worker,5,main]) started.
Resolve mutations for :common:processDebugUnitTestJavaRes (Thread[#319,Execution worker,5,main]) started.
:common:processDebugUnitTestJavaRes (Thread[#319,Execution worker,5,main]) started.

> Task :common:processDebugUnitTestJavaRes NO-SOURCE
file or directory '/app/common/src/test/resources', not found
file or directory '/app/common/src/testDebug/resources', not found
Skipping task ':common:processDebugUnitTestJavaRes' as it has no source files and no previous output files.
Resolve mutations for :common:testDebugUnitTest (Thread[#319,Execution worker,5,main]) started.
:common:testDebugUnitTest (Thread[#321,Execution worker Thread 3,5,main]) started.

> Task :common:testDebugUnitTest UP-TO-DATE
file or directory '/app/common/libs', not found
Transforming junit-4.13.2.jar (junit:junit:4.13.2) with JetifyTransform
Transforming junit-4.13.2.jar (junit:junit:4.13.2) with IdentityTransform
Transforming mockito-core-5.11.0.jar (org.mockito:mockito-core:5.11.0) with JetifyTransform
Transforming mockito-core-5.11.0.jar (org.mockito:mockito-core:5.11.0) with IdentityTransform
Transforming robolectric-4.11.1.jar (org.robolectric:robolectric:4.11.1) with JetifyTransform
Transforming robolectric-4.11.1.jar (org.robolectric:robolectric:4.11.1) with IdentityTransform
Transforming constraintlayout-2.1.4.aar (androidx.constraintlayout:constraintlayout:2.1.4) with JetifyTransform
Transforming constraintlayout-2.1.4.aar (androidx.constraintlayout:constraintlayout:2.1.4) with AarToClassTransform
Transforming appcompat-resources-1.6.1.aar (androidx.appcompat:appcompat-resources:1.6.1) with JetifyTransform
Transforming appcompat-resources-1.6.1.aar (androidx.appcompat:appcompat-resources:1.6.1) with AarToClassTransform
Transforming preference-ktx-1.2.1.aar (androidx.preference:preference-ktx:1.2.1) with JetifyTransform
Transforming preference-ktx-1.2.1.aar (androidx.preference:preference-ktx:1.2.1) with AarToClassTransform
Transforming preference-1.2.1.aar (androidx.preference:preference:1.2.1) with JetifyTransform
Transforming preference-1.2.1.aar (androidx.preference:preference:1.2.1) with AarToClassTransform
Transforming appcompat-1.6.1.aar (androidx.appcompat:appcompat:1.6.1) with JetifyTransform
Transforming appcompat-1.6.1.aar (androidx.appcompat:appcompat:1.6.1) with AarToClassTransform
Transforming fragment-ktx-1.3.6.aar (androidx.fragment:fragment-ktx:1.3.6) with JetifyTransform
Transforming fragment-ktx-1.3.6.aar (androidx.fragment:fragment-ktx:1.3.6) with AarToClassTransform
Transforming fragment-1.3.6.aar (androidx.fragment:fragment:1.3.6) with JetifyTransform
Transforming fragment-1.3.6.aar (androidx.fragment:fragment:1.3.6) with AarToClassTransform
Transforming activity-ktx-1.6.0.aar (androidx.activity:activity-ktx:1.6.0) with JetifyTransform
Transforming activity-ktx-1.6.0.aar (androidx.activity:activity-ktx:1.6.0) with AarToClassTransform
Transforming activity-1.6.0.aar (androidx.activity:activity:1.6.0) with JetifyTransform
Transforming activity-1.6.0.aar (androidx.activity:activity:1.6.0) with AarToClassTransform
Transforming recyclerview-1.0.0.aar (androidx.recyclerview:recyclerview:1.0.0) with JetifyTransform
Transforming recyclerview-1.0.0.aar (androidx.recyclerview:recyclerview:1.0.0) with AarToClassTransform
Transforming legacy-support-core-ui-1.0.0.aar (androidx.legacy:legacy-support-core-ui:1.0.0) with JetifyTransform
Transforming legacy-support-core-ui-1.0.0.aar (androidx.legacy:legacy-support-core-ui:1.0.0) with AarToClassTransform
Transforming drawerlayout-1.0.0.aar (androidx.drawerlayout:drawerlayout:1.0.0) with JetifyTransform
Transforming drawerlayout-1.0.0.aar (androidx.drawerlayout:drawerlayout:1.0.0) with AarToClassTransform
Transforming drawerlayout-1.0.0.aar (androidx.drawerlayout:drawerlayout:1.0.0) with JetifyTransform
Transforming drawerlayout-1.0.0.aar (androidx.drawerlayout:drawerlayout:1.0.0) with AarToClassTransform
Transforming emoji2-views-helper-1.2.0.aar (androidx.emoji2:emoji2-views-helper:1.2.0) with JetifyTransform
Transforming emoji2-views-helper-1.2.0.aar (androidx.emoji2:emoji2-views-helper:1.2.0) with AarToClassTransform
Transforming emoji2-1.2.0.aar (androidx.emoji2:emoji2:1.2.0) with JetifyTransform
Transforming emoji2-1.2.0.aar (androidx.emoji2:emoji2:1.2.0) with AarToClassTransform
Transforming vectordrawable-animated-1.1.0.aar (androidx.vectordrawable:vectordrawable-animated:1.1.0) with JetifyTransform
Transforming vectordrawable-animated-1.1.0.aar (androidx.vectordrawable:vectordrawable-animated:1.1.0) with AarToClassTransform
Transforming vectordrawable-1.1.0.aar (androidx.vectordrawable:vectordrawable:1.1.0) with JetifyTransform
Transforming vectordrawable-1.1.0.aar (androidx.vectordrawable:vectordrawable:1.1.0) with AarToClassTransform
Transforming vectordrawable-1.1.0.aar (androidx.vectordrawable:vectordrawable:1.1.0) with JetifyTransform
Transforming vectordrawable-1.1.0.aar (androidx.vectordrawable:vectordrawable:1.1.0) with AarToClassTransform
Transforming viewpager-1.0.0.aar (androidx.viewpager:viewpager:1.0.0) with JetifyTransform
Transforming viewpager-1.0.0.aar (androidx.viewpager:viewpager:1.0.0) with AarToClassTransform
Transforming viewpager-1.0.0.aar (androidx.viewpager:viewpager:1.0.0) with JetifyTransform
Transforming viewpager-1.0.0.aar (androidx.viewpager:viewpager:1.0.0) with AarToClassTransform
Transforming legacy-support-core-utils-1.0.0.aar (androidx.legacy:legacy-support-core-utils:1.0.0) with JetifyTransform
Transforming legacy-support-core-utils-1.0.0.aar (androidx.legacy:legacy-support-core-utils:1.0.0) with AarToClassTransform
Transforming loader-1.0.0.aar (androidx.loader:loader:1.0.0) with JetifyTransform
Transforming loader-1.0.0.aar (androidx.loader:loader:1.0.0) with AarToClassTransform
Transforming loader-1.0.0.aar (androidx.loader:loader:1.0.0) with JetifyTransform
Transforming loader-1.0.0.aar (androidx.loader:loader:1.0.0) with AarToClassTransform
Transforming slidingpanelayout-1.2.0.aar (androidx.slidingpanelayout:slidingpanelayout:1.2.0) with JetifyTransform
Transforming slidingpanelayout-1.2.0.aar (androidx.slidingpanelayout:slidingpanelayout:1.2.0) with AarToClassTransform
Transforming slidingpanelayout-1.2.0.aar (androidx.slidingpanelayout:slidingpanelayout:1.2.0) with JetifyTransform
Transforming slidingpanelayout-1.2.0.aar (androidx.slidingpanelayout:slidingpanelayout:1.2.0) with AarToClassTransform
Transforming coordinatorlayout-1.0.0.aar (androidx.coordinatorlayout:coordinatorlayout:1.0.0) with JetifyTransform
Transforming coordinatorlayout-1.0.0.aar (androidx.coordinatorlayout:coordinatorlayout:1.0.0) with AarToClassTransform
Transforming customview-1.1.0.aar (androidx.customview:customview:1.1.0) with JetifyTransform
Transforming customview-1.1.0.aar (androidx.customview:customview:1.1.0) with AarToClassTransform
Transforming customview-1.1.0.aar (androidx.customview:customview:1.1.0) with JetifyTransform
Transforming customview-1.1.0.aar (androidx.customview:customview:1.1.0) with AarToClassTransform
Transforming window-1.0.0.aar (androidx.window:window:1.0.0) with JetifyTransform
Transforming window-1.0.0.aar (androidx.window:window:1.0.0) with AarToClassTransform
Transforming transition-1.4.1.aar (androidx.transition:transition:1.4.1) with JetifyTransform
Transforming transition-1.4.1.aar (androidx.transition:transition:1.4.1) with AarToClassTransform
Transforming swiperefreshlayout-1.0.0.aar (androidx.swiperefreshlayout:swiperefreshlayout:1.0.0) with JetifyTransform
Transforming swiperefreshlayout-1.0.0.aar (androidx.swiperefreshlayout:swiperefreshlayout:1.0.0) with AarToClassTransform
Transforming asynclayoutinflater-1.0.0.aar (androidx.asynclayoutinflater:asynclayoutinflater:1.0.0) with JetifyTransform
Transforming asynclayoutinflater-1.0.0.aar (androidx.asynclayoutinflater:asynclayoutinflater:1.0.0) with AarToClassTransform
Transforming core-1.12.0.aar (androidx.core:core:1.12.0) with JetifyTransform
Transforming core-1.12.0.aar (androidx.core:core:1.12.0) with AarToClassTransform
Transforming core-1.12.0.aar (androidx.core:core:1.12.0) with JetifyTransform
Transforming core-1.12.0.aar (androidx.core:core:1.12.0) with AarToClassTransform
Transforming lifecycle-viewmodel-ktx-2.5.1.aar (androidx.lifecycle:lifecycle-viewmodel-ktx:2.5.1) with JetifyTransform
Transforming lifecycle-viewmodel-ktx-2.5.1.aar (androidx.lifecycle:lifecycle-viewmodel-ktx:2.5.1) with AarToClassTransform
Transforming lifecycle-viewmodel-2.5.1.aar (androidx.lifecycle:lifecycle-viewmodel:2.5.1) with JetifyTransform
Transforming lifecycle-viewmodel-2.5.1.aar (androidx.lifecycle:lifecycle-viewmodel:2.5.1) with AarToClassTransform
Transforming lifecycle-viewmodel-2.5.1.aar (androidx.lifecycle:lifecycle-viewmodel:2.5.1) with JetifyTransform
Transforming lifecycle-viewmodel-2.5.1.aar (androidx.lifecycle:lifecycle-viewmodel:2.5.1) with AarToClassTransform
Transforming lifecycle-viewmodel-savedstate-2.5.1.aar (androidx.lifecycle:lifecycle-viewmodel-savedstate:2.5.1) with JetifyTransform
Transforming lifecycle-viewmodel-savedstate-2.5.1.aar (androidx.lifecycle:lifecycle-viewmodel-savedstate:2.5.1) with AarToClassTransform
Transforming core-ktx-1.12.0.aar (androidx.core:core-ktx:1.12.0) with JetifyTransform
Transforming core-ktx-1.12.0.aar (androidx.core:core-ktx:1.12.0) with AarToClassTransform
Transforming localbroadcastmanager-1.1.0.aar (androidx.localbroadcastmanager:localbroadcastmanager:1.1.0) with JetifyTransform
Transforming localbroadcastmanager-1.1.0.aar (androidx.localbroadcastmanager:localbroadcastmanager:1.1.0) with AarToClassTransform
Transforming localbroadcastmanager-1.1.0.aar (androidx.localbroadcastmanager:localbroadcastmanager:1.1.0) with JetifyTransform
Transforming localbroadcastmanager-1.1.0.aar (androidx.localbroadcastmanager:localbroadcastmanager:1.1.0) with AarToClassTransform
Transforming flatbuffers-java-23.5.26.jar (com.google.flatbuffers:flatbuffers-java:23.5.26) with JetifyTransform
Transforming flatbuffers-java-23.5.26.jar (com.google.flatbuffers:flatbuffers-java:23.5.26) with IdentityTransform
Transforming usb-serial-for-android-3.7.0.aar (com.github.mik3y:usb-serial-for-android:3.7.0) with JetifyTransform
Transforming usb-serial-for-android-3.7.0.aar (com.github.mik3y:usb-serial-for-android:3.7.0) with AarToClassTransform
Transforming savedstate-ktx-1.2.0.aar (androidx.savedstate:savedstate-ktx:1.2.0) with JetifyTransform
Transforming savedstate-ktx-1.2.0.aar (androidx.savedstate:savedstate-ktx:1.2.0) with AarToClassTransform
Transforming savedstate-1.2.0.aar (androidx.savedstate:savedstate:1.2.0) with JetifyTransform
Transforming savedstate-1.2.0.aar (androidx.savedstate:savedstate:1.2.0) with AarToClassTransform
Transforming annotation-experimental-1.3.0.aar (androidx.annotation:annotation-experimental:1.3.0) with JetifyTransform
Transforming annotation-experimental-1.3.0.aar (androidx.annotation:annotation-experimental:1.3.0) with AarToClassTransform
Transforming collection-ktx-1.1.0.jar (androidx.collection:collection-ktx:1.1.0) with JetifyTransform
Transforming collection-ktx-1.1.0.jar (androidx.collection:collection-ktx:1.1.0) with IdentityTransform
Transforming lifecycle-livedata-core-ktx-2.3.1.aar (androidx.lifecycle:lifecycle-livedata-core-ktx:2.3.1) with JetifyTransform
Transforming lifecycle-livedata-core-ktx-2.3.1.aar (androidx.lifecycle:lifecycle-livedata-core-ktx:2.3.1) with AarToClassTransform
Transforming shadows-framework-4.11.1.jar (org.robolectric:shadows-framework:4.11.1) with JetifyTransform
Transforming shadows-framework-4.11.1.jar (org.robolectric:shadows-framework:4.11.1) with IdentityTransform
Transforming cursoradapter-1.0.0.aar (androidx.cursoradapter:cursoradapter:1.0.0) with JetifyTransform
Transforming cursoradapter-1.0.0.aar (androidx.cursoradapter:cursoradapter:1.0.0) with AarToClassTransform
Transforming cursoradapter-1.0.0.aar (androidx.cursoradapter:cursoradapter:1.0.0) with JetifyTransform
Transforming cursoradapter-1.0.0.aar (androidx.cursoradapter:cursoradapter:1.0.0) with AarToClassTransform
Transforming lifecycle-process-2.4.1.aar (androidx.lifecycle:lifecycle-process:2.4.1) with JetifyTransform
Transforming lifecycle-process-2.4.1.aar (androidx.lifecycle:lifecycle-process:2.4.1) with AarToClassTransform
Transforming lifecycle-runtime-ktx-2.5.1.aar (androidx.lifecycle:lifecycle-runtime-ktx:2.5.1) with JetifyTransform
Transforming lifecycle-runtime-ktx-2.5.1.aar (androidx.lifecycle:lifecycle-runtime-ktx:2.5.1) with AarToClassTransform
Transforming lifecycle-runtime-2.5.1.aar (androidx.lifecycle:lifecycle-runtime:2.5.1) with JetifyTransform
Transforming lifecycle-runtime-2.5.1.aar (androidx.lifecycle:lifecycle-runtime:2.5.1) with AarToClassTransform
Transforming interpolator-1.0.0.aar (androidx.interpolator:interpolator:1.0.0) with JetifyTransform
Transforming interpolator-1.0.0.aar (androidx.interpolator:interpolator:1.0.0) with AarToClassTransform
Transforming interpolator-1.0.0.aar (androidx.interpolator:interpolator:1.0.0) with JetifyTransform
Transforming interpolator-1.0.0.aar (androidx.interpolator:interpolator:1.0.0) with AarToClassTransform
Transforming versionedparcelable-1.1.1.aar (androidx.versionedparcelable:versionedparcelable:1.1.1) with JetifyTransform
Transforming versionedparcelable-1.1.1.aar (androidx.versionedparcelable:versionedparcelable:1.1.1) with AarToClassTransform
Transforming startup-runtime-1.1.1.aar (androidx.startup:startup-runtime:1.1.1) with JetifyTransform
Transforming startup-runtime-1.1.1.aar (androidx.startup:startup-runtime:1.1.1) with AarToClassTransform
Transforming tracing-1.0.0.aar (androidx.tracing:tracing:1.0.0) with JetifyTransform
Transforming tracing-1.0.0.aar (androidx.tracing:tracing:1.0.0) with AarToClassTransform
Transforming resourceinspection-annotation-1.0.1.jar (androidx.resourceinspection:resourceinspection-annotation:1.0.1) with JetifyTransform
Transforming resourceinspection-annotation-1.0.1.jar (androidx.resourceinspection:resourceinspection-annotation:1.0.1) with IdentityTransform
Transforming collection-1.1.0.jar (androidx.collection:collection:1.1.0) with JetifyTransform
Transforming collection-1.1.0.jar (androidx.collection:collection:1.1.0) with IdentityTransform
Transforming lifecycle-livedata-2.0.0.aar (androidx.lifecycle:lifecycle-livedata:2.0.0) with JetifyTransform
Transforming concurrent-futures-1.0.0.jar (androidx.concurrent:concurrent-futures:1.0.0) with JetifyTransform
Transforming concurrent-futures-1.0.0.jar (androidx.concurrent:concurrent-futures:1.0.0) with IdentityTransform
Transforming lifecycle-livedata-2.0.0.aar (androidx.lifecycle:lifecycle-livedata:2.0.0) with AarToClassTransform
Transforming lifecycle-livedata-core-2.5.1.aar (androidx.lifecycle:lifecycle-livedata-core:2.5.1) with JetifyTransform
Transforming lifecycle-livedata-core-2.5.1.aar (androidx.lifecycle:lifecycle-livedata-core:2.5.1) with AarToClassTransform
Transforming lifecycle-livedata-core-2.5.1.aar (androidx.lifecycle:lifecycle-livedata-core:2.5.1) with JetifyTransform
Transforming lifecycle-livedata-core-2.5.1.aar (androidx.lifecycle:lifecycle-livedata-core:2.5.1) with AarToClassTransform
Transforming core-runtime-2.1.0.aar (androidx.arch.core:core-runtime:2.1.0) with JetifyTransform
Transforming core-runtime-2.1.0.aar (androidx.arch.core:core-runtime:2.1.0) with AarToClassTransform
Transforming core-runtime-2.1.0.aar (androidx.arch.core:core-runtime:2.1.0) with JetifyTransform
Transforming core-runtime-2.1.0.aar (androidx.arch.core:core-runtime:2.1.0) with AarToClassTransform
Transforming core-common-2.1.0.jar (androidx.arch.core:core-common:2.1.0) with JetifyTransform
Transforming core-common-2.1.0.jar (androidx.arch.core:core-common:2.1.0) with IdentityTransform
Transforming lifecycle-common-2.5.1.jar (androidx.lifecycle:lifecycle-common:2.5.1) with JetifyTransform
Transforming lifecycle-common-2.5.1.jar (androidx.lifecycle:lifecycle-common:2.5.1) with IdentityTransform
Transforming documentfile-1.0.0.aar (androidx.documentfile:documentfile:1.0.0) with JetifyTransform
Transforming documentfile-1.0.0.aar (androidx.documentfile:documentfile:1.0.0) with AarToClassTransform
Transforming print-1.0.0.aar (androidx.print:print:1.0.0) with JetifyTransform
Transforming print-1.0.0.aar (androidx.print:print:1.0.0) with AarToClassTransform
Transforming annotation-jvm-1.6.0.jar (androidx.annotation:annotation-jvm:1.6.0) with JetifyTransform
Transforming annotation-jvm-1.6.0.jar (androidx.annotation:annotation-jvm:1.6.0) with IdentityTransform
Transforming kotlinx-coroutines-core-jvm-1.6.1.jar (org.jetbrains.kotlinx:kotlinx-coroutines-core-jvm:1.6.1) with JetifyTransform
Transforming kotlinx-coroutines-core-jvm-1.6.1.jar (org.jetbrains.kotlinx:kotlinx-coroutines-core-jvm:1.6.1) with IdentityTransform
Transforming kotlinx-coroutines-android-1.6.1.jar (org.jetbrains.kotlinx:kotlinx-coroutines-android:1.6.1) with JetifyTransform
Transforming kotlinx-coroutines-android-1.6.1.jar (org.jetbrains.kotlinx:kotlinx-coroutines-android:1.6.1) with IdentityTransform
Transforming kotlin-stdlib-jdk8-1.8.0.jar (org.jetbrains.kotlin:kotlin-stdlib-jdk8:1.8.0) with JetifyTransform
Transforming kotlin-stdlib-jdk8-1.8.0.jar (org.jetbrains.kotlin:kotlin-stdlib-jdk8:1.8.0) with IdentityTransform
Transforming kotlin-stdlib-jdk7-1.8.0.jar (org.jetbrains.kotlin:kotlin-stdlib-jdk7:1.8.0) with JetifyTransform
Transforming kotlin-stdlib-jdk7-1.8.0.jar (org.jetbrains.kotlin:kotlin-stdlib-jdk7:1.8.0) with IdentityTransform
Transforming kotlin-stdlib-1.9.22.jar (org.jetbrains.kotlin:kotlin-stdlib:1.9.22) with JetifyTransform
Transforming kotlin-stdlib-1.9.22.jar (org.jetbrains.kotlin:kotlin-stdlib:1.9.22) with IdentityTransform
Transforming hamcrest-core-1.3.jar (org.hamcrest:hamcrest-core:1.3) with JetifyTransform
Transforming hamcrest-core-1.3.jar (org.hamcrest:hamcrest-core:1.3) with IdentityTransform
Transforming byte-buddy-1.14.12.jar (net.bytebuddy:byte-buddy:1.14.12) with JetifyTransform
Transforming byte-buddy-1.14.12.jar (net.bytebuddy:byte-buddy:1.14.12) with IdentityTransform
Transforming byte-buddy-agent-1.14.12.jar (net.bytebuddy:byte-buddy-agent:1.14.12) with JetifyTransform
Transforming byte-buddy-agent-1.14.12.jar (net.bytebuddy:byte-buddy-agent:1.14.12) with IdentityTransform
Transforming espresso-idling-resource-3.5.1.aar (androidx.test.espresso:espresso-idling-resource:3.5.1) with JetifyTransform
Transforming espresso-idling-resource-3.5.1.aar (androidx.test.espresso:espresso-idling-resource:3.5.1) with AarToClassTransform
Transforming junit-4.11.1.jar (org.robolectric:junit:4.11.1) with JetifyTransform
Transforming junit-4.11.1.jar (org.robolectric:junit:4.11.1) with IdentityTransform
Transforming resources-4.11.1.jar (org.robolectric:resources:4.11.1) with JetifyTransform
Transforming resources-4.11.1.jar (org.robolectric:resources:4.11.1) with IdentityTransform
Transforming sandbox-4.11.1.jar (org.robolectric:sandbox:4.11.1) with JetifyTransform
Transforming sandbox-4.11.1.jar (org.robolectric:sandbox:4.11.1) with IdentityTransform
Transforming nativeruntime-4.11.1.jar (org.robolectric:nativeruntime:4.11.1) with JetifyTransform
Transforming nativeruntime-4.11.1.jar (org.robolectric:nativeruntime:4.11.1) with IdentityTransform
Transforming utils-reflector-4.11.1.jar (org.robolectric:utils-reflector:4.11.1) with JetifyTransform
Transforming utils-reflector-4.11.1.jar (org.robolectric:utils-reflector:4.11.1) with IdentityTransform
Transforming plugins-maven-dependency-resolver-4.11.1.jar (org.robolectric:plugins-maven-dependency-resolver:4.11.1) with JetifyTransform
Transforming plugins-maven-dependency-resolver-4.11.1.jar (org.robolectric:plugins-maven-dependency-resolver:4.11.1) with IdentityTransform
Transforming shadows-versioning-4.11.1.jar (org.robolectric:shadows-versioning:4.11.1) with JetifyTransform
Transforming shadows-versioning-4.11.1.jar (org.robolectric:shadows-versioning:4.11.1) with IdentityTransform
Transforming shadowapi-4.11.1.jar (org.robolectric:shadowapi:4.11.1) with JetifyTransform
Transforming shadowapi-4.11.1.jar (org.robolectric:shadowapi:4.11.1) with IdentityTransform
Transforming utils-4.11.1.jar (org.robolectric:utils:4.11.1) with JetifyTransform
Transforming utils-4.11.1.jar (org.robolectric:utils:4.11.1) with IdentityTransform
Transforming pluginapi-4.11.1.jar (org.robolectric:pluginapi:4.11.1) with JetifyTransform
Transforming pluginapi-4.11.1.jar (org.robolectric:pluginapi:4.11.1) with IdentityTransform
Transforming annotations-4.11.1.jar (org.robolectric:annotations:4.11.1) with JetifyTransform
Transforming annotations-4.11.1.jar (org.robolectric:annotations:4.11.1) with IdentityTransform
Transforming javax.inject-1.jar (javax.inject:javax.inject:1) with JetifyTransform
Transforming javax.inject-1.jar (javax.inject:javax.inject:1) with IdentityTransform
Transforming javax.annotation-api-1.3.2.jar (javax.annotation:javax.annotation-api:1.3.2) with JetifyTransform
Transforming javax.annotation-api-1.3.2.jar (javax.annotation:javax.annotation-api:1.3.2) with IdentityTransform
Transforming bcprov-jdk18on-1.76.jar (org.bouncycastle:bcprov-jdk18on:1.76) with JetifyTransform
Transforming bcprov-jdk18on-1.76.jar (org.bouncycastle:bcprov-jdk18on:1.76) with IdentityTransform
Transforming monitor-1.6.1.aar (androidx.test:monitor:1.6.1) with JetifyTransform
Transforming monitor-1.6.1.aar (androidx.test:monitor:1.6.1) with AarToClassTransform
Transforming annotations-13.0.jar (org.jetbrains:annotations:13.0) with JetifyTransform
Transforming annotations-13.0.jar (org.jetbrains:annotations:13.0) with IdentityTransform
Transforming guava-31.1-jre.jar (com.google.guava:guava:31.1-jre) with JetifyTransform
Transforming guava-31.1-jre.jar (com.google.guava:guava:31.1-jre) with IdentityTransform
Transforming auto-value-annotations-1.10.4.jar (com.google.auto.value:auto-value-annotations:1.10.4) with JetifyTransform
Transforming auto-value-annotations-1.10.4.jar (com.google.auto.value:auto-value-annotations:1.10.4) with IdentityTransform
Transforming asm-commons-9.6.jar (org.ow2.asm:asm-commons:9.6) with JetifyTransform
Transforming asm-commons-9.6.jar (org.ow2.asm:asm-commons:9.6) with IdentityTransform
Transforming asm-util-9.6.jar (org.ow2.asm:asm-util:9.6) with JetifyTransform
Transforming asm-util-9.6.jar (org.ow2.asm:asm-util:9.6) with IdentityTransform
Transforming asm-analysis-9.6.jar (org.ow2.asm:asm-analysis:9.6) with JetifyTransform
Transforming asm-analysis-9.6.jar (org.ow2.asm:asm-analysis:9.6) with IdentityTransform
Transforming asm-tree-9.6.jar (org.ow2.asm:asm-tree:9.6) with JetifyTransform
Transforming asm-tree-9.6.jar (org.ow2.asm:asm-tree:9.6) with IdentityTransform
Transforming asm-9.6.jar (org.ow2.asm:asm:9.6) with JetifyTransform
Transforming asm-9.6.jar (org.ow2.asm:asm:9.6) with IdentityTransform
Transforming sqlite4java-1.0.392.jar (com.almworks.sqlite4java:sqlite4java:1.0.392) with JetifyTransform
Transforming sqlite4java-1.0.392.jar (com.almworks.sqlite4java:sqlite4java:1.0.392) with IdentityTransform
Transforming icu4j-73.2.jar (com.ibm.icu:icu4j:73.2) with JetifyTransform
Transforming icu4j-73.2.jar (com.ibm.icu:icu4j:73.2) with IdentityTransform
Transforming failureaccess-1.0.1.jar (com.google.guava:failureaccess:1.0.1) with JetifyTransform
Transforming failureaccess-1.0.1.jar (com.google.guava:failureaccess:1.0.1) with IdentityTransform
Transforming listenablefuture-9999.0-empty-to-avoid-conflict-with-guava.jar (com.google.guava:listenablefuture:9999.0-empty-to-avoid-conflict-with-guava) with JetifyTransform
Transforming listenablefuture-9999.0-empty-to-avoid-conflict-with-guava.jar (com.google.guava:listenablefuture:9999.0-empty-to-avoid-conflict-with-guava) with IdentityTransform
Transforming jsr305-3.0.2.jar (com.google.code.findbugs:jsr305:3.0.2) with JetifyTransform
Transforming jsr305-3.0.2.jar (com.google.code.findbugs:jsr305:3.0.2) with IdentityTransform
Transforming checker-qual-3.12.0.jar (org.checkerframework:checker-qual:3.12.0) with JetifyTransform
Transforming checker-qual-3.12.0.jar (org.checkerframework:checker-qual:3.12.0) with IdentityTransform
Transforming error_prone_annotations-2.11.0.jar (com.google.errorprone:error_prone_annotations:2.11.0) with JetifyTransform
Transforming error_prone_annotations-2.11.0.jar (com.google.errorprone:error_prone_annotations:2.11.0) with IdentityTransform
Transforming j2objc-annotations-1.3.jar (com.google.j2objc:j2objc-annotations:1.3) with JetifyTransform
Transforming j2objc-annotations-1.3.jar (com.google.j2objc:j2objc-annotations:1.3) with IdentityTransform
Transforming objenesis-3.3.jar (org.objenesis:objenesis:3.3) with JetifyTransform
Transforming conscrypt-openjdk-uber-2.5.2.jar (org.conscrypt:conscrypt-openjdk-uber:2.5.2) with JetifyTransform
Transforming objenesis-3.3.jar (org.objenesis:objenesis:3.3) with IdentityTransform
Transforming conscrypt-openjdk-uber-2.5.2.jar (org.conscrypt:conscrypt-openjdk-uber:2.5.2) with IdentityTransform
Transforming constraintlayout-core-1.0.4.jar (androidx.constraintlayout:constraintlayout-core:1.0.4) with JetifyTransform
Transforming error_prone_annotation-2.19.1.jar (com.google.errorprone:error_prone_annotation:2.19.1) with JetifyTransform
Transforming constraintlayout-core-1.0.4.jar (androidx.constraintlayout:constraintlayout-core:1.0.4) with IdentityTransform
Transforming error_prone_annotation-2.19.1.jar (com.google.errorprone:error_prone_annotation:2.19.1) with IdentityTransform
Transforming nativeruntime-dist-compat-1.0.2.jar (org.robolectric:nativeruntime-dist-compat:1.0.2) with JetifyTransform
Transforming nativeruntime-dist-compat-1.0.2.jar (org.robolectric:nativeruntime-dist-compat:1.0.2) with IdentityTransform
file or directory '/app/common/libs', not found
Transforming junit-4.13.2.jar (junit:junit:4.13.2) with JetifyTransform
Transforming junit-4.13.2.jar (junit:junit:4.13.2) with IdentityTransform
Transforming mockito-core-5.11.0.jar (org.mockito:mockito-core:5.11.0) with JetifyTransform
Transforming mockito-core-5.11.0.jar (org.mockito:mockito-core:5.11.0) with IdentityTransform
Transforming robolectric-4.11.1.jar (org.robolectric:robolectric:4.11.1) with JetifyTransform
Transforming robolectric-4.11.1.jar (org.robolectric:robolectric:4.11.1) with IdentityTransform
Transforming constraintlayout-2.1.4.aar (androidx.constraintlayout:constraintlayout:2.1.4) with JetifyTransform
Transforming constraintlayout-2.1.4.aar (androidx.constraintlayout:constraintlayout:2.1.4) with ExtractAarTransform
Transforming constraintlayout-2.1.4.aar (androidx.constraintlayout:constraintlayout:2.1.4) with AarTransform
Transforming appcompat-resources-1.6.1.aar (androidx.appcompat:appcompat-resources:1.6.1) with JetifyTransform
Transforming appcompat-resources-1.6.1.aar (androidx.appcompat:appcompat-resources:1.6.1) with ExtractAarTransform
Transforming appcompat-resources-1.6.1.aar (androidx.appcompat:appcompat-resources:1.6.1) with AarTransform
Transforming preference-ktx-1.2.1.aar (androidx.preference:preference-ktx:1.2.1) with JetifyTransform
Transforming preference-ktx-1.2.1.aar (androidx.preference:preference-ktx:1.2.1) with ExtractAarTransform
Transforming preference-ktx-1.2.1.aar (androidx.preference:preference-ktx:1.2.1) with AarTransform
Transforming preference-1.2.1.aar (androidx.preference:preference:1.2.1) with JetifyTransform
Transforming preference-1.2.1.aar (androidx.preference:preference:1.2.1) with ExtractAarTransform
Transforming preference-1.2.1.aar (androidx.preference:preference:1.2.1) with AarTransform
Transforming appcompat-1.6.1.aar (androidx.appcompat:appcompat:1.6.1) with JetifyTransform
Transforming appcompat-1.6.1.aar (androidx.appcompat:appcompat:1.6.1) with ExtractAarTransform
Transforming appcompat-1.6.1.aar (androidx.appcompat:appcompat:1.6.1) with AarTransform
Transforming fragment-ktx-1.3.6.aar (androidx.fragment:fragment-ktx:1.3.6) with JetifyTransform
Transforming fragment-ktx-1.3.6.aar (androidx.fragment:fragment-ktx:1.3.6) with ExtractAarTransform
Transforming fragment-ktx-1.3.6.aar (androidx.fragment:fragment-ktx:1.3.6) with AarTransform
Transforming fragment-1.3.6.aar (androidx.fragment:fragment:1.3.6) with JetifyTransform
Transforming fragment-1.3.6.aar (androidx.fragment:fragment:1.3.6) with ExtractAarTransform
Transforming fragment-1.3.6.aar (androidx.fragment:fragment:1.3.6) with AarTransform
Transforming activity-ktx-1.6.0.aar (androidx.activity:activity-ktx:1.6.0) with JetifyTransform
Transforming activity-ktx-1.6.0.aar (androidx.activity:activity-ktx:1.6.0) with ExtractAarTransform
Transforming activity-ktx-1.6.0.aar (androidx.activity:activity-ktx:1.6.0) with AarTransform
Transforming activity-1.6.0.aar (androidx.activity:activity:1.6.0) with JetifyTransform
Transforming activity-1.6.0.aar (androidx.activity:activity:1.6.0) with ExtractAarTransform
Transforming activity-1.6.0.aar (androidx.activity:activity:1.6.0) with AarTransform
Transforming recyclerview-1.0.0.aar (androidx.recyclerview:recyclerview:1.0.0) with JetifyTransform
Transforming recyclerview-1.0.0.aar (androidx.recyclerview:recyclerview:1.0.0) with ExtractAarTransform
Transforming recyclerview-1.0.0.aar (androidx.recyclerview:recyclerview:1.0.0) with AarTransform
Transforming legacy-support-core-ui-1.0.0.aar (androidx.legacy:legacy-support-core-ui:1.0.0) with JetifyTransform
Transforming legacy-support-core-ui-1.0.0.aar (androidx.legacy:legacy-support-core-ui:1.0.0) with ExtractAarTransform
Transforming legacy-support-core-ui-1.0.0.aar (androidx.legacy:legacy-support-core-ui:1.0.0) with AarTransform
Transforming drawerlayout-1.0.0.aar (androidx.drawerlayout:drawerlayout:1.0.0) with JetifyTransform
Transforming drawerlayout-1.0.0.aar (androidx.drawerlayout:drawerlayout:1.0.0) with ExtractAarTransform
Transforming drawerlayout-1.0.0.aar (androidx.drawerlayout:drawerlayout:1.0.0) with AarTransform
Transforming drawerlayout-1.0.0.aar (androidx.drawerlayout:drawerlayout:1.0.0) with JetifyTransform
Transforming drawerlayout-1.0.0.aar (androidx.drawerlayout:drawerlayout:1.0.0) with ExtractAarTransform
Transforming drawerlayout-1.0.0.aar (androidx.drawerlayout:drawerlayout:1.0.0) with AarTransform
Transforming emoji2-views-helper-1.2.0.aar (androidx.emoji2:emoji2-views-helper:1.2.0) with JetifyTransform
Transforming emoji2-views-helper-1.2.0.aar (androidx.emoji2:emoji2-views-helper:1.2.0) with ExtractAarTransform
Transforming emoji2-views-helper-1.2.0.aar (androidx.emoji2:emoji2-views-helper:1.2.0) with AarTransform
Transforming emoji2-1.2.0.aar (androidx.emoji2:emoji2:1.2.0) with JetifyTransform
Transforming emoji2-1.2.0.aar (androidx.emoji2:emoji2:1.2.0) with ExtractAarTransform
Transforming emoji2-1.2.0.aar (androidx.emoji2:emoji2:1.2.0) with AarTransform
Transforming vectordrawable-animated-1.1.0.aar (androidx.vectordrawable:vectordrawable-animated:1.1.0) with JetifyTransform
Transforming vectordrawable-animated-1.1.0.aar (androidx.vectordrawable:vectordrawable-animated:1.1.0) with ExtractAarTransform
Transforming vectordrawable-animated-1.1.0.aar (androidx.vectordrawable:vectordrawable-animated:1.1.0) with AarTransform
Transforming vectordrawable-1.1.0.aar (androidx.vectordrawable:vectordrawable:1.1.0) with JetifyTransform
Transforming vectordrawable-1.1.0.aar (androidx.vectordrawable:vectordrawable:1.1.0) with ExtractAarTransform
Transforming vectordrawable-1.1.0.aar (androidx.vectordrawable:vectordrawable:1.1.0) with AarTransform
Transforming vectordrawable-1.1.0.aar (androidx.vectordrawable:vectordrawable:1.1.0) with JetifyTransform
Transforming vectordrawable-1.1.0.aar (androidx.vectordrawable:vectordrawable:1.1.0) with ExtractAarTransform
Transforming vectordrawable-1.1.0.aar (androidx.vectordrawable:vectordrawable:1.1.0) with AarTransform
Transforming viewpager-1.0.0.aar (androidx.viewpager:viewpager:1.0.0) with JetifyTransform
Transforming viewpager-1.0.0.aar (androidx.viewpager:viewpager:1.0.0) with ExtractAarTransform
Transforming viewpager-1.0.0.aar (androidx.viewpager:viewpager:1.0.0) with AarTransform
Transforming viewpager-1.0.0.aar (androidx.viewpager:viewpager:1.0.0) with JetifyTransform
Transforming viewpager-1.0.0.aar (androidx.viewpager:viewpager:1.0.0) with ExtractAarTransform
Transforming viewpager-1.0.0.aar (androidx.viewpager:viewpager:1.0.0) with AarTransform
Transforming legacy-support-core-utils-1.0.0.aar (androidx.legacy:legacy-support-core-utils:1.0.0) with JetifyTransform
Transforming legacy-support-core-utils-1.0.0.aar (androidx.legacy:legacy-support-core-utils:1.0.0) with ExtractAarTransform
Transforming legacy-support-core-utils-1.0.0.aar (androidx.legacy:legacy-support-core-utils:1.0.0) with AarTransform
Transforming loader-1.0.0.aar (androidx.loader:loader:1.0.0) with JetifyTransform
Transforming loader-1.0.0.aar (androidx.loader:loader:1.0.0) with ExtractAarTransform
Transforming loader-1.0.0.aar (androidx.loader:loader:1.0.0) with AarTransform
Transforming loader-1.0.0.aar (androidx.loader:loader:1.0.0) with JetifyTransform
Transforming loader-1.0.0.aar (androidx.loader:loader:1.0.0) with ExtractAarTransform
Transforming loader-1.0.0.aar (androidx.loader:loader:1.0.0) with AarTransform
Transforming slidingpanelayout-1.2.0.aar (androidx.slidingpanelayout:slidingpanelayout:1.2.0) with JetifyTransform
Transforming slidingpanelayout-1.2.0.aar (androidx.slidingpanelayout:slidingpanelayout:1.2.0) with ExtractAarTransform
Transforming slidingpanelayout-1.2.0.aar (androidx.slidingpanelayout:slidingpanelayout:1.2.0) with AarTransform
Transforming slidingpanelayout-1.2.0.aar (androidx.slidingpanelayout:slidingpanelayout:1.2.0) with JetifyTransform
Transforming slidingpanelayout-1.2.0.aar (androidx.slidingpanelayout:slidingpanelayout:1.2.0) with ExtractAarTransform
Transforming slidingpanelayout-1.2.0.aar (androidx.slidingpanelayout:slidingpanelayout:1.2.0) with AarTransform
Transforming coordinatorlayout-1.0.0.aar (androidx.coordinatorlayout:coordinatorlayout:1.0.0) with JetifyTransform
Transforming coordinatorlayout-1.0.0.aar (androidx.coordinatorlayout:coordinatorlayout:1.0.0) with ExtractAarTransform
Transforming coordinatorlayout-1.0.0.aar (androidx.coordinatorlayout:coordinatorlayout:1.0.0) with AarTransform
Transforming customview-1.1.0.aar (androidx.customview:customview:1.1.0) with JetifyTransform
Transforming customview-1.1.0.aar (androidx.customview:customview:1.1.0) with ExtractAarTransform
Transforming customview-1.1.0.aar (androidx.customview:customview:1.1.0) with AarTransform
Transforming customview-1.1.0.aar (androidx.customview:customview:1.1.0) with JetifyTransform
Transforming customview-1.1.0.aar (androidx.customview:customview:1.1.0) with ExtractAarTransform
Transforming customview-1.1.0.aar (androidx.customview:customview:1.1.0) with AarTransform
Transforming window-1.0.0.aar (androidx.window:window:1.0.0) with JetifyTransform
Transforming window-1.0.0.aar (androidx.window:window:1.0.0) with ExtractAarTransform
Transforming window-1.0.0.aar (androidx.window:window:1.0.0) with AarTransform
Transforming transition-1.4.1.aar (androidx.transition:transition:1.4.1) with JetifyTransform
Transforming transition-1.4.1.aar (androidx.transition:transition:1.4.1) with ExtractAarTransform
Transforming transition-1.4.1.aar (androidx.transition:transition:1.4.1) with AarTransform
Transforming swiperefreshlayout-1.0.0.aar (androidx.swiperefreshlayout:swiperefreshlayout:1.0.0) with JetifyTransform
Transforming swiperefreshlayout-1.0.0.aar (androidx.swiperefreshlayout:swiperefreshlayout:1.0.0) with ExtractAarTransform
Transforming swiperefreshlayout-1.0.0.aar (androidx.swiperefreshlayout:swiperefreshlayout:1.0.0) with AarTransform
Transforming asynclayoutinflater-1.0.0.aar (androidx.asynclayoutinflater:asynclayoutinflater:1.0.0) with JetifyTransform
Transforming asynclayoutinflater-1.0.0.aar (androidx.asynclayoutinflater:asynclayoutinflater:1.0.0) with ExtractAarTransform
Transforming asynclayoutinflater-1.0.0.aar (androidx.asynclayoutinflater:asynclayoutinflater:1.0.0) with AarTransform
Transforming core-1.12.0.aar (androidx.core:core:1.12.0) with JetifyTransform
Transforming core-1.12.0.aar (androidx.core:core:1.12.0) with ExtractAarTransform
Transforming core-1.12.0.aar (androidx.core:core:1.12.0) with AarTransform
Transforming core-1.12.0.aar (androidx.core:core:1.12.0) with JetifyTransform
Transforming core-1.12.0.aar (androidx.core:core:1.12.0) with ExtractAarTransform
Transforming core-1.12.0.aar (androidx.core:core:1.12.0) with AarTransform
Transforming lifecycle-viewmodel-ktx-2.5.1.aar (androidx.lifecycle:lifecycle-viewmodel-ktx:2.5.1) with JetifyTransform
Transforming lifecycle-viewmodel-ktx-2.5.1.aar (androidx.lifecycle:lifecycle-viewmodel-ktx:2.5.1) with ExtractAarTransform
Transforming lifecycle-viewmodel-ktx-2.5.1.aar (androidx.lifecycle:lifecycle-viewmodel-ktx:2.5.1) with AarTransform
Transforming lifecycle-viewmodel-2.5.1.aar (androidx.lifecycle:lifecycle-viewmodel:2.5.1) with JetifyTransform
Transforming lifecycle-viewmodel-2.5.1.aar (androidx.lifecycle:lifecycle-viewmodel:2.5.1) with ExtractAarTransform
Transforming lifecycle-viewmodel-2.5.1.aar (androidx.lifecycle:lifecycle-viewmodel:2.5.1) with AarTransform
Transforming lifecycle-viewmodel-2.5.1.aar (androidx.lifecycle:lifecycle-viewmodel:2.5.1) with JetifyTransform
Transforming lifecycle-viewmodel-2.5.1.aar (androidx.lifecycle:lifecycle-viewmodel:2.5.1) with ExtractAarTransform
Transforming lifecycle-viewmodel-2.5.1.aar (androidx.lifecycle:lifecycle-viewmodel:2.5.1) with AarTransform
Transforming lifecycle-viewmodel-savedstate-2.5.1.aar (androidx.lifecycle:lifecycle-viewmodel-savedstate:2.5.1) with JetifyTransform
Transforming lifecycle-viewmodel-savedstate-2.5.1.aar (androidx.lifecycle:lifecycle-viewmodel-savedstate:2.5.1) with ExtractAarTransform
Transforming lifecycle-viewmodel-savedstate-2.5.1.aar (androidx.lifecycle:lifecycle-viewmodel-savedstate:2.5.1) with AarTransform
Transforming core-ktx-1.12.0.aar (androidx.core:core-ktx:1.12.0) with JetifyTransform
Transforming core-ktx-1.12.0.aar (androidx.core:core-ktx:1.12.0) with ExtractAarTransform
Transforming core-ktx-1.12.0.aar (androidx.core:core-ktx:1.12.0) with AarTransform
Transforming localbroadcastmanager-1.1.0.aar (androidx.localbroadcastmanager:localbroadcastmanager:1.1.0) with JetifyTransform
Transforming localbroadcastmanager-1.1.0.aar (androidx.localbroadcastmanager:localbroadcastmanager:1.1.0) with ExtractAarTransform
Transforming localbroadcastmanager-1.1.0.aar (androidx.localbroadcastmanager:localbroadcastmanager:1.1.0) with AarTransform
Transforming localbroadcastmanager-1.1.0.aar (androidx.localbroadcastmanager:localbroadcastmanager:1.1.0) with JetifyTransform
Transforming localbroadcastmanager-1.1.0.aar (androidx.localbroadcastmanager:localbroadcastmanager:1.1.0) with ExtractAarTransform
Transforming localbroadcastmanager-1.1.0.aar (androidx.localbroadcastmanager:localbroadcastmanager:1.1.0) with AarTransform
Transforming flatbuffers-java-23.5.26.jar (com.google.flatbuffers:flatbuffers-java:23.5.26) with JetifyTransform
Transforming flatbuffers-java-23.5.26.jar (com.google.flatbuffers:flatbuffers-java:23.5.26) with IdentityTransform
Transforming usb-serial-for-android-3.7.0.aar (com.github.mik3y:usb-serial-for-android:3.7.0) with JetifyTransform
Transforming usb-serial-for-android-3.7.0.aar (com.github.mik3y:usb-serial-for-android:3.7.0) with ExtractAarTransform
Transforming usb-serial-for-android-3.7.0.aar (com.github.mik3y:usb-serial-for-android:3.7.0) with AarTransform
Transforming savedstate-ktx-1.2.0.aar (androidx.savedstate:savedstate-ktx:1.2.0) with JetifyTransform
Transforming savedstate-ktx-1.2.0.aar (androidx.savedstate:savedstate-ktx:1.2.0) with ExtractAarTransform
Transforming savedstate-ktx-1.2.0.aar (androidx.savedstate:savedstate-ktx:1.2.0) with AarTransform
Transforming savedstate-1.2.0.aar (androidx.savedstate:savedstate:1.2.0) with JetifyTransform
Transforming savedstate-1.2.0.aar (androidx.savedstate:savedstate:1.2.0) with ExtractAarTransform
Transforming savedstate-1.2.0.aar (androidx.savedstate:savedstate:1.2.0) with AarTransform
Transforming annotation-experimental-1.3.0.aar (androidx.annotation:annotation-experimental:1.3.0) with JetifyTransform
Transforming annotation-experimental-1.3.0.aar (androidx.annotation:annotation-experimental:1.3.0) with ExtractAarTransform
Transforming annotation-experimental-1.3.0.aar (androidx.annotation:annotation-experimental:1.3.0) with AarTransform
Transforming collection-ktx-1.1.0.jar (androidx.collection:collection-ktx:1.1.0) with JetifyTransform
Transforming collection-ktx-1.1.0.jar (androidx.collection:collection-ktx:1.1.0) with IdentityTransform
Transforming lifecycle-livedata-core-ktx-2.3.1.aar (androidx.lifecycle:lifecycle-livedata-core-ktx:2.3.1) with JetifyTransform
Transforming lifecycle-livedata-core-ktx-2.3.1.aar (androidx.lifecycle:lifecycle-livedata-core-ktx:2.3.1) with ExtractAarTransform
Transforming lifecycle-livedata-core-ktx-2.3.1.aar (androidx.lifecycle:lifecycle-livedata-core-ktx:2.3.1) with AarTransform
Transforming shadows-framework-4.11.1.jar (org.robolectric:shadows-framework:4.11.1) with JetifyTransform
Transforming shadows-framework-4.11.1.jar (org.robolectric:shadows-framework:4.11.1) with IdentityTransform
Transforming cursoradapter-1.0.0.aar (androidx.cursoradapter:cursoradapter:1.0.0) with JetifyTransform
Transforming cursoradapter-1.0.0.aar (androidx.cursoradapter:cursoradapter:1.0.0) with ExtractAarTransform
Transforming cursoradapter-1.0.0.aar (androidx.cursoradapter:cursoradapter:1.0.0) with AarTransform
Transforming cursoradapter-1.0.0.aar (androidx.cursoradapter:cursoradapter:1.0.0) with JetifyTransform
Transforming cursoradapter-1.0.0.aar (androidx.cursoradapter:cursoradapter:1.0.0) with ExtractAarTransform
Transforming cursoradapter-1.0.0.aar (androidx.cursoradapter:cursoradapter:1.0.0) with AarTransform
Transforming lifecycle-process-2.4.1.aar (androidx.lifecycle:lifecycle-process:2.4.1) with JetifyTransform
Transforming lifecycle-process-2.4.1.aar (androidx.lifecycle:lifecycle-process:2.4.1) with ExtractAarTransform
Transforming lifecycle-process-2.4.1.aar (androidx.lifecycle:lifecycle-process:2.4.1) with AarTransform
Transforming lifecycle-runtime-ktx-2.5.1.aar (androidx.lifecycle:lifecycle-runtime-ktx:2.5.1) with JetifyTransform
Transforming lifecycle-runtime-ktx-2.5.1.aar (androidx.lifecycle:lifecycle-runtime-ktx:2.5.1) with ExtractAarTransform
Transforming lifecycle-runtime-ktx-2.5.1.aar (androidx.lifecycle:lifecycle-runtime-ktx:2.5.1) with AarTransform
Transforming lifecycle-runtime-2.5.1.aar (androidx.lifecycle:lifecycle-runtime:2.5.1) with JetifyTransform
Transforming lifecycle-runtime-2.5.1.aar (androidx.lifecycle:lifecycle-runtime:2.5.1) with ExtractAarTransform
Transforming lifecycle-runtime-2.5.1.aar (androidx.lifecycle:lifecycle-runtime:2.5.1) with AarTransform
Transforming resourceinspection-annotation-1.0.1.jar (androidx.resourceinspection:resourceinspection-annotation:1.0.1) with JetifyTransform
Transforming resourceinspection-annotation-1.0.1.jar (androidx.resourceinspection:resourceinspection-annotation:1.0.1) with IdentityTransform
Transforming concurrent-futures-1.0.0.jar (androidx.concurrent:concurrent-futures:1.0.0) with JetifyTransform
Transforming concurrent-futures-1.0.0.jar (androidx.concurrent:concurrent-futures:1.0.0) with IdentityTransform
Transforming interpolator-1.0.0.aar (androidx.interpolator:interpolator:1.0.0) with JetifyTransform
Transforming interpolator-1.0.0.aar (androidx.interpolator:interpolator:1.0.0) with ExtractAarTransform
Transforming interpolator-1.0.0.aar (androidx.interpolator:interpolator:1.0.0) with AarTransform
Transforming interpolator-1.0.0.aar (androidx.interpolator:interpolator:1.0.0) with JetifyTransform
Transforming interpolator-1.0.0.aar (androidx.interpolator:interpolator:1.0.0) with ExtractAarTransform
Transforming interpolator-1.0.0.aar (androidx.interpolator:interpolator:1.0.0) with AarTransform
Transforming versionedparcelable-1.1.1.aar (androidx.versionedparcelable:versionedparcelable:1.1.1) with JetifyTransform
Transforming versionedparcelable-1.1.1.aar (androidx.versionedparcelable:versionedparcelable:1.1.1) with ExtractAarTransform
Transforming versionedparcelable-1.1.1.aar (androidx.versionedparcelable:versionedparcelable:1.1.1) with AarTransform
Transforming startup-runtime-1.1.1.aar (androidx.startup:startup-runtime:1.1.1) with JetifyTransform
Transforming startup-runtime-1.1.1.aar (androidx.startup:startup-runtime:1.1.1) with ExtractAarTransform
Transforming startup-runtime-1.1.1.aar (androidx.startup:startup-runtime:1.1.1) with AarTransform
Transforming tracing-1.0.0.aar (androidx.tracing:tracing:1.0.0) with JetifyTransform
Transforming tracing-1.0.0.aar (androidx.tracing:tracing:1.0.0) with ExtractAarTransform
Transforming tracing-1.0.0.aar (androidx.tracing:tracing:1.0.0) with AarTransform
Transforming collection-1.1.0.jar (androidx.collection:collection:1.1.0) with JetifyTransform
Transforming collection-1.1.0.jar (androidx.collection:collection:1.1.0) with IdentityTransform
Transforming lifecycle-livedata-2.0.0.aar (androidx.lifecycle:lifecycle-livedata:2.0.0) with JetifyTransform
Transforming lifecycle-livedata-2.0.0.aar (androidx.lifecycle:lifecycle-livedata:2.0.0) with ExtractAarTransform
Transforming lifecycle-livedata-2.0.0.aar (androidx.lifecycle:lifecycle-livedata:2.0.0) with AarTransform
Transforming lifecycle-livedata-core-2.5.1.aar (androidx.lifecycle:lifecycle-livedata-core:2.5.1) with JetifyTransform
Transforming lifecycle-livedata-core-2.5.1.aar (androidx.lifecycle:lifecycle-livedata-core:2.5.1) with ExtractAarTransform
Transforming lifecycle-livedata-core-2.5.1.aar (androidx.lifecycle:lifecycle-livedata-core:2.5.1) with AarTransform
Transforming lifecycle-livedata-core-2.5.1.aar (androidx.lifecycle:lifecycle-livedata-core:2.5.1) with JetifyTransform
Transforming lifecycle-livedata-core-2.5.1.aar (androidx.lifecycle:lifecycle-livedata-core:2.5.1) with ExtractAarTransform
Transforming lifecycle-livedata-core-2.5.1.aar (androidx.lifecycle:lifecycle-livedata-core:2.5.1) with AarTransform
Transforming core-runtime-2.1.0.aar (androidx.arch.core:core-runtime:2.1.0) with JetifyTransform
Transforming core-runtime-2.1.0.aar (androidx.arch.core:core-runtime:2.1.0) with ExtractAarTransform
Transforming core-runtime-2.1.0.aar (androidx.arch.core:core-runtime:2.1.0) with AarTransform
Transforming core-runtime-2.1.0.aar (androidx.arch.core:core-runtime:2.1.0) with JetifyTransform
Transforming core-runtime-2.1.0.aar (androidx.arch.core:core-runtime:2.1.0) with ExtractAarTransform
Transforming core-runtime-2.1.0.aar (androidx.arch.core:core-runtime:2.1.0) with AarTransform
Transforming core-common-2.1.0.jar (androidx.arch.core:core-common:2.1.0) with JetifyTransform
Transforming core-common-2.1.0.jar (androidx.arch.core:core-common:2.1.0) with IdentityTransform
Transforming lifecycle-common-2.5.1.jar (androidx.lifecycle:lifecycle-common:2.5.1) with JetifyTransform
Transforming lifecycle-common-2.5.1.jar (androidx.lifecycle:lifecycle-common:2.5.1) with IdentityTransform
Transforming documentfile-1.0.0.aar (androidx.documentfile:documentfile:1.0.0) with JetifyTransform
Transforming documentfile-1.0.0.aar (androidx.documentfile:documentfile:1.0.0) with ExtractAarTransform
Transforming documentfile-1.0.0.aar (androidx.documentfile:documentfile:1.0.0) with AarTransform
Transforming print-1.0.0.aar (androidx.print:print:1.0.0) with JetifyTransform
Transforming print-1.0.0.aar (androidx.print:print:1.0.0) with ExtractAarTransform
Transforming print-1.0.0.aar (androidx.print:print:1.0.0) with AarTransform
Transforming annotation-jvm-1.6.0.jar (androidx.annotation:annotation-jvm:1.6.0) with JetifyTransform
Transforming annotation-jvm-1.6.0.jar (androidx.annotation:annotation-jvm:1.6.0) with IdentityTransform
Transforming kotlinx-coroutines-core-jvm-1.6.1.jar (org.jetbrains.kotlinx:kotlinx-coroutines-core-jvm:1.6.1) with JetifyTransform
Transforming kotlinx-coroutines-core-jvm-1.6.1.jar (org.jetbrains.kotlinx:kotlinx-coroutines-core-jvm:1.6.1) with IdentityTransform
Transforming kotlinx-coroutines-android-1.6.1.jar (org.jetbrains.kotlinx:kotlinx-coroutines-android:1.6.1) with JetifyTransform
Transforming kotlinx-coroutines-android-1.6.1.jar (org.jetbrains.kotlinx:kotlinx-coroutines-android:1.6.1) with IdentityTransform
Transforming kotlin-stdlib-jdk8-1.8.0.jar (org.jetbrains.kotlin:kotlin-stdlib-jdk8:1.8.0) with JetifyTransform
Transforming kotlin-stdlib-jdk8-1.8.0.jar (org.jetbrains.kotlin:kotlin-stdlib-jdk8:1.8.0) with IdentityTransform
Transforming kotlin-stdlib-jdk7-1.8.0.jar (org.jetbrains.kotlin:kotlin-stdlib-jdk7:1.8.0) with JetifyTransform
Transforming kotlin-stdlib-jdk7-1.8.0.jar (org.jetbrains.kotlin:kotlin-stdlib-jdk7:1.8.0) with IdentityTransform
Transforming kotlin-stdlib-1.9.22.jar (org.jetbrains.kotlin:kotlin-stdlib:1.9.22) with JetifyTransform
Transforming kotlin-stdlib-1.9.22.jar (org.jetbrains.kotlin:kotlin-stdlib:1.9.22) with IdentityTransform
Transforming hamcrest-core-1.3.jar (org.hamcrest:hamcrest-core:1.3) with JetifyTransform
Transforming hamcrest-core-1.3.jar (org.hamcrest:hamcrest-core:1.3) with IdentityTransform
Transforming byte-buddy-1.14.12.jar (net.bytebuddy:byte-buddy:1.14.12) with JetifyTransform
Transforming byte-buddy-1.14.12.jar (net.bytebuddy:byte-buddy:1.14.12) with IdentityTransform
Transforming byte-buddy-agent-1.14.12.jar (net.bytebuddy:byte-buddy-agent:1.14.12) with JetifyTransform
Transforming byte-buddy-agent-1.14.12.jar (net.bytebuddy:byte-buddy-agent:1.14.12) with IdentityTransform
Transforming objenesis-3.3.jar (org.objenesis:objenesis:3.3) with JetifyTransform
Transforming objenesis-3.3.jar (org.objenesis:objenesis:3.3) with IdentityTransform
Transforming conscrypt-openjdk-uber-2.5.2.jar (org.conscrypt:conscrypt-openjdk-uber:2.5.2) with JetifyTransform
Transforming conscrypt-openjdk-uber-2.5.2.jar (org.conscrypt:conscrypt-openjdk-uber:2.5.2) with IdentityTransform
Transforming espresso-idling-resource-3.5.1.aar (androidx.test.espresso:espresso-idling-resource:3.5.1) with JetifyTransform
Transforming espresso-idling-resource-3.5.1.aar (androidx.test.espresso:espresso-idling-resource:3.5.1) with ExtractAarTransform
Transforming espresso-idling-resource-3.5.1.aar (androidx.test.espresso:espresso-idling-resource:3.5.1) with AarTransform
Transforming junit-4.11.1.jar (org.robolectric:junit:4.11.1) with JetifyTransform
Transforming junit-4.11.1.jar (org.robolectric:junit:4.11.1) with IdentityTransform
Transforming resources-4.11.1.jar (org.robolectric:resources:4.11.1) with JetifyTransform
Transforming resources-4.11.1.jar (org.robolectric:resources:4.11.1) with IdentityTransform
Transforming sandbox-4.11.1.jar (org.robolectric:sandbox:4.11.1) with JetifyTransform
Transforming sandbox-4.11.1.jar (org.robolectric:sandbox:4.11.1) with IdentityTransform
Transforming nativeruntime-4.11.1.jar (org.robolectric:nativeruntime:4.11.1) with JetifyTransform
Transforming nativeruntime-4.11.1.jar (org.robolectric:nativeruntime:4.11.1) with IdentityTransform
Transforming utils-reflector-4.11.1.jar (org.robolectric:utils-reflector:4.11.1) with JetifyTransform
Transforming utils-reflector-4.11.1.jar (org.robolectric:utils-reflector:4.11.1) with IdentityTransform
Transforming plugins-maven-dependency-resolver-4.11.1.jar (org.robolectric:plugins-maven-dependency-resolver:4.11.1) with JetifyTransform
Transforming plugins-maven-dependency-resolver-4.11.1.jar (org.robolectric:plugins-maven-dependency-resolver:4.11.1) with IdentityTransform
Transforming shadows-versioning-4.11.1.jar (org.robolectric:shadows-versioning:4.11.1) with JetifyTransform
Transforming shadows-versioning-4.11.1.jar (org.robolectric:shadows-versioning:4.11.1) with IdentityTransform
Transforming shadowapi-4.11.1.jar (org.robolectric:shadowapi:4.11.1) with JetifyTransform
Transforming shadowapi-4.11.1.jar (org.robolectric:shadowapi:4.11.1) with IdentityTransform
Transforming utils-4.11.1.jar (org.robolectric:utils:4.11.1) with JetifyTransform
Transforming utils-4.11.1.jar (org.robolectric:utils:4.11.1) with IdentityTransform
Transforming pluginapi-4.11.1.jar (org.robolectric:pluginapi:4.11.1) with JetifyTransform
Transforming pluginapi-4.11.1.jar (org.robolectric:pluginapi:4.11.1) with IdentityTransform
Transforming annotations-4.11.1.jar (org.robolectric:annotations:4.11.1) with JetifyTransform
Transforming annotations-4.11.1.jar (org.robolectric:annotations:4.11.1) with IdentityTransform
Transforming javax.inject-1.jar (javax.inject:javax.inject:1) with JetifyTransform
Transforming javax.inject-1.jar (javax.inject:javax.inject:1) with IdentityTransform
Transforming javax.annotation-api-1.3.2.jar (javax.annotation:javax.annotation-api:1.3.2) with JetifyTransform
Transforming javax.annotation-api-1.3.2.jar (javax.annotation:javax.annotation-api:1.3.2) with IdentityTransform
Transforming bcprov-jdk18on-1.76.jar (org.bouncycastle:bcprov-jdk18on:1.76) with JetifyTransform
Transforming bcprov-jdk18on-1.76.jar (org.bouncycastle:bcprov-jdk18on:1.76) with IdentityTransform
Transforming monitor-1.6.1.aar (androidx.test:monitor:1.6.1) with JetifyTransform
Transforming monitor-1.6.1.aar (androidx.test:monitor:1.6.1) with ExtractAarTransform
Transforming monitor-1.6.1.aar (androidx.test:monitor:1.6.1) with AarTransform
Transforming constraintlayout-core-1.0.4.jar (androidx.constraintlayout:constraintlayout-core:1.0.4) with JetifyTransform
Transforming constraintlayout-core-1.0.4.jar (androidx.constraintlayout:constraintlayout-core:1.0.4) with IdentityTransform
Transforming annotations-13.0.jar (org.jetbrains:annotations:13.0) with JetifyTransform
Transforming annotations-13.0.jar (org.jetbrains:annotations:13.0) with IdentityTransform
Transforming error_prone_annotation-2.19.1.jar (com.google.errorprone:error_prone_annotation:2.19.1) with JetifyTransform
Transforming error_prone_annotation-2.19.1.jar (com.google.errorprone:error_prone_annotation:2.19.1) with IdentityTransform
Transforming guava-31.1-jre.jar (com.google.guava:guava:31.1-jre) with JetifyTransform
Transforming guava-31.1-jre.jar (com.google.guava:guava:31.1-jre) with IdentityTransform
Transforming auto-value-annotations-1.10.4.jar (com.google.auto.value:auto-value-annotations:1.10.4) with JetifyTransform
Transforming auto-value-annotations-1.10.4.jar (com.google.auto.value:auto-value-annotations:1.10.4) with IdentityTransform
Transforming asm-commons-9.6.jar (org.ow2.asm:asm-commons:9.6) with JetifyTransform
Transforming asm-commons-9.6.jar (org.ow2.asm:asm-commons:9.6) with IdentityTransform
Transforming asm-util-9.6.jar (org.ow2.asm:asm-util:9.6) with JetifyTransform
Transforming asm-util-9.6.jar (org.ow2.asm:asm-util:9.6) with IdentityTransform
Transforming asm-analysis-9.6.jar (org.ow2.asm:asm-analysis:9.6) with JetifyTransform
Transforming asm-analysis-9.6.jar (org.ow2.asm:asm-analysis:9.6) with IdentityTransform
Transforming asm-tree-9.6.jar (org.ow2.asm:asm-tree:9.6) with JetifyTransform
Transforming asm-tree-9.6.jar (org.ow2.asm:asm-tree:9.6) with IdentityTransform
Transforming asm-9.6.jar (org.ow2.asm:asm:9.6) with JetifyTransform
Transforming asm-9.6.jar (org.ow2.asm:asm:9.6) with IdentityTransform
Transforming sqlite4java-1.0.392.jar (com.almworks.sqlite4java:sqlite4java:1.0.392) with JetifyTransform
Transforming sqlite4java-1.0.392.jar (com.almworks.sqlite4java:sqlite4java:1.0.392) with IdentityTransform
Transforming icu4j-73.2.jar (com.ibm.icu:icu4j:73.2) with JetifyTransform
Transforming icu4j-73.2.jar (com.ibm.icu:icu4j:73.2) with IdentityTransform
Transforming failureaccess-1.0.1.jar (com.google.guava:failureaccess:1.0.1) with JetifyTransform
Transforming failureaccess-1.0.1.jar (com.google.guava:failureaccess:1.0.1) with IdentityTransform
Transforming listenablefuture-9999.0-empty-to-avoid-conflict-with-guava.jar (com.google.guava:listenablefuture:9999.0-empty-to-avoid-conflict-with-guava) with JetifyTransform
Transforming listenablefuture-9999.0-empty-to-avoid-conflict-with-guava.jar (com.google.guava:listenablefuture:9999.0-empty-to-avoid-conflict-with-guava) with IdentityTransform
Transforming jsr305-3.0.2.jar (com.google.code.findbugs:jsr305:3.0.2) with JetifyTransform
Transforming jsr305-3.0.2.jar (com.google.code.findbugs:jsr305:3.0.2) with IdentityTransform
Transforming checker-qual-3.12.0.jar (org.checkerframework:checker-qual:3.12.0) with JetifyTransform
Transforming checker-qual-3.12.0.jar (org.checkerframework:checker-qual:3.12.0) with IdentityTransform
Transforming error_prone_annotations-2.11.0.jar (com.google.errorprone:error_prone_annotations:2.11.0) with JetifyTransform
Transforming error_prone_annotations-2.11.0.jar (com.google.errorprone:error_prone_annotations:2.11.0) with IdentityTransform
Transforming j2objc-annotations-1.3.jar (com.google.j2objc:j2objc-annotations:1.3) with JetifyTransform
Transforming j2objc-annotations-1.3.jar (com.google.j2objc:j2objc-annotations:1.3) with IdentityTransform
Transforming nativeruntime-dist-compat-1.0.2.jar (org.robolectric:nativeruntime-dist-compat:1.0.2) with JetifyTransform
Transforming nativeruntime-dist-compat-1.0.2.jar (org.robolectric:nativeruntime-dist-compat:1.0.2) with IdentityTransform
Transforming android.jar with MockableJarTransform
file or directory '/app/common/libs', not found
file or directory '/app/common/libs', not found
Transforming android.jar with MockableJarTransform
Caching disabled for task ':common:testDebugUnitTest' because:
  Build cache is disabled
Skipping task ':common:testDebugUnitTest' as it is up-to-date.

Deprecated Gradle features were used in this build, making it incompatible with Gradle 9.0.

You can use '--warning-mode all' to show the individual deprecation warnings and determine if they come from your own scripts or plugins.

For more on this, please refer to https://docs.gradle.org/8.10.2/userguide/command_line_interface.html#sec:command_line_warnings in the Gradle documentation.

BUILD SUCCESSFUL in 1s
16 actionable tasks: 1 executed, 15 up-to-date
Some of the file system contents retained in the virtual file system are on file systems that Gradle doesn't support watching. The relevant state was discarded to ensure changes to these locations are properly detected. You can override this by explicitly enabling file system watching.
